Component: ARM Compiler 5.06 update 6 (build 750) Tool: armlink [4d35ed]

==============================================================================

Section Cross References

    my_chassis_control.o(i.Random_CHASSIS) refers to m3508.o(.bss) for M3508s
    my_chassis_control.o(i.Random_CHASSIS) refers to my_chassis_control.o(.data) for RANDOM_CHASSIS
    my_cloud_control.o(i.PITCH_PID) refers to dflti.o(.text) for __aeabi_i2d
    my_cloud_control.o(i.PITCH_PID) refers to dmul.o(.text) for __aeabi_dmul
    my_cloud_control.o(i.PITCH_PID) refers to ddiv.o(.text) for __aeabi_ddiv
    my_cloud_control.o(i.PITCH_PID) refers to f2d.o(.text) for __aeabi_f2d
    my_cloud_control.o(i.PITCH_PID) refers to dadd.o(.text) for __aeabi_dadd
    my_cloud_control.o(i.PITCH_PID) refers to d2f.o(.text) for __aeabi_d2f
    my_cloud_control.o(i.PITCH_PID) refers to my_positionpid_bate.o(i.P_PID_bate) for P_PID_bate
    my_cloud_control.o(i.PITCH_PID) refers to dr16_recive.o(.data) for DR16
    my_cloud_control.o(i.PITCH_PID) refers to main.o(.data) for PITCH_trage_angle
    my_cloud_control.o(i.PITCH_PID) refers to my_cloud_control.o(.data) for cloud_mode
    my_cloud_control.o(i.PITCH_PID) refers to ins_task.o(.bss) for DJIC_IMU
    my_cloud_control.o(i.PITCH_PID) refers to my_positionpid_bate.o(.bss) for PITCH_IMU_Angle_pid
    my_cloud_control.o(i.YAW_PID) refers to dflti.o(.text) for __aeabi_i2d
    my_cloud_control.o(i.YAW_PID) refers to ddiv.o(.text) for __aeabi_ddiv
    my_cloud_control.o(i.YAW_PID) refers to f2d.o(.text) for __aeabi_f2d
    my_cloud_control.o(i.YAW_PID) refers to dadd.o(.text) for __aeabi_dsub
    my_cloud_control.o(i.YAW_PID) refers to d2f.o(.text) for __aeabi_d2f
    my_cloud_control.o(i.YAW_PID) refers to my_positionpid_bate.o(i.P_PID_bate) for P_PID_bate
    my_cloud_control.o(i.YAW_PID) refers to dr16_recive.o(.data) for DR16
    my_cloud_control.o(i.YAW_PID) refers to gm6020.o(.bss) for GM6020s
    my_cloud_control.o(i.YAW_PID) refers to main.o(.data) for CLOUD_enable_moto
    my_cloud_control.o(i.YAW_PID) refers to ins_task.o(.bss) for DJIC_IMU
    my_cloud_control.o(i.YAW_PID) refers to my_cloud_control.o(.data) for cloud_mode
    my_cloud_control.o(i.YAW_PID) refers to my_positionpid_bate.o(.bss) for Yaw_IMU_Angle_pid
    my_cloud_control.o(i.cloud_control) refers to my_cloud_control.o(i.cloud_control_mode_choose) for cloud_control_mode_choose
    my_cloud_control.o(i.cloud_control) refers to my_cloud_control.o(i.scan_cloud) for scan_cloud
    my_cloud_control.o(i.cloud_control) refers to f2d.o(.text) for __aeabi_f2d
    my_cloud_control.o(i.cloud_control) refers to dadd.o(.text) for __aeabi_dadd
    my_cloud_control.o(i.cloud_control) refers to d2f.o(.text) for __aeabi_d2f
    my_cloud_control.o(i.cloud_control) refers to my_cloud_control.o(i.YAW_PID) for YAW_PID
    my_cloud_control.o(i.cloud_control) refers to my_cloud_control.o(i.imu_angle) for imu_angle
    my_cloud_control.o(i.cloud_control) refers to my_cloud_control.o(i.PITCH_PID) for PITCH_PID
    my_cloud_control.o(i.cloud_control) refers to dr16_recive.o(.data) for DR16
    my_cloud_control.o(i.cloud_control) refers to ins_task.o(.bss) for DJIC_IMU
    my_cloud_control.o(i.cloud_control) refers to main.o(.data) for simulation_target_yaw
    my_cloud_control.o(i.cloud_control_mode_choose) refers to my_positionpid_bate.o(i.P_PID_Parameter_Clear) for P_PID_Parameter_Clear
    my_cloud_control.o(i.cloud_control_mode_choose) refers to dr16_recive.o(.data) for DR16
    my_cloud_control.o(i.cloud_control_mode_choose) refers to main.o(.data) for Armour_lose_time
    my_cloud_control.o(i.cloud_control_mode_choose) refers to my_cloud_control.o(.data) for cloud_mode
    my_cloud_control.o(i.cloud_control_mode_choose) refers to my_positionpid_bate.o(.bss) for VISION_Yaw_IMU_Angle_pid
    my_cloud_control.o(i.imu_angle) refers to f2d.o(.text) for __aeabi_f2d
    my_cloud_control.o(i.imu_angle) refers to ddiv.o(.text) for __aeabi_ddiv
    my_cloud_control.o(i.imu_angle) refers to dmul.o(.text) for __aeabi_dmul
    my_cloud_control.o(i.imu_angle) refers to dadd.o(.text) for __aeabi_dadd
    my_cloud_control.o(i.imu_angle) refers to d2f.o(.text) for __aeabi_d2f
    my_cloud_control.o(i.imu_angle) refers to gm6020.o(.bss) for GM6020s
    my_cloud_control.o(i.imu_angle) refers to ins_task.o(.bss) for DJIC_IMU
    my_cloud_control.o(i.imu_angle) refers to main.o(.data) for PITCH_MAX_angle
    my_cloud_control.o(i.scan_cloud) refers to dflti.o(.text) for __aeabi_i2d
    my_cloud_control.o(i.scan_cloud) refers to ddiv.o(.text) for __aeabi_ddiv
    my_cloud_control.o(i.scan_cloud) refers to f2d.o(.text) for __aeabi_f2d
    my_cloud_control.o(i.scan_cloud) refers to dmul.o(.text) for __aeabi_dmul
    my_cloud_control.o(i.scan_cloud) refers to dadd.o(.text) for __aeabi_dadd
    my_cloud_control.o(i.scan_cloud) refers to d2f.o(.text) for __aeabi_d2f
    my_cloud_control.o(i.scan_cloud) refers to dr16_recive.o(.data) for DR16
[...]
    accel_temp_update_flag                   0x20000407   Data           1  ins_task.o(.data)
    mag_update_flag                          0x20000408   Data           1  ins_task.o(.data)
    imu_start_dma_flag                       0x20000409   Data           1  ins_task.o(.data)
    gyro_scale_factor                        0x2000040c   Data          36  ins_task.o(.data)
    accel_scale_factor                       0x20000430   Data          36  ins_task.o(.data)
    mag_scale_factor                         0x20000454   Data          36  ins_task.o(.data)
    RGB_flow_color                           0x20000480   Data          28  led_flow_task.o(.data)
    calibrate_task_stack                     0x2000049c   Data           4  calibrate_task.o(.data)
    cali_hook_fun                            0x200004a8   Data           4  calibrate_task.o(.data)
    key_level                                0x200004ac   Data           1  calibrate_task.o(.data)
    twoKp                                    0x200004b4   Data           4  mahonyahrs.o(.data)
    twoKi                                    0x200004b8   Data           4  mahonyahrs.o(.data)
    integralFBx                              0x200004bc   Data           4  mahonyahrs.o(.data)
    integralFBy                              0x200004c0   Data           4  mahonyahrs.o(.data)
    integralFBz                              0x200004c4   Data           4  mahonyahrs.o(.data)
    SystemCoreClock                          0x200004c8   Data           4  system_stm32f4xx.o(.data)
    uwTick                                   0x200004cc   Data           4  stm32f4xx_hal.o(.data)
    uwTickPrio                               0x200004d0   Data           4  stm32f4xx_hal.o(.data)
    uwTickFreq                               0x200004d4   Data           1  stm32f4xx_hal.o(.data)
    pxCurrentTCB                             0x200004d8   Data           4  tasks.o(.data)
    USBD_CDC                                 0x2000055c   Data          56  usbd_cdc.o(.data)
    __stdout                                 0x20000660   Data           4  stdout.o(.data)
    __microlib_freelist                      0x20000664   Data           4  mvars.o(.data)
    __microlib_freelist_initialised          0x20000668   Data           4  mvars.o(.data)
    CHASSIS_I_PID                            0x20000670   Data          92  my_incrementpid_bate.o(.bss)
    SHOOT_L_I_PID                            0x200006cc   Data          92  my_incrementpid_bate.o(.bss)
    SHOOT_R_I_PID                            0x20000728   Data          92  my_incrementpid_bate.o(.bss)
    Driver_I_PID                             0x20000784   Data          92  my_incrementpid_bate.o(.bss)
    Yaw_IMU_Angle_pid                        0x200007e0   Data          96  my_positionpid_bate.o(.bss)
    Yaw_IMU_Speed_pid                        0x20000840   Data          96  my_positionpid_bate.o(.bss)
    VISION_Yaw_IMU_Angle_pid                 0x200008a0   Data          96  my_positionpid_bate.o(.bss)
    VISION_Yaw_IMU_Speed_pid                 0x20000900   Data          96  my_positionpid_bate.o(.bss)
    PITCH_IMU_Angle_pid                      0x20000960   Data          96  my_positionpid_bate.o(.bss)
    PITCH_IMU_Speed_pid                      0x200009c0   Data          96  my_positionpid_bate.o(.bss)
    Driver_ANGLE_pid                         0x20000a20   Data          96  my_positionpid_bate.o(.bss)
    Driver_SPEED_pid                         0x20000a80   Data          96  my_positionpid_bate.o(.bss)
    FPS_ALL                                  0x20000ae0   Data          72  fps_calculate.o(.bss)
    M3508s                                   0x20000b28   Data         144  m3508.o(.bss)
    ext_game_robot_state                     0x20000bb8   Data          28  dr16_recive.o(.bss)
    ext_power_heat_data                      0x20000bd4   Data          17  dr16_recive.o(.bss)
    DR16Buffer                               0x20000be5   Data          22  dr16_recive.o(.bss)
    testdatatosend                           0x20000bfb   Data          50  dr16_recive.o(.bss)
    send_d_32                                0x20000c30   Data          32  dr16_recive.o(.bss)
    GM6020s                                  0x20000c50   Data         144  gm6020.o(.bss)
    Vision_DataBuff                          0x20000ce0   Data          15  vision.o(.bss)
    VisionData                               0x20000cf0   Data          40  vision.o(.bss)
    Vision_Cloud                             0x20000d18   Data          16  vision.o(.bss)
    TRY                                      0x200017e0   Data          20  freertos.o(.bss)
    hadc1                                    0x200017f4   Data          72  adc.o(.bss)
    hadc3                                    0x2000183c   Data          72  adc.o(.bss)
    hcan1                                    0x20001884   Data          40  can.o(.bss)
    hcan2                                    0x200018ac   Data          40  can.o(.bss)
    hi2c3                                    0x200018d4   Data          84  i2c.o(.bss)
    hspi1                                    0x20001928   Data          88  spi.o(.bss)
    hspi2                                    0x20001980   Data          88  spi.o(.bss)
    hdma_spi1_rx                             0x200019d8   Data          96  spi.o(.bss)
    hdma_spi1_tx                             0x20001a38   Data          96  spi.o(.bss)
    htim3                                    0x20001a98   Data          64  tim.o(.bss)
    htim4                                    0x20001ad8   Data          64  tim.o(.bss)
    htim5                                    0x20001b18   Data          64  tim.o(.bss)
    htim10                                   0x20001b58   Data          64  tim.o(.bss)
    huart1                                   0x20001b98   Data          64  usart.o(.bss)
    huart3                                   0x20001bd8   Data          64  usart.o(.bss)
    huart6                                   0x20001c18   Data          64  usart.o(.bss)
    hdma_usart1_tx                           0x20001c58   Data          96  usart.o(.bss)
    hdma_usart1_rx                           0x20001cb8   Data          96  usart.o(.bss)
    hdma_usart3_rx                           0x20001d18   Data          96  usart.o(.bss)
    hdma_usart6_rx                           0x20001d78   Data          96  usart.o(.bss)
    hUsbDeviceFS                             0x20001dd8   Data         720  usb_device.o(.bss)
    hpcd_USB_OTG_FS                          0x200020a8   Data        1032  usbd_conf.o(.bss)
    USBD_StrDesc                             0x200024b0   Data         512  usbd_desc.o(.bss)
    UserRxBufferFS                           0x200026b0   Data        2048  usbd_cdc_if.o(.bss)
    UserTxBufferFS                           0x20002eb0   Data        2048  usbd_cdc_if.o(.bss)
    CAN2_Rx_Structure                        0x200036b0   Data          36  stm32f4xx_it.o(.bss)
    CAN1_Rx_Structure                        0x200036d4   Data          36  stm32f4xx_it.o(.bss)
    htim6                                    0x200036f8   Data          64  stm32f4xx_hal_timebase_tim.o(.bss)
    CAN_Tx_Structure                         0x20003738   Data          32  user_can.o(.bss)
    Buzzer                                   0x20003758   Data          10  bsp_buzzer.o(.bss)
    accel_dma_rx_buf                         0x20003774   Data           9  ins_task.o(.bss)
    bmi088_real_data                         0x20003780   Data          36  ins_task.o(.bss)
    gyro_offset                              0x200037a4   Data          12  ins_task.o(.bss)
    gyro_cali_offset                         0x200037b0   Data          12  ins_task.o(.bss)
    accel_offset                             0x200037bc   Data          12  ins_task.o(.bss)
    accel_cali_offset                        0x200037c8   Data          12  ins_task.o(.bss)
    ist8310_real_data                        0x200037d4   Data          16  ins_task.o(.bss)
    mag_offset                               0x200037e4   Data          12  ins_task.o(.bss)
    mag_cali_offset                          0x200037f0   Data          12  ins_task.o(.bss)
    INS_angle                                0x20003890   Data          12  ins_task.o(.bss)
    INS_gyro                                 0x2000389c   Data          12  ins_task.o(.bss)
    DJIC_IMU                                 0x200038a8   Data          56  ins_task.o(.bss)
    cali_sensor                              0x20003914   Data          13  calibrate_task.o(.bss)
    pFlash                                   0x20003924   Data          32  stm32f4xx_hal_flash.o(.bss)
    xQueueRegistry                           0x20003944   Data          64  queue.o(.bss)
    __heap_base                              0x20009b88   Data           0  startup_stm32f407xx.o(HEAP)
    __heap_limit                             0x2000bb88   Data           0  startup_stm32f407xx.o(HEAP)
    __initial_sp                             0x2000db88   Data           0  startup_stm32f407xx.o(STACK)



==============================================================================

Memory Map of the image

  Image Entry point : 0x08000189

  Load Region LR_IROM1 (Base: 0x08000000, Size: 0x000170a8, Max: 0x00100000, ABSOLUTE, COMPRESSED[0x00016be8])

    Execution Region ER_IROM1 (Exec base: 0x08000000, Load base: 0x08000000, Size: 0x00016a38, Max: 0x00100000, ABSOLUTE)

    Exec Addr    Load Addr    Size         Type   Attr      Idx    E Section Name        Object

    0x08000000   0x08000000   0x00000188   Data   RO         3675    RESET               startup_stm32f407xx.o
    0x08000188   0x08000188   0x00000000   Code   RO        10073  * .ARM.Collect$$$$00000000  mc_w.l(entry.o)
    0x08000188   0x08000188   0x00000004   Code   RO        10424    .ARM.Collect$$$$00000001  mc_w.l(entry2.o)
    0x0800018c   0x0800018c   0x00000004   Code   RO        10427    .ARM.Collect$$$$00000004  mc_w.l(entry5.o)
    0x08000190   0x08000190   0x00000000   Code   RO        10429    .ARM.Collect$$$$00000008  mc_w.l(entry7b.o)
    0x08000190   0x08000190   0x00000000   Code   RO        10431    .ARM.Collect$$$$0000000A  mc_w.l(entry8b.o)
    0x08000190   0x08000190   0x00000008   Code   RO        10432    .ARM.Collect$$$$0000000B  mc_w.l(entry9a.o)
    0x08000198   0x08000198   0x00000000   Code   RO        10434    .ARM.Collect$$$$0000000D  mc_w.l(entry10a.o)
    0x08000198   0x08000198   0x00000000   Code   RO        10436    .ARM.Collect$$$$0000000F  mc_w.l(entry11a.o)
    0x08000198   0x08000198   0x00000004   Code   RO        10425    .ARM.Collect$$$$00002712  mc_w.l(entry2.o)
    0x0800019c   0x0800019c   0x000000be   Code   RO         9508    .emb_text           port.o
    0x0800025a   0x0800025a   0x00000002   PAD
    0x0800025c   0x0800025c   0x00000024   Code   RO         3676    .text               startup_stm32f407xx.o
    0x08000280   0x08000280   0x00000062   Code   RO        10076    .text               mc_w.l(uldiv.o)
    0x080002e2   0x080002e2   0x00000024   Code   RO        10078    .text               mc_w.l(memcpya.o)
    0x08000306   0x08000306   0x00000024   Code   RO        10082    .text               mc_w.l(memseta.o)
    0x0800032a   0x0800032a   0x0000000e   Code   RO        10084    .text               mc_w.l(strlen.o)
    0x08000338   0x08000338   0x0000014e   Code   RO        10376    .text               mf_w.l(dadd.o)
    0x08000486   0x08000486   0x000000e4   Code   RO        10378    .text               mf_w.l(dmul.o)
    0x0800056a   0x0800056a   0x000000de   Code   RO        10380    .text               mf_w.l(ddiv.o)
    0x08000648   0x08000648   0x00000022   Code   RO        10382    .text               mf_w.l(dflti.o)
    0x0800066a   0x0800066a   0x0000001a   Code   RO        10384    .text               mf_w.l(dfltui.o)
    0x08000684   0x08000684   0x00000032   Code   RO        10386    .text               mf_w.l(dfixui.o)
    0x080006b6   0x080006b6   0x00000026   Code   RO        10388    .text               mf_w.l(f2d.o)
    0x080006dc   0x080006dc   0x00000030   Code   RO        10390    .text               mf_w.l(cdcmple.o)
    0x0800070c   0x0800070c   0x00000030   Code   RO        10392    .text               mf_w.l(cdrcmple.o)
    0x0800073c   0x0800073c   0x00000038   Code   RO        10394    .text               mf_w.l(d2f.o)
    0x08000774   0x08000774   0x0000002c   Code   RO        10439    .text               mc_w.l(uidiv.o)
    0x080007a0   0x080007a0   0x0000001e   Code   RO        10441    .text               mc_w.l(llshl.o)
    0x080007be   0x080007be   0x00000020   Code   RO        10443    .text               mc_w.l(llushr.o)
    0x080007de   0x080007de   0x00000024   Code   RO        10445    .text               mc_w.l(llsshr.o)
    0x08000802   0x08000802   0x00000000   Code   RO        10456    .text               mc_w.l(iusefp.o)
    0x08000802   0x08000802   0x0000006e   Code   RO        10457    .text               mf_w.l(fepilogue.o)
    0x08000870   0x08000870   0x000000ba   Code   RO        10459    .text               mf_w.l(depilogue.o)
    0x0800092a   0x0800092a   0x000000a2   Code   RO        10461    .text               mf_w.l(dsqrt.o)
    0x080009cc   0x080009cc   0x00000030   Code   RO        10463    .text               mf_w.l(dfixul.o)
    0x080009fc   0x080009fc   0x00000024   Code   RO        10465    .text               mc_w.l(init.o)
    0x08000a20   0x08000a20   0x00000056   Code   RO        10475    .text               mc_w.l(__dczerorl2.o)
    0x08000a76   0x08000a76   0x00000002   PAD
    0x08000a78   0x08000a78   0x00000160   Code   RO         5484    i.ADC_Init          stm32f4xx_hal_adc.o
    0x08000bd8   0x08000bd8   0x00000028   Code   RO         3296    i.AHRS_init         ins_task.o
    0x08000c00   0x08000c00   0x0000006a   Code   RO         3297    i.AHRS_update       ins_task.o
    0x08000c6a   0x08000c6a   0x00000002   PAD
    0x08000c6c   0x08000c6c   0x00000014   Code   RO         2643    i.BMI088_ACCEL_NS_H  bmi088middleware.o
    0x08000c80   0x08000c80   0x00000014   Code   RO         2644    i.BMI088_ACCEL_NS_L  bmi088middleware.o
    0x08000c94   0x08000c94   0x00000002   Code   RO         2645    i.BMI088_GPIO_init  bmi088middleware.o
    0x08000c96   0x08000c96   0x00000002   PAD
    0x08000c98   0x08000c98   0x00000014   Code   RO         2646    i.BMI088_GYRO_NS_H  bmi088middleware.o
    0x08000cac   0x08000cac   0x00000014   Code   RO         2647    i.BMI088_GYRO_NS_L  bmi088middleware.o
    0x08000cc0   0x08000cc0   0x00000090   Code   RO         2407    i.BMI088_accel_read_over  bmi088driver.o
    0x08000d50   0x08000d50   0x00000002   Code   RO         2648    i.BMI088_com_init   bmi088middleware.o
    0x08000d52   0x08000d52   0x0000000c   Code   RO         2649    i.BMI088_delay_ms   bmi088middleware.o
    0x08000d5e   0x08000d5e   0x0000000c   Code   RO         2650    i.BMI088_delay_us   bmi088middleware.o
    0x08000d6a   0x08000d6a   0x00000002   PAD
    0x08000d6c   0x08000d6c   0x00000068   Code   RO         2408    i.BMI088_gyro_read_over  bmi088driver.o
    0x08000dd4   0x08000dd4   0x00000034   Code   RO         2409    i.BMI088_init       bmi088driver.o
    0x08000e08   0x08000e08   0x0000017c   Code   RO         2410    i.BMI088_read       bmi088driver.o
    0x08000f84   0x08000f84   0x00000026   Code   RO         2413    i.BMI088_read_muli_reg  bmi088driver.o
    0x08000faa   0x08000faa   0x00000018   Code   RO         2414    i.BMI088_read_single_reg  bmi088driver.o
    0x08000fc2   0x08000fc2   0x00000002   PAD
    0x08000fc4   0x08000fc4   0x00000020   Code   RO         2651    i.BMI088_read_write_byte  bmi088middleware.o
    0x08000fe4   0x08000fe4   0x00000034   Code   RO         2415    i.BMI088_temperature_read_over  bmi088driver.o
    0x08001018   0x08001018   0x00000014   Code   RO         2416    i.BMI088_write_single_reg  bmi088driver.o
    0x0800102c   0x0800102c   0x00000004   Code   RO         2177    i.BusFault_Handler  stm32f4xx_it.o
    0x08001030   0x08001030   0x00000024   Code   RO         3169    i.Buzzer_Init       bsp_buzzer.o
    0x08001054   0x08001054   0x00000128   Code   RO         3170    i.Buzzer_Processing  bsp_buzzer.o
    0x0800117c   0x0800117c   0x00000024   Code   RO         3118    i.CAN1_Config       user_can.o
    0x080011a0   0x080011a0   0x00000030   Code   RO         3119    i.CAN1_Filter0_Init  user_can.o
    0x080011d0   0x080011d0   0x000000e0   Code   RO         1337    i.CAN1_R            freertos.o
    0x080012b0   0x080012b0   0x0000001c   Code   RO         2178    i.CAN1_RX0_IRQHandler  stm32f4xx_it.o
    0x080012cc   0x080012cc   0x00000028   Code   RO         3120    i.CAN2_Config       user_can.o
    0x080012f4   0x080012f4   0x00000034   Code   RO         3121    i.CAN2_Filter0_Init  user_can.o
    0x08001328   0x08001328   0x0000001c   Code   RO         2179    i.CAN2_RX0_IRQHandler  stm32f4xx_it.o
    0x08001344   0x08001344   0x00000068   Code   RO         3122    i.CAN_SendData      user_can.o
    0x080013ac   0x080013ac   0x00000044   Code   RO         2110    i.CDC_Control_FS    usbd_cdc_if.o
    0x080013f0   0x080013f0   0x00000004   Code   RO         2111    i.CDC_DeInit_FS     usbd_cdc_if.o
    0x080013f4   0x080013f4   0x00000024   Code   RO         2112    i.CDC_Init_FS       usbd_cdc_if.o
    0x08001418   0x08001418   0x0000001c   Code   RO         2113    i.CDC_Receive_FS    usbd_cdc_if.o
    0x08001434   0x08001434   0x0000000c   Code   RO         2114    i.CDC_TransmitCplt_FS  usbd_cdc_if.o
    0x08001440   0x08001440   0x0000031c   Code   RO         1338    i.Can2_Reivece      freertos.o
    0x0800175c   0x0800175c   0x00000024   Code   RO          497    i.Checksum_CRC8     crc.o
    0x08001780   0x08001780   0x00000010   Code   RO         2180    i.DMA1_Stream1_IRQHandler  stm32f4xx_it.o
    0x08001790   0x08001790   0x00000010   Code   RO         2181    i.DMA2_Stream1_IRQHandler  stm32f4xx_it.o
    0x080017a0   0x080017a0   0x00000898   Code   RO         3298    i.DMA2_Stream2_IRQHandler  ins_task.o
    0x08002038   0x08002038   0x00000010   Code   RO         2182    i.DMA2_Stream5_IRQHandler  stm32f4xx_it.o
    0x08002048   0x08002048   0x00000010   Code   RO         2183    i.DMA2_Stream7_IRQHandler  stm32f4xx_it.o
    0x08002058   0x08002058   0x00000034   Code   RO         4803    i.DMA_CalcBaseAndBitshift  stm32f4xx_hal_dma.o
    0x0800208c   0x0800208c   0x000000aa   Code   RO         4804    i.DMA_CheckFifoParam  stm32f4xx_hal_dma.o
    0x08002136   0x08002136   0x0000002c   Code   RO         4805    i.DMA_SetConfig     stm32f4xx_hal_dma.o
    0x08002162   0x08002162   0x00000002   PAD
    0x08002164   0x08002164   0x000001ec   Code   RO          675    i.DR16_Process      dr16_recive.o
    0x08002350   0x08002350   0x00000074   Code   RO          676    i.DR_16hander       dr16_recive.o
    0x080023c4   0x080023c4   0x0000010c   Code   RO         1339    i.Debug             freertos.o
    0x080024d0   0x080024d0   0x00000002   Code   RO         2184    i.DebugMon_Handler  stm32f4xx_it.o
    0x080024d2   0x080024d2   0x0000000a   Code   RO         2185    i.EXTI0_IRQHandler  stm32f4xx_it.o
    0x080024dc   0x080024dc   0x0000000a   Code   RO         2186    i.EXTI3_IRQHandler  stm32f4xx_it.o
    0x080024e6   0x080024e6   0x0000000a   Code   RO         2187    i.EXTI4_IRQHandler  stm32f4xx_it.o
    0x080024f0   0x080024f0   0x0000000a   Code   RO         2188    i.EXTI9_5_IRQHandler  stm32f4xx_it.o
    0x080024fa   0x080024fa   0x00000002   Code   RO         1223    i.Error_Handler     main.o
    0x080024fc   0x080024fc   0x0000005c   Code   RO         4573    i.FLASH_Erase_Sector  stm32f4xx_hal_flash_ex.o
    0x08002558   0x08002558   0x00000078   Code   RO         4574    i.FLASH_FlushCaches  stm32f4xx_hal_flash_ex.o
    0x080025d0   0x080025d0   0x00000030   Code   RO         4575    i.FLASH_MassErase   stm32f4xx_hal_flash_ex.o
    0x08002600   0x08002600   0x00000024   Code   RO         4455    i.FLASH_Program_Byte  stm32f4xx_hal_flash.o
    0x08002624   0x08002624   0x0000003c   Code   RO         4456    i.FLASH_Program_DoubleWord  stm32f4xx_hal_flash.o
    0x08002660   0x08002660   0x00000028   Code   RO         4457    i.FLASH_Program_HalfWord  stm32f4xx_hal_flash.o
    0x08002688   0x08002688   0x00000028   Code   RO         4458    i.FLASH_Program_Word  stm32f4xx_hal_flash.o
    0x080026b0   0x080026b0   0x00000098   Code   RO         4459    i.FLASH_SetErrorCode  stm32f4xx_hal_flash.o
    0x08002748   0x08002748   0x00000064   Code   RO         4460    i.FLASH_WaitForLastOperation  stm32f4xx_hal_flash.o
    0x080027ac   0x080027ac   0x00000050   Code   RO          530    i.FPS_Calculate     fps_calculate.o
    0x080027fc   0x080027fc   0x00000140   Code   RO          788    i.GM6020_Pitch_getInfo  gm6020.o
    0x0800293c   0x0800293c   0x00000054   Code   RO          789    i.GM6020_SetVoltage  gm6020.o
    0x08002990   0x08002990   0x00000144   Code   RO          790    i.GM6020_Yaw_getInfo  gm6020.o
    0x08002ad4   0x08002ad4   0x0000001e   Code   RO          531    i.Get_FPS           fps_calculate.o
    0x08002af2   0x08002af2   0x00000002   PAD
    0x08002af4   0x08002af4   0x00000034   Code   RO         2014    i.Get_SerialNum     usbd_desc.o
    0x08002b28   0x08002b28   0x0000018c   Code   RO         5486    i.HAL_ADC_ConfigChannel  stm32f4xx_hal_adc.o
    0x08002cb4   0x08002cb4   0x00000008   Code   RO         5493    i.HAL_ADC_GetValue  stm32f4xx_hal_adc.o
    0x08002cbc   0x08002cbc   0x00000068   Code   RO         5495    i.HAL_ADC_Init      stm32f4xx_hal_adc.o
    0x08002d24   0x08002d24   0x000000ac   Code   RO         1450    i.HAL_ADC_MspInit   adc.o
    0x08002dd0   0x08002dd0   0x000000c2   Code   RO         5499    i.HAL_ADC_PollForConversion  stm32f4xx_hal_adc.o
    0x08002e92   0x08002e92   0x00000002   PAD
    0x08002e94   0x08002e94   0x0000013c   Code   RO         5501    i.HAL_ADC_Start     stm32f4xx_hal_adc.o
    0x08002fd0   0x08002fd0   0x00000156   Code   RO         5758    i.HAL_CAN_AddTxMessage  stm32f4xx_hal_can.o
    0x08003126   0x08003126   0x00000002   PAD
    0x08003128   0x08003128   0x00000124   Code   RO         5759    i.HAL_CAN_ConfigFilter  stm32f4xx_hal_can.o
    0x0800324c   0x0800324c   0x00000002   Code   RO         5762    i.HAL_CAN_ErrorCallback  stm32f4xx_hal_can.o
    0x0800324e   0x0800324e   0x0000017a   Code   RO         5765    i.HAL_CAN_GetRxMessage  stm32f4xx_hal_can.o
    0x080033c8   0x080033c8   0x0000024e   Code   RO         5769    i.HAL_CAN_IRQHandler  stm32f4xx_hal_can.o
    0x08003616   0x08003616   0x00000174   Code   RO         5770    i.HAL_CAN_Init      stm32f4xx_hal_can.o
    0x0800378a   0x0800378a   0x00000002   PAD
    0x0800378c   0x0800378c   0x00000160   Code   RO         1498    i.HAL_CAN_MspInit   can.o
    0x080038ec   0x080038ec   0x00000002   Code   RO         5777    i.HAL_CAN_RxFifo0FullCallback  stm32f4xx_hal_can.o
    0x080038ee   0x080038ee   0x00000002   PAD
    0x080038f0   0x080038f0   0x000000a4   Code   RO         2189    i.HAL_CAN_RxFifo0MsgPendingCallback  stm32f4xx_it.o
    0x08003994   0x08003994   0x00000002   Code   RO         5779    i.HAL_CAN_RxFifo1FullCallback  stm32f4xx_hal_can.o
    0x08003996   0x08003996   0x00000002   Code   RO         5780    i.HAL_CAN_RxFifo1MsgPendingCallback  stm32f4xx_hal_can.o
    0x08003998   0x08003998   0x00000002   Code   RO         5781    i.HAL_CAN_SleepCallback  stm32f4xx_hal_can.o
    0x0800399a   0x0800399a   0x0000005e   Code   RO         5782    i.HAL_CAN_Start     stm32f4xx_hal_can.o
    0x080039f8   0x080039f8   0x00000002   Code   RO         5784    i.HAL_CAN_TxMailbox0AbortCallback  stm32f4xx_hal_can.o
    0x080039fa   0x080039fa   0x00000002   Code   RO         5785    i.HAL_CAN_TxMailbox0CompleteCallback  stm32f4xx_hal_can.o
    0x080039fc   0x080039fc   0x00000002   Code   RO         5786    i.HAL_CAN_TxMailbox1AbortCallback  stm32f4xx_hal_can.o
    0x080039fe   0x080039fe   0x00000002   Code   RO         5787    i.HAL_CAN_TxMailbox1CompleteCallback  stm32f4xx_hal_can.o
    0x08003a00   0x08003a00   0x00000002   Code   RO         5788    i.HAL_CAN_TxMailbox2AbortCallback  stm32f4xx_hal_can.o
    0x08003a02   0x08003a02   0x00000002   Code   RO         5789    i.HAL_CAN_TxMailbox2CompleteCallback  stm32f4xx_hal_can.o
    0x08003a04   0x08003a04   0x00000002   Code   RO         5791    i.HAL_CAN_WakeUpFromRxMsgCallback  stm32f4xx_hal_can.o
    0x08003a06   0x08003a06   0x00000028   Code   RO         4807    i.HAL_DMA_Abort_IT  stm32f4xx_hal_dma.o
    0x08003a2e   0x08003a2e   0x00000002   PAD
    0x08003a30   0x08003a30   0x00000240   Code   RO         4811    i.HAL_DMA_IRQHandler  stm32f4xx_hal_dma.o
    0x08003c70   0x08003c70   0x000000ec   Code   RO         4812    i.HAL_DMA_Init      stm32f4xx_hal_dma.o
    0x08003d5c   0x08003d5c   0x00000066   Code   RO         4815    i.HAL_DMA_Start     stm32f4xx_hal_dma.o
    0x08003dc2   0x08003dc2   0x00000002   PAD
    0x08003dc4   0x08003dc4   0x00000028   Code   RO         5230    i.HAL_Delay         stm32f4xx_hal.o
    0x08003dec   0x08003dec   0x000000ac   Code   RO         4585    i.HAL_FLASHEx_Erase  stm32f4xx_hal_flash_ex.o
    0x08003e98   0x08003e98   0x00000014   Code   RO         4464    i.HAL_FLASH_Lock    stm32f4xx_hal_flash.o
    0x08003eac   0x08003eac   0x00000098   Code   RO         4469    i.HAL_FLASH_Program  stm32f4xx_hal_flash.o
    0x08003f44   0x08003f44   0x00000034   Code   RO         4471    i.HAL_FLASH_Unlock  stm32f4xx_hal_flash.o
    0x08003f78   0x08003f78   0x000000a8   Code   RO         3299    i.HAL_GPIO_EXTI_Callback  ins_task.o
    0x08004020   0x08004020   0x0000001c   Code   RO         4698    i.HAL_GPIO_EXTI_IRQHandler  stm32f4xx_hal_gpio.o
    0x0800403c   0x0800403c   0x00000200   Code   RO         4699    i.HAL_GPIO_Init     stm32f4xx_hal_gpio.o
    0x0800423c   0x0800423c   0x00000010   Code   RO         4701    i.HAL_GPIO_ReadPin  stm32f4xx_hal_gpio.o
    0x0800424c   0x0800424c   0x0000000c   Code   RO         4703    i.HAL_GPIO_WritePin  stm32f4xx_hal_gpio.o
    0x08004258   0x08004258   0x0000000c   Code   RO         5236    i.HAL_GetTick       stm32f4xx_hal.o
    0x08004264   0x08004264   0x000001d0   Code   RO         6001    i.HAL_I2C_Init      stm32f4xx_hal_i2c.o
    0x08004434   0x08004434   0x000002f4   Code   RO         6019    i.HAL_I2C_Mem_Read  stm32f4xx_hal_i2c.o
    0x08004728   0x08004728   0x00000164   Code   RO         6022    i.HAL_I2C_Mem_Write  stm32f4xx_hal_i2c.o
    0x0800488c   0x0800488c   0x000000c8   Code   RO         1571    i.HAL_I2C_MspInit   i2c.o
    0x08004954   0x08004954   0x00000018   Code   RO         5242    i.HAL_IncTick       stm32f4xx_hal.o
    0x0800496c   0x0800496c   0x0000003c   Code   RO         5243    i.HAL_Init          stm32f4xx_hal.o
    0x080049a8   0x080049a8   0x0000008c   Code   RO         2368    i.HAL_InitTick      stm32f4xx_hal_timebase_tim.o
    0x08004a34   0x08004a34   0x00000054   Code   RO         2344    i.HAL_MspInit       stm32f4xx_hal_msp.o
    0x08004a88   0x08004a88   0x00000020   Code   RO         5088    i.HAL_NVIC_EnableIRQ  stm32f4xx_hal_cortex.o
    0x08004aa8   0x08004aa8   0x0000007c   Code   RO         5094    i.HAL_NVIC_SetPriority  stm32f4xx_hal_cortex.o
    0x08004b24   0x08004b24   0x00000028   Code   RO         5095    i.HAL_NVIC_SetPriorityGrouping  stm32f4xx_hal_cortex.o
    0x08004b4c   0x08004b4c   0x00000002   Code   RO         3952    i.HAL_PCDEx_LPM_Callback  stm32f4xx_hal_pcd_ex.o
    0x08004b4e   0x08004b4e   0x0000000a   Code   RO         3953    i.HAL_PCDEx_SetRxFiFo  stm32f4xx_hal_pcd_ex.o
    0x08004b58   0x08004b58   0x0000004e   Code   RO         3954    i.HAL_PCDEx_SetTxFiFo  stm32f4xx_hal_pcd_ex.o
    0x08004ba6   0x08004ba6   0x0000000e   Code   RO         1815    i.HAL_PCD_ConnectCallback  usbd_conf.o
    0x08004bb4   0x08004bb4   0x00000020   Code   RO         1816    i.HAL_PCD_DataInStageCallback  usbd_conf.o
    0x08004bd4   0x08004bd4   0x00000020   Code   RO         1817    i.HAL_PCD_DataOutStageCallback  usbd_conf.o
    0x08004bf4   0x08004bf4   0x0000000e   Code   RO         1818    i.HAL_PCD_DisconnectCallback  usbd_conf.o
    0x08004c02   0x08004c02   0x0000006a   Code   RO         3729    i.HAL_PCD_EP_Close  stm32f4xx_hal_pcd.o
    0x08004c6c   0x08004c6c   0x0000007c   Code   RO         3730    i.HAL_PCD_EP_ClrStall  stm32f4xx_hal_pcd.o
    0x08004ce8   0x08004ce8   0x00000016   Code   RO         3732    i.HAL_PCD_EP_GetRxCount  stm32f4xx_hal_pcd.o
    0x08004cfe   0x08004cfe   0x0000008c   Code   RO         3733    i.HAL_PCD_EP_Open   stm32f4xx_hal_pcd.o
    0x08004d8a   0x08004d8a   0x00000058   Code   RO         3734    i.HAL_PCD_EP_Receive  stm32f4xx_hal_pcd.o
    0x08004de2   0x08004de2   0x0000008a   Code   RO         3735    i.HAL_PCD_EP_SetStall  stm32f4xx_hal_pcd.o
    0x08004e6c   0x08004e6c   0x0000005a   Code   RO         3736    i.HAL_PCD_EP_Transmit  stm32f4xx_hal_pcd.o
    0x08004ec6   0x08004ec6   0x0000055c   Code   RO         3738    i.HAL_PCD_IRQHandler  stm32f4xx_hal_pcd.o
    0x08005422   0x08005422   0x00000012   Code   RO         1819    i.HAL_PCD_ISOINIncompleteCallback  usbd_conf.o
    0x08005434   0x08005434   0x00000012   Code   RO         1820    i.HAL_PCD_ISOOUTIncompleteCallback  usbd_conf.o
    0x08005446   0x08005446   0x00000166   Code   RO         3741    i.HAL_PCD_Init      stm32f4xx_hal_pcd.o
    0x080055ac   0x080055ac   0x000000a8   Code   RO         1822    i.HAL_PCD_MspInit   usbd_conf.o
    0x08005654   0x08005654   0x00000030   Code   RO         1823    i.HAL_PCD_ResetCallback  usbd_conf.o
    0x08005684   0x08005684   0x0000000e   Code   RO         1824    i.HAL_PCD_ResumeCallback  usbd_conf.o
    0x08005692   0x08005692   0x0000000e   Code   RO         1825    i.HAL_PCD_SOFCallback  usbd_conf.o
    0x080056a0   0x080056a0   0x00000036   Code   RO         3747    i.HAL_PCD_SetAddress  stm32f4xx_hal_pcd.o
    0x080056d6   0x080056d6   0x00000012   Code   RO         1826    i.HAL_PCD_SetupStageCallback  usbd_conf.o
    0x080056e8   0x080056e8   0x0000004a   Code   RO         3749    i.HAL_PCD_Start     stm32f4xx_hal_pcd.o
    0x08005732   0x08005732   0x00000002   PAD
    0x08005734   0x08005734   0x00000034   Code   RO         1827    i.HAL_PCD_SuspendCallback  usbd_conf.o
    0x08005768   0x08005768   0x00000184   Code   RO         4300    i.HAL_RCC_ClockConfig  stm32f4xx_hal_rcc.o
    0x080058ec   0x080058ec   0x00000044   Code   RO         4304    i.HAL_RCC_GetClockConfig  stm32f4xx_hal_rcc.o
    0x08005930   0x08005930   0x0000000c   Code   RO         4305    i.HAL_RCC_GetHCLKFreq  stm32f4xx_hal_rcc.o
    0x0800593c   0x0800593c   0x00000020   Code   RO         4307    i.HAL_RCC_GetPCLK1Freq  stm32f4xx_hal_rcc.o
    0x0800595c   0x0800595c   0x00000020   Code   RO         4308    i.HAL_RCC_GetPCLK2Freq  stm32f4xx_hal_rcc.o
    0x0800597c   0x0800597c   0x000000b0   Code   RO         4309    i.HAL_RCC_GetSysClockFreq  stm32f4xx_hal_rcc.o
    0x08005a2c   0x08005a2c   0x00000488   Code   RO         4312    i.HAL_RCC_OscConfig  stm32f4xx_hal_rcc.o
    0x08005eb4   0x08005eb4   0x0000008c   Code   RO         6491    i.HAL_SPI_Init      stm32f4xx_hal_spi.o
    0x08005f40   0x08005f40   0x000001cc   Code   RO         1613    i.HAL_SPI_MspInit   spi.o
    0x0800610c   0x0800610c   0x000001a2   Code   RO         6499    i.HAL_SPI_Transmit  stm32f4xx_hal_spi.o
    0x080062ae   0x080062ae   0x0000022a   Code   RO         6500    i.HAL_SPI_TransmitReceive  stm32f4xx_hal_spi.o
    0x080064d8   0x080064d8   0x00000002   Code   RO         7490    i.HAL_TIMEx_BreakCallback  stm32f4xx_hal_tim_ex.o
    0x080064da   0x080064da   0x00000002   Code   RO         7491    i.HAL_TIMEx_CommutCallback  stm32f4xx_hal_tim_ex.o
    0x080064dc   0x080064dc   0x000000b4   Code   RO         7508    i.HAL_TIMEx_MasterConfigSynchronization  stm32f4xx_hal_tim_ex.o
    0x08006590   0x08006590   0x00000034   Code   RO         6804    i.HAL_TIM_Base_Init  stm32f4xx_hal_tim.o
    0x080065c4   0x080065c4   0x000000d0   Code   RO         1661    i.HAL_TIM_Base_MspInit  tim.o
    0x08006694   0x08006694   0x0000002a   Code   RO         6807    i.HAL_TIM_Base_Start  stm32f4xx_hal_tim.o
    0x080066be   0x080066be   0x0000002a   Code   RO         6809    i.HAL_TIM_Base_Start_IT  stm32f4xx_hal_tim.o
    0x080066e8   0x080066e8   0x00000108   Code   RO         6813    i.HAL_TIM_ConfigClockSource  stm32f4xx_hal_tim.o
    0x080067f0   0x080067f0   0x00000002   Code   RO         6833    i.HAL_TIM_IC_CaptureCallback  stm32f4xx_hal_tim.o
    0x080067f2   0x080067f2   0x00000196   Code   RO         6847    i.HAL_TIM_IRQHandler  stm32f4xx_hal_tim.o
    0x08006988   0x08006988   0x00000134   Code   RO         1662    i.HAL_TIM_MspPostInit  tim.o
    0x08006abc   0x08006abc   0x00000002   Code   RO         6850    i.HAL_TIM_OC_DelayElapsedCallback  stm32f4xx_hal_tim.o
    0x08006abe   0x08006abe   0x00000108   Code   RO         6871    i.HAL_TIM_PWM_ConfigChannel  stm32f4xx_hal_tim.o
    0x08006bc6   0x08006bc6   0x00000034   Code   RO         6874    i.HAL_TIM_PWM_Init  stm32f4xx_hal_tim.o
    0x08006bfa   0x08006bfa   0x00000002   Code   RO         6876    i.HAL_TIM_PWM_MspInit  stm32f4xx_hal_tim.o
    0x08006bfc   0x08006bfc   0x00000002   Code   RO         6877    i.HAL_TIM_PWM_PulseFinishedCallback  stm32f4xx_hal_tim.o
    0x08006bfe   0x08006bfe   0x00000002   PAD
    0x08006c00   0x08006c00   0x00000058   Code   RO         6879    i.HAL_TIM_PWM_Start  stm32f4xx_hal_tim.o
    0x08006c58   0x08006c58   0x00000018   Code   RO         1224    i.HAL_TIM_PeriodElapsedCallback  main.o
    0x08006c70   0x08006c70   0x00000002   Code   RO         6890    i.HAL_TIM_TriggerCallback  stm32f4xx_hal_tim.o
    0x08006c72   0x08006c72   0x00000002   Code   RO         7762    i.HAL_UART_ErrorCallback  stm32f4xx_hal_uart.o
    0x08006c74   0x08006c74   0x00000154   Code   RO         7765    i.HAL_UART_IRQHandler  stm32f4xx_hal_uart.o
    0x08006dc8   0x08006dc8   0x00000072   Code   RO         7766    i.HAL_UART_Init     stm32f4xx_hal_uart.o
    0x08006e3a   0x08006e3a   0x00000002   PAD
    0x08006e3c   0x08006e3c   0x00000300   Code   RO         1727    i.HAL_UART_MspInit  usart.o
    0x0800713c   0x0800713c   0x00000002   Code   RO         7772    i.HAL_UART_RxCpltCallback  stm32f4xx_hal_uart.o
    0x0800713e   0x0800713e   0x000000d8   Code   RO         7774    i.HAL_UART_Transmit  stm32f4xx_hal_uart.o
    0x08007216   0x08007216   0x00000002   Code   RO         7777    i.HAL_UART_TxCpltCallback  stm32f4xx_hal_uart.o
    0x08007218   0x08007218   0x00000004   Code   RO         2190    i.HardFault_Handler  stm32f4xx_it.o
    0x0800721c   0x0800721c   0x0000003e   Code   RO         6044    i.I2C_IsAcknowledgeFailed  stm32f4xx_hal_i2c.o
    0x0800725a   0x0800725a   0x00000002   PAD
    0x0800725c   0x0800725c   0x00000160   Code   RO         6055    i.I2C_RequestMemoryRead  stm32f4xx_hal_i2c.o
    0x080073bc   0x080073bc   0x000000e0   Code   RO         6056    i.I2C_RequestMemoryWrite  stm32f4xx_hal_i2c.o
    0x0800749c   0x0800749c   0x0000005c   Code   RO         6064    i.I2C_WaitOnBTFFlagUntilTimeout  stm32f4xx_hal_i2c.o
    0x080074f8   0x080074f8   0x00000086   Code   RO         6065    i.I2C_WaitOnFlagUntilTimeout  stm32f4xx_hal_i2c.o
    0x0800757e   0x0800757e   0x000000c4   Code   RO         6066    i.I2C_WaitOnMasterAddressFlagUntilTimeout  stm32f4xx_hal_i2c.o
    0x08007642   0x08007642   0x00000080   Code   RO         6067    i.I2C_WaitOnRXNEFlagUntilTimeout  stm32f4xx_hal_i2c.o
    0x080076c2   0x080076c2   0x0000005c   Code   RO         6070    i.I2C_WaitOnTXEFlagUntilTimeout  stm32f4xx_hal_i2c.o
    0x0800771e   0x0800771e   0x00000002   PAD
    0x08007720   0x08007720   0x0000001c   Code   RO         2887    i.IMU_Cal_Status_Reivece  dji_imu.o
    0x0800773c   0x0800773c   0x00000068   Code   RO         1340    i.IMU_Send          freertos.o
    0x080077a4   0x080077a4   0x0000007c   Code   RO         3300    i.INS_cali_gyro     ins_task.o
    0x08007820   0x08007820   0x00000048   Code   RO         3301    i.INS_set_cali_gyro  ins_task.o
    0x08007868   0x08007868   0x00000314   Code   RO         3302    i.INS_task          ins_task.o
    0x08007b7c   0x08007b7c   0x00000054   Code   RO          400    i.I_PID_BetaGeneration  my_incrementpid_bate.o
    0x08007bd0   0x08007bd0   0x0000009c   Code   RO          402    i.I_PID_Parameter_Init  my_incrementpid_bate.o
    0x08007c6c   0x08007c6c   0x000001d2   Code   RO          403    i.I_PID_Regulation  my_incrementpid_bate.o
    0x08007e3e   0x08007e3e   0x0000003e   Code   RO         2015    i.IntToUnicode      usbd_desc.o
    0x08007e7c   0x08007e7c   0x0000013c   Code   RO          647    i.M2006_getInfo     m2006.o
    0x08007fb8   0x08007fb8   0x00000064   Code   RO          601    i.M3508s1_getInfo   m3508.o
    0x0800801c   0x0800801c   0x00000054   Code   RO          602    i.M3508s1_setCurrent  m3508.o
    0x08008070   0x08008070   0x00000070   Code   RO         1451    i.MX_ADC1_Init      adc.o
    0x080080e0   0x080080e0   0x00000070   Code   RO         1452    i.MX_ADC3_Init      adc.o
    0x08008150   0x08008150   0x00000044   Code   RO         1499    i.MX_CAN1_Init      can.o
    0x08008194   0x08008194   0x00000044   Code   RO         1500    i.MX_CAN2_Init      can.o
    0x080081d8   0x080081d8   0x000000a8   Code   RO         1546    i.MX_DMA_Init       dma.o
    0x08008280   0x08008280   0x000003f8   Code   RO         1341    i.MX_FREERTOS_Init  freertos.o
    0x08008678   0x08008678   0x00000220   Code   RO         1313    i.MX_GPIO_Init      gpio.o
    0x08008898   0x08008898   0x0000003c   Code   RO         1572    i.MX_I2C3_Init      i2c.o
    0x080088d4   0x080088d4   0x00000048   Code   RO         1614    i.MX_SPI1_Init      spi.o
    0x0800891c   0x0800891c   0x00000044   Code   RO         1615    i.MX_SPI2_Init      spi.o
    0x08008960   0x08008960   0x0000006c   Code   RO         1663    i.MX_TIM10_Init     tim.o
    0x080089cc   0x080089cc   0x0000006c   Code   RO         1664    i.MX_TIM3_Init      tim.o
    0x08008a38   0x08008a38   0x000000a4   Code   RO         1665    i.MX_TIM4_Init      tim.o
    0x08008adc   0x08008adc   0x000000c4   Code   RO         1666    i.MX_TIM5_Init      tim.o
    0x08008ba0   0x08008ba0   0x00000038   Code   RO         1728    i.MX_USART1_UART_Init  usart.o
    0x08008bd8   0x08008bd8   0x00000038   Code   RO         1729    i.MX_USART3_UART_Init  usart.o
    0x08008c10   0x08008c10   0x00000038   Code   RO         1730    i.MX_USART6_UART_Init  usart.o
    0x08008c48   0x08008c48   0x0000004c   Code   RO         1780    i.MX_USB_DEVICE_Init  usb_device.o
    0x08008c94   0x08008c94   0x000005ac   Code   RO         3642    i.MahonyAHRSupdate  mahonyahrs.o
    0x08009240   0x08009240   0x000002fc   Code   RO         3643    i.MahonyAHRSupdateIMU  mahonyahrs.o
    0x0800953c   0x0800953c   0x00000004   Code   RO         2191    i.MemManage_Handler  stm32f4xx_it.o
    0x08009540   0x08009540   0x00000002   Code   RO         2192    i.NMI_Handler       stm32f4xx_it.o
    0x08009542   0x08009542   0x00000002   PAD
    0x08009544   0x08009544   0x00000010   Code   RO         2193    i.OTG_FS_IRQHandler  stm32f4xx_it.o
    0x08009554   0x08009554   0x00000064   Code   RO         3753    i.PCD_EP_OutSetupPacket_int  stm32f4xx_hal_pcd.o
    0x080095b8   0x080095b8   0x0000017c   Code   RO         3754    i.PCD_EP_OutXfrComplete_int  stm32f4xx_hal_pcd.o
    0x08009734   0x08009734   0x000000b6   Code   RO         3755    i.PCD_WriteEmptyTxFifo  stm32f4xx_hal_pcd.o
    0x080097ea   0x080097ea   0x00000002   PAD
    0x080097ec   0x080097ec   0x000001f0   Code   RO         3257    i.PID_calc          pid.o
    0x080099dc   0x080099dc   0x00000060   Code   RO         3259    i.PID_init          pid.o
    0x08009a3c   0x08009a3c   0x0000011c   Code   RO          257    i.PITCH_PID         my_cloud_control.o
    0x08009b58   0x08009b58   0x00000024   Code   RO          449    i.P_PID_BetaGeneration  my_positionpid_bate.o
    0x08009b7c   0x08009b7c   0x00000038   Code   RO          450    i.P_PID_Parameter_Clear  my_positionpid_bate.o
    0x08009bb4   0x08009bb4   0x00000088   Code   RO          451    i.P_PID_Parameter_Init  my_positionpid_bate.o
    0x08009c3c   0x08009c3c   0x00000180   Code   RO          452    i.P_PID_bate        my_positionpid_bate.o
    0x08009dbc   0x08009dbc   0x000002b4   Code   RO         1342    i.Robot_Control     freertos.o
    0x0800a070   0x0800a070   0x0000273c   Code   RO         3027    i.SPI1_DMA_enable   bsp_spi.o
    0x0800c7ac   0x0800c7ac   0x00000180   Code   RO         3028    i.SPI1_DMA_init     bsp_spi.o
    0x0800c92c   0x0800c92c   0x0000006c   Code   RO         6529    i.SPI_EndRxTxTransaction  stm32f4xx_hal_spi.o
    0x0800c998   0x0800c998   0x000000a8   Code   RO         6534    i.SPI_WaitFlagStateUntilTimeout  stm32f4xx_hal_spi.o
    0x0800ca40   0x0800ca40   0x00000012   Code   RO         9736    i.SWAPBYTE          usbd_ctlreq.o
    0x0800ca52   0x0800ca52   0x00000002   PAD
    0x0800ca54   0x0800ca54   0x000002dc   Code   RO          565    i.S_T_examine       spinning_top_examine.o
    0x0800cd30   0x0800cd30   0x00000034   Code   RO         9509    i.SysTick_Handler   port.o
    0x0800cd64   0x0800cd64   0x000000b4   Code   RO         1225    i.SystemClock_Config  main.o
    0x0800ce18   0x0800ce18   0x00000064   Code   RO         3684    i.SystemInit        system_stm32f4xx.o
    0x0800ce7c   0x0800ce7c   0x00000010   Code   RO         2194    i.TIM3_IRQHandler   stm32f4xx_it.o
    0x0800ce8c   0x0800ce8c   0x00000010   Code   RO         2195    i.TIM6_DAC_IRQHandler  stm32f4xx_it.o
    0x0800ce9c   0x0800ce9c   0x000000d8   Code   RO         6892    i.TIM_Base_SetConfig  stm32f4xx_hal_tim.o
    0x0800cf74   0x0800cf74   0x00000022   Code   RO         6893    i.TIM_CCxChannelCmd  stm32f4xx_hal_tim.o
    0x0800cf96   0x0800cf96   0x00000016   Code   RO         6903    i.TIM_ETR_SetConfig  stm32f4xx_hal_tim.o
    0x0800cfac   0x0800cfac   0x00000012   Code   RO         6904    i.TIM_ITRx_SetConfig  stm32f4xx_hal_tim.o
    0x0800cfbe   0x0800cfbe   0x00000002   PAD
    0x0800cfc0   0x0800cfc0   0x00000070   Code   RO         6905    i.TIM_OC1_SetConfig  stm32f4xx_hal_tim.o
    0x0800d030   0x0800d030   0x0000007c   Code   RO         6906    i.TIM_OC2_SetConfig  stm32f4xx_hal_tim.o
    0x0800d0ac   0x0800d0ac   0x00000078   Code   RO         6907    i.TIM_OC3_SetConfig  stm32f4xx_hal_tim.o
    0x0800d124   0x0800d124   0x00000054   Code   RO         6908    i.TIM_OC4_SetConfig  stm32f4xx_hal_tim.o
    0x0800d178   0x0800d178   0x00000026   Code   RO         6910    i.TIM_TI1_ConfigInputStage  stm32f4xx_hal_tim.o
    0x0800d19e   0x0800d19e   0x00000028   Code   RO         6912    i.TIM_TI2_ConfigInputStage  stm32f4xx_hal_tim.o
    0x0800d1c6   0x0800d1c6   0x00000014   Code   RO         7779    i.UART_DMAAbortOnError  stm32f4xx_hal_uart.o
    0x0800d1da   0x0800d1da   0x00000020   Code   RO         7789    i.UART_EndRxTransfer  stm32f4xx_hal_uart.o
    0x0800d1fa   0x0800d1fa   0x00000020   Code   RO         7790    i.UART_EndTransmit_IT  stm32f4xx_hal_uart.o
    0x0800d21a   0x0800d21a   0x000000a6   Code   RO         7792    i.UART_Receive_IT   stm32f4xx_hal_uart.o
    0x0800d2c0   0x0800d2c0   0x000003e8   Code   RO         7793    i.UART_SetConfig    stm32f4xx_hal_uart.o
    0x0800d6a8   0x0800d6a8   0x00000068   Code   RO         7794    i.UART_Transmit_IT  stm32f4xx_hal_uart.o
    0x0800d710   0x0800d710   0x0000006c   Code   RO         7795    i.UART_WaitOnFlagUntilTimeout  stm32f4xx_hal_uart.o
    0x0800d77c   0x0800d77c   0x00000010   Code   RO         2196    i.USART1_IRQHandler  stm32f4xx_it.o
    0x0800d78c   0x0800d78c   0x00000024   Code   RO         2197    i.USART3_IRQHandler  stm32f4xx_it.o
    0x0800d7b0   0x0800d7b0   0x00000024   Code   RO         2198    i.USART6_IRQHandler  stm32f4xx_it.o
    0x0800d7d4   0x0800d7d4   0x00000044   Code   RO         1018    i.USART_RX_DMA_ENABLE  vision.o
    0x0800d818   0x0800d818   0x00000044   Code   RO          679    i.USART_Receive_DMA_NO_IT  dr16_recive.o
    0x0800d85c   0x0800d85c   0x0000008c   Code   RO         9919    i.USBD_CDC_DataIn   usbd_cdc.o
    0x0800d8e8   0x0800d8e8   0x00000034   Code   RO         9920    i.USBD_CDC_DataOut  usbd_cdc.o
    0x0800d91c   0x0800d91c   0x00000054   Code   RO         9921    i.USBD_CDC_DeInit   usbd_cdc.o
    0x0800d970   0x0800d970   0x00000032   Code   RO         9922    i.USBD_CDC_EP0_RxReady  usbd_cdc.o
    0x0800d9a2   0x0800d9a2   0x00000002   PAD
    0x0800d9a4   0x0800d9a4   0x00000010   Code   RO         9923    i.USBD_CDC_GetDeviceQualifierDescriptor  usbd_cdc.o
    0x0800d9b4   0x0800d9b4   0x00000010   Code   RO         9924    i.USBD_CDC_GetFSCfgDesc  usbd_cdc.o
    0x0800d9c4   0x0800d9c4   0x00000010   Code   RO         9925    i.USBD_CDC_GetHSCfgDesc  usbd_cdc.o
    0x0800d9d4   0x0800d9d4   0x00000010   Code   RO         9926    i.USBD_CDC_GetOtherSpeedCfgDesc  usbd_cdc.o
    0x0800d9e4   0x0800d9e4   0x000000c0   Code   RO         9927    i.USBD_CDC_Init     usbd_cdc.o
    0x0800daa4   0x0800daa4   0x0000003a   Code   RO         9928    i.USBD_CDC_ReceivePacket  usbd_cdc.o
    0x0800dade   0x0800dade   0x00000010   Code   RO         9929    i.USBD_CDC_RegisterInterface  usbd_cdc.o
    0x0800daee   0x0800daee   0x0000000e   Code   RO         9930    i.USBD_CDC_SetRxBuffer  usbd_cdc.o
    0x0800dafc   0x0800dafc   0x00000014   Code   RO         9931    i.USBD_CDC_SetTxBuffer  usbd_cdc.o
    0x0800db10   0x0800db10   0x000000fa   Code   RO         9932    i.USBD_CDC_Setup    usbd_cdc.o
    0x0800dc0a   0x0800dc0a   0x0000001c   Code   RO         9588    i.USBD_ClrClassConfig  usbd_core.o
    0x0800dc26   0x0800dc26   0x0000003e   Code   RO         9737    i.USBD_ClrFeature   usbd_ctlreq.o
    0x0800dc64   0x0800dc64   0x00000018   Code   RO         9849    i.USBD_CtlContinueRx  usbd_ioreq.o
    0x0800dc7c   0x0800dc7c   0x00000018   Code   RO         9850    i.USBD_CtlContinueSendData  usbd_ioreq.o
    0x0800dc94   0x0800dc94   0x00000018   Code   RO         9738    i.USBD_CtlError     usbd_ctlreq.o
    0x0800dcac   0x0800dcac   0x00000028   Code   RO         9851    i.USBD_CtlPrepareRx  usbd_ioreq.o
    0x0800dcd4   0x0800dcd4   0x0000001a   Code   RO         9852    i.USBD_CtlReceiveStatus  usbd_ioreq.o
    0x0800dcee   0x0800dcee   0x00000022   Code   RO         9853    i.USBD_CtlSendData  usbd_ioreq.o
    0x0800dd10   0x0800dd10   0x0000001a   Code   RO         9854    i.USBD_CtlSendStatus  usbd_ioreq.o
    0x0800dd2a   0x0800dd2a   0x00000002   PAD
    0x0800dd2c   0x0800dd2c   0x00000034   Code   RO         2016    i.USBD_FS_ConfigStrDescriptor  usbd_desc.o
    0x0800dd60   0x0800dd60   0x00000010   Code   RO         2017    i.USBD_FS_DeviceDescriptor  usbd_desc.o
    0x0800dd70   0x0800dd70   0x00000038   Code   RO         2018    i.USBD_FS_InterfaceStrDescriptor  usbd_desc.o
    0x0800dda8   0x0800dda8   0x00000010   Code   RO         2019    i.USBD_FS_LangIDStrDescriptor  usbd_desc.o
    0x0800ddb8   0x0800ddb8   0x0000002c   Code   RO         2020    i.USBD_FS_ManufacturerStrDescriptor  usbd_desc.o
    0x0800dde4   0x0800dde4   0x00000040   Code   RO         2021    i.USBD_FS_ProductStrDescriptor  usbd_desc.o
    0x0800de24   0x0800de24   0x00000018   Code   RO         2022    i.USBD_FS_SerialStrDescriptor  usbd_desc.o
    0x0800de3c   0x0800de3c   0x00000056   Code   RO         9739    i.USBD_GetConfig    usbd_ctlreq.o
    0x0800de92   0x0800de92   0x000001fc   Code   RO         9740    i.USBD_GetDescriptor  usbd_ctlreq.o
    0x0800e08e   0x0800e08e   0x00000016   Code   RO         9741    i.USBD_GetLen       usbd_ctlreq.o
    0x0800e0a4   0x0800e0a4   0x0000005a   Code   RO         9742    i.USBD_GetStatus    usbd_ctlreq.o
    0x0800e0fe   0x0800e0fe   0x00000054   Code   RO         9743    i.USBD_GetString    usbd_ctlreq.o
    0x0800e152   0x0800e152   0x0000002c   Code   RO         1828    i.USBD_Get_USB_Status  usbd_conf.o
    0x0800e17e   0x0800e17e   0x00000044   Code   RO         9590    i.USBD_Init         usbd_core.o
    0x0800e1c2   0x0800e1c2   0x00000026   Code   RO         1829    i.USBD_LL_ClearStallEP  usbd_conf.o
    0x0800e1e8   0x0800e1e8   0x00000026   Code   RO         1830    i.USBD_LL_CloseEP   usbd_conf.o
    0x0800e20e   0x0800e20e   0x000000e6   Code   RO         9591    i.USBD_LL_DataInStage  usbd_core.o
    0x0800e2f4   0x0800e2f4   0x00000092   Code   RO         9592    i.USBD_LL_DataOutStage  usbd_core.o
    0x0800e386   0x0800e386   0x00000006   Code   RO         9593    i.USBD_LL_DevConnected  usbd_core.o
    0x0800e38c   0x0800e38c   0x00000020   Code   RO         9594    i.USBD_LL_DevDisconnected  usbd_core.o
    0x0800e3ac   0x0800e3ac   0x00000012   Code   RO         1834    i.USBD_LL_GetRxDataSize  usbd_conf.o
    0x0800e3be   0x0800e3be   0x00000002   PAD
    0x0800e3c0   0x0800e3c0   0x00000068   Code   RO         1835    i.USBD_LL_Init      usbd_conf.o
    0x0800e428   0x0800e428   0x00000038   Code   RO         1836    i.USBD_LL_IsStallEP  usbd_conf.o
    0x0800e460   0x0800e460   0x00000006   Code   RO         9595    i.USBD_LL_IsoINIncomplete  usbd_core.o
    0x0800e466   0x0800e466   0x00000006   Code   RO         9596    i.USBD_LL_IsoOUTIncomplete  usbd_core.o
    0x0800e46c   0x0800e46c   0x00000030   Code   RO         1837    i.USBD_LL_OpenEP    usbd_conf.o
    0x0800e49c   0x0800e49c   0x00000030   Code   RO         1838    i.USBD_LL_PrepareReceive  usbd_conf.o
    0x0800e4cc   0x0800e4cc   0x0000005a   Code   RO         9597    i.USBD_LL_Reset     usbd_core.o
    0x0800e526   0x0800e526   0x00000016   Code   RO         9598    i.USBD_LL_Resume    usbd_core.o
    0x0800e53c   0x0800e53c   0x00000022   Code   RO         9599    i.USBD_LL_SOF       usbd_core.o
    0x0800e55e   0x0800e55e   0x00000008   Code   RO         9600    i.USBD_LL_SetSpeed  usbd_core.o
    0x0800e566   0x0800e566   0x00000026   Code   RO         1839    i.USBD_LL_SetUSBAddress  usbd_conf.o
    0x0800e58c   0x0800e58c   0x00000076   Code   RO         9601    i.USBD_LL_SetupStage  usbd_core.o
    0x0800e602   0x0800e602   0x00000026   Code   RO         1840    i.USBD_LL_StallEP   usbd_conf.o
    0x0800e628   0x0800e628   0x0000001e   Code   RO         1841    i.USBD_LL_Start     usbd_conf.o
    0x0800e646   0x0800e646   0x00000014   Code   RO         9602    i.USBD_LL_Suspend   usbd_core.o
    0x0800e65a   0x0800e65a   0x00000030   Code   RO         1843    i.USBD_LL_Transmit  usbd_conf.o
    0x0800e68a   0x0800e68a   0x00000036   Code   RO         9744    i.USBD_ParseSetupRequest  usbd_ctlreq.o
    0x0800e6c0   0x0800e6c0   0x00000026   Code   RO         9603    i.USBD_RegisterClass  usbd_core.o
    0x0800e6e6   0x0800e6e6   0x00000006   Code   RO         9604    i.USBD_RunTestMode  usbd_core.o
    0x0800e6ec   0x0800e6ec   0x0000005a   Code   RO         9745    i.USBD_SetAddress   usbd_ctlreq.o
    0x0800e746   0x0800e746   0x00000020   Code   RO         9605    i.USBD_SetClassConfig  usbd_core.o
    0x0800e766   0x0800e766   0x00000002   PAD
    0x0800e768   0x0800e768   0x000000fc   Code   RO         9746    i.USBD_SetConfig    usbd_ctlreq.o
    0x0800e864   0x0800e864   0x00000018   Code   RO         9747    i.USBD_SetFeature   usbd_ctlreq.o
    0x0800e87c   0x0800e87c   0x0000000c   Code   RO         9606    i.USBD_Start        usbd_core.o
    0x0800e888   0x0800e888   0x000000a6   Code   RO         9748    i.USBD_StdDevReq    usbd_ctlreq.o
    0x0800e92e   0x0800e92e   0x0000022a   Code   RO         9749    i.USBD_StdEPReq     usbd_ctlreq.o
    0x0800eb58   0x0800eb58   0x0000007e   Code   RO         9750    i.USBD_StdItfReq    usbd_ctlreq.o
    0x0800ebd6   0x0800ebd6   0x00000002   PAD
    0x0800ebd8   0x0800ebd8   0x000000d0   Code   RO         3994    i.USB_ActivateEndpoint  stm32f4xx_ll_usb.o
    0x0800eca8   0x0800eca8   0x00000028   Code   RO         3996    i.USB_ActivateSetup  stm32f4xx_ll_usb.o
    0x0800ecd0   0x0800ecd0   0x00000084   Code   RO         3998    i.USB_CoreInit      stm32f4xx_ll_usb.o
    0x0800ed54   0x0800ed54   0x0000004c   Code   RO         3999    i.USB_CoreReset     stm32f4xx_ll_usb.o
    0x0800eda0   0x0800eda0   0x0000014c   Code   RO         4002    i.USB_DeactivateEndpoint  stm32f4xx_ll_usb.o
    0x0800eeec   0x0800eeec   0x00000024   Code   RO         4003    i.USB_DevConnect    stm32f4xx_ll_usb.o
    0x0800ef10   0x0800ef10   0x00000024   Code   RO         4004    i.USB_DevDisconnect  stm32f4xx_ll_usb.o
    0x0800ef34   0x0800ef34   0x000001e0   Code   RO         4005    i.USB_DevInit       stm32f4xx_ll_usb.o
    0x0800f114   0x0800f114   0x0000000e   Code   RO         4006    i.USB_DisableGlobalInt  stm32f4xx_ll_usb.o
    0x0800f122   0x0800f122   0x00000002   PAD
    0x0800f124   0x0800f124   0x000001d8   Code   RO         4009    i.USB_EP0StartXfer  stm32f4xx_ll_usb.o
    0x0800f2fc   0x0800f2fc   0x00000070   Code   RO         4010    i.USB_EP0_OutStart  stm32f4xx_ll_usb.o
    0x0800f36c   0x0800f36c   0x0000008e   Code   RO         4011    i.USB_EPClearStall  stm32f4xx_ll_usb.o
    0x0800f3fa   0x0800f3fa   0x0000009a   Code   RO         4012    i.USB_EPSetStall    stm32f4xx_ll_usb.o
    0x0800f494   0x0800f494   0x00000344   Code   RO         4013    i.USB_EPStartXfer   stm32f4xx_ll_usb.o
    0x0800f7d8   0x0800f7d8   0x0000000e   Code   RO         4014    i.USB_EnableGlobalInt  stm32f4xx_ll_usb.o
    0x0800f7e6   0x0800f7e6   0x00000002   PAD
    0x0800f7e8   0x0800f7e8   0x0000002c   Code   RO         4015    i.USB_FlushRxFifo   stm32f4xx_ll_usb.o
    0x0800f814   0x0800f814   0x00000030   Code   RO         4016    i.USB_FlushTxFifo   stm32f4xx_ll_usb.o
    0x0800f844   0x0800f844   0x00000026   Code   RO         4018    i.USB_GetDevSpeed   stm32f4xx_ll_usb.o
    0x0800f86a   0x0800f86a   0x0000000a   Code   RO         4020    i.USB_GetMode       stm32f4xx_ll_usb.o
    0x0800f874   0x0800f874   0x00000014   Code   RO         4027    i.USB_ReadDevAllInEpInterrupt  stm32f4xx_ll_usb.o
    0x0800f888   0x0800f888   0x00000014   Code   RO         4028    i.USB_ReadDevAllOutEpInterrupt  stm32f4xx_ll_usb.o
    0x0800f89c   0x0800f89c   0x00000032   Code   RO         4029    i.USB_ReadDevInEPInterrupt  stm32f4xx_ll_usb.o
    0x0800f8ce   0x0800f8ce   0x0000001a   Code   RO         4030    i.USB_ReadDevOutEPInterrupt  stm32f4xx_ll_usb.o
    0x0800f8e8   0x0800f8e8   0x0000000a   Code   RO         4031    i.USB_ReadInterrupts  stm32f4xx_ll_usb.o
    0x0800f8f2   0x0800f8f2   0x00000022   Code   RO         4032    i.USB_ReadPacket    stm32f4xx_ll_usb.o
    0x0800f914   0x0800f914   0x00000036   Code   RO         4034    i.USB_SetCurrentMode  stm32f4xx_ll_usb.o
    0x0800f94a   0x0800f94a   0x0000002a   Code   RO         4035    i.USB_SetDevAddress  stm32f4xx_ll_usb.o
    0x0800f974   0x0800f974   0x00000012   Code   RO         4036    i.USB_SetDevSpeed   stm32f4xx_ll_usb.o
    0x0800f986   0x0800f986   0x00000002   PAD
    0x0800f988   0x0800f988   0x000000e8   Code   RO         4037    i.USB_SetTurnaroundTime  stm32f4xx_ll_usb.o
    0x0800fa70   0x0800fa70   0x0000003c   Code   RO         4040    i.USB_WritePacket   stm32f4xx_ll_usb.o
    0x0800faac   0x0800faac   0x000001e0   Code   RO         3303    i.Updata_Hand_Euler_Gyro_Data  ins_task.o
    0x0800fc8c   0x0800fc8c   0x00000128   Code   RO         1019    i.Update_Vision_SendData  vision.o
    0x0800fdb4   0x0800fdb4   0x00000004   Code   RO         2199    i.UsageFault_Handler  stm32f4xx_it.o
    0x0800fdb8   0x0800fdb8   0x000001c8   Code   RO         1020    i.Vision_DataReceive  vision.o
    0x0800ff80   0x0800ff80   0x00000030   Code   RO         1021    i.Vision_DataSend   vision.o
    0x0800ffb0   0x0800ffb0   0x00000070   Code   RO         1022    i.Vision_Handler    vision.o
    0x08010020   0x08010020   0x000001c0   Code   RO          258    i.YAW_PID           my_cloud_control.o
    0x080101e0   0x080101e0   0x00000020   Code   RO        10321    i.__0printf         mc_w.l(printfa.o)
    0x08010200   0x08010200   0x00000024   Code   RO        10327    i.__0vsprintf       mc_w.l(printfa.o)
    0x08010224   0x08010224   0x00000026   Code   RO        10396    i.__ARM_fpclassifyf  m_wm.l(fpclassifyf.o)
    0x0801024a   0x0801024a   0x00000002   PAD
    0x0801024c   0x0801024c   0x00000010   Code   RO         5101    i.__NVIC_GetPriorityGrouping  stm32f4xx_hal_cortex.o
    0x0801025c   0x0801025c   0x00000028   Code   RO         5102    i.__NVIC_SetPriority  stm32f4xx_hal_cortex.o
    0x08010284   0x08010284   0x0000012c   Code   RO        10031    i.__hardfp_asinf    m_wm.l(asinf.o)
    0x080103b0   0x080103b0   0x00000250   Code   RO        10043    i.__hardfp_atan2f   m_wm.l(atan2f.o)
    0x08010600   0x08010600   0x00000014   Code   RO        10055    i.__hardfp_fabs     m_wm.l(fabs.o)
    0x08010614   0x08010614   0x0000007a   Code   RO        10061    i.__hardfp_sqrt     m_wm.l(sqrt.o)
    0x0801068e   0x0801068e   0x00000006   Code   RO        10399    i.__mathlib_flt_infnan  m_wm.l(funder.o)
    0x08010694   0x08010694   0x00000006   Code   RO        10400    i.__mathlib_flt_infnan2  m_wm.l(funder.o)
    0x0801069a   0x0801069a   0x00000002   PAD
    0x0801069c   0x0801069c   0x00000010   Code   RO        10401    i.__mathlib_flt_invalid  m_wm.l(funder.o)
    0x080106ac   0x080106ac   0x00000010   Code   RO        10404    i.__mathlib_flt_underflow  m_wm.l(funder.o)
    0x080106bc   0x080106bc   0x0000000e   Code   RO        10469    i.__scatterload_copy  mc_w.l(handlers.o)
    0x080106ca   0x080106ca   0x00000002   Code   RO        10470    i.__scatterload_null  mc_w.l(handlers.o)
    0x080106cc   0x080106cc   0x0000000e   Code   RO        10471    i.__scatterload_zeroinit  mc_w.l(handlers.o)
    0x080106da   0x080106da   0x00000002   PAD
    0x080106dc   0x080106dc   0x0000000c   Code   RO        10451    i.__set_errno       mc_w.l(errno.o)
    0x080106e8   0x080106e8   0x00000184   Code   RO        10328    i._fp_digits        mc_w.l(printfa.o)
    0x0801086c   0x0801086c   0x000006dc   Code   RO        10329    i._printf_core      mc_w.l(printfa.o)
    0x08010f48   0x08010f48   0x00000024   Code   RO        10330    i._printf_post_padding  mc_w.l(printfa.o)
    0x08010f6c   0x08010f6c   0x0000002e   Code   RO        10331    i._printf_pre_padding  mc_w.l(printfa.o)
    0x08010f9a   0x08010f9a   0x0000000a   Code   RO        10333    i._sputc            mc_w.l(printfa.o)
    0x08010fa4   0x08010fa4   0x00000068   Code   RO         2998    i.aRGB_led_show     bsp_led.o
    0x0801100c   0x0801100c   0x0000003c   Code   RO         3205    i.adcx_get_chx_value  bsp_adc.o
    0x08011048   0x08011048   0x00000134   Code   RO         2417    i.bmi088_accel_init  bmi088driver.o
    0x0801117c   0x0801117c   0x000002fc   Code   RO         2418    i.bmi088_accel_self_test  bmi088driver.o
    0x08011478   0x08011478   0x000000f4   Code   RO         2419    i.bmi088_gyro_init  bmi088driver.o
    0x0801156c   0x0801156c   0x000000d0   Code   RO         2420    i.bmi088_gyro_self_test  bmi088driver.o
    0x0801163c   0x0801163c   0x000000ec   Code   RO         3495    i.cali_data_read    calibrate_task.o
    0x08011728   0x08011728   0x0000008c   Code   RO         3496    i.cali_data_write   calibrate_task.o
    0x080117b4   0x080117b4   0x0000004c   Code   RO         3497    i.cali_gyro_hook    calibrate_task.o
    0x08011800   0x08011800   0x000000c4   Code   RO         3498    i.cali_param_init   calibrate_task.o
    0x080118c4   0x080118c4   0x000001b4   Code   RO         3499    i.calibrate_task    calibrate_task.o
    0x08011a78   0x08011a78   0x00000108   Code   RO          259    i.cloud_control     my_cloud_control.o
    0x08011b80   0x08011b80   0x00000078   Code   RO          260    i.cloud_control_mode_choose  my_cloud_control.o
    0x08011bf8   0x08011bf8   0x00000030   Code   RO         2932    i.delay_init        bsp_delay.o
    0x08011c28   0x08011c28   0x00000050   Code   RO         2934    i.delay_us          bsp_delay.o
    0x08011c78   0x08011c78   0x0000002e   Code   RO         3061    i.flash_erase_address  bsp_flash.o
    0x08011ca6   0x08011ca6   0x00000014   Code   RO         3062    i.flash_read        bsp_flash.o
    0x08011cba   0x08011cba   0x00000002   PAD
    0x08011cbc   0x08011cbc   0x00000098   Code   RO         3064    i.flash_write_single_address  bsp_flash.o
    0x08011d54   0x08011d54   0x00000020   Code   RO         1226    i.fputc             main.o
    0x08011d74   0x08011d74   0x00000050   Code   RO        10348    i.free              mc_w.l(malloc.o)
    0x08011dc4   0x08011dc4   0x000000f4   Code   RO         3065    i.ger_sector        bsp_flash.o
    0x08011eb8   0x08011eb8   0x000000dc   Code   RO         3304    i.get_angle         ins_task.o
    0x08011f94   0x08011f94   0x00000048   Code   RO         3206    i.get_battery_voltage  bsp_adc.o
    0x08011fdc   0x08011fdc   0x000000e8   Code   RO         3066    i.get_next_flash_address  bsp_flash.o
    0x080120c4   0x080120c4   0x00000054   Code   RO         3305    i.gyro_offset_calc  ins_task.o
    0x08012118   0x08012118   0x00000118   Code   RO          261    i.imu_angle         my_cloud_control.o
    0x08012230   0x08012230   0x0000012c   Code   RO         3306    i.imu_cali_slove    ins_task.o
    0x0801235c   0x0801235c   0x00000168   Code   RO         3307    i.imu_cmd_spi_dma   ins_task.o
    0x080124c4   0x080124c4   0x0000000c   Code   RO         2970    i.imu_pwm_set       bsp_imu_pwm.o
    0x080124d0   0x080124d0   0x000000bc   Code   RO         3308    i.imu_temp_control  ins_task.o
    0x0801258c   0x0801258c   0x00000040   Code   RO         3209    i.init_vrefint_reciprocal  bsp_adc.o
    0x080125cc   0x080125cc   0x0000003c   Code   RO         3644    i.invSqrt           mahonyahrs.o
    0x08012608   0x08012608   0x00000002   Code   RO         2757    i.ist8310_GPIO_init  ist8310driver_middleware.o
    0x0801260a   0x0801260a   0x00000002   PAD
    0x0801260c   0x0801260c   0x00000028   Code   RO         2759    i.ist8310_IIC_read_single_reg  ist8310driver_middleware.o
    0x08012634   0x08012634   0x00000028   Code   RO         2761    i.ist8310_IIC_write_single_reg  ist8310driver_middleware.o
    0x0801265c   0x0801265c   0x00000014   Code   RO         2762    i.ist8310_RST_H     ist8310driver_middleware.o
    0x08012670   0x08012670   0x00000014   Code   RO         2763    i.ist8310_RST_L     ist8310driver_middleware.o
    0x08012684   0x08012684   0x00000002   Code   RO         2764    i.ist8310_com_init  ist8310driver_middleware.o
    0x08012686   0x08012686   0x0000000c   Code   RO         2765    i.ist8310_delay_ms  ist8310driver_middleware.o
    0x08012692   0x08012692   0x00000002   PAD
    0x08012694   0x08012694   0x00000094   Code   RO         2722    i.ist8310_init      ist8310driver.o
    0x08012728   0x08012728   0x000001b0   Code   RO         3433    i.led_RGB_flow_task  led_flow_task.o
    0x080128d8   0x080128d8   0x00000082   Code   RO         1227    i.main              main.o
    0x0801295a   0x0801295a   0x0000000e   Code   RO         9080    i.makeFreeRtosPriority  cmsis_os.o
    0x08012968   0x08012968   0x0000006c   Code   RO        10349    i.malloc            mc_w.l(malloc.o)
    0x080129d4   0x080129d4   0x00000078   Code   RO         1095    i.oled_LOGO         oled.o
    0x08012a4c   0x08012a4c   0x00000054   Code   RO         1096    i.oled_clear        oled.o
    0x08012aa0   0x08012aa0   0x0000008c   Code   RO         1100    i.oled_drawpoint    oled.o
    0x08012b2c   0x08012b2c   0x0000011c   Code   RO         1101    i.oled_init         oled.o
    0x08012c48   0x08012c48   0x00000054   Code   RO         1103    i.oled_printf       oled.o
    0x08012c9c   0x08012c9c   0x00000038   Code   RO         1104    i.oled_refresh_gram  oled.o
    0x08012cd4   0x08012cd4   0x0000002e   Code   RO         1105    i.oled_set_pos      oled.o
    0x08012d02   0x08012d02   0x00000002   PAD
    0x08012d04   0x08012d04   0x00000094   Code   RO         1106    i.oled_showchar     oled.o
    0x08012d98   0x08012d98   0x00000030   Code   RO         1108    i.oled_showstring   oled.o
    0x08012dc8   0x08012dc8   0x00000034   Code   RO         1109    i.oled_write_byte   oled.o
    0x08012dfc   0x08012dfc   0x00000018   Code   RO         9082    i.osDelay           cmsis_os.o
    0x08012e14   0x08012e14   0x0000000a   Code   RO         9085    i.osKernelStart     cmsis_os.o
    0x08012e1e   0x08012e1e   0x0000005e   Code   RO         9119    i.osThreadCreate    cmsis_os.o
    0x08012e7c   0x08012e7c   0x00000030   Code   RO         8565    i.pcTaskGetName     tasks.o
    0x08012eac   0x08012eac   0x000000a4   Code   RO         8566    i.prvAddCurrentTaskToDelayedList  tasks.o
    0x08012f50   0x08012f50   0x000000b4   Code   RO         8567    i.prvAddNewTaskToReadyList  tasks.o
    0x08013004   0x08013004   0x00000074   Code   RO         8918    i.prvCheckForValidListAndQueue  timers.o
    0x08013078   0x08013078   0x00000048   Code   RO         8568    i.prvCheckTasksWaitingTermination  tasks.o
    0x080130c0   0x080130c0   0x0000002a   Code   RO         8213    i.prvCopyDataFromQueue  queue.o
    0x080130ea   0x080130ea   0x0000007e   Code   RO         8214    i.prvCopyDataToQueue  queue.o
    0x08013168   0x08013168   0x00000050   Code   RO         8569    i.prvDeleteTCB      tasks.o
    0x080131b8   0x080131b8   0x00000028   Code   RO         8919    i.prvGetNextExpireTime  timers.o
    0x080131e0   0x080131e0   0x0000007c   Code   RO         9459    i.prvHeapInit       heap_4.o
    0x0801325c   0x0801325c   0x00000028   Code   RO         8570    i.prvIdleTask       tasks.o
    0x08013284   0x08013284   0x00000026   Code   RO         8217    i.prvInitialiseNewQueue  queue.o
    0x080132aa   0x080132aa   0x000000c2   Code   RO         8571    i.prvInitialiseNewTask  tasks.o
    0x0801336c   0x0801336c   0x00000068   Code   RO         8572    i.prvInitialiseTaskLists  tasks.o
    0x080133d4   0x080133d4   0x00000068   Code   RO         9460    i.prvInsertBlockIntoFreeList  heap_4.o
    0x0801343c   0x0801343c   0x00000058   Code   RO         8921    i.prvInsertTimerInActiveList  timers.o
    0x08013494   0x08013494   0x0000001a   Code   RO         8218    i.prvIsQueueEmpty   queue.o
    0x080134ae   0x080134ae   0x0000001e   Code   RO         8219    i.prvIsQueueFull    queue.o
    0x080134cc   0x080134cc   0x00000074   Code   RO         8922    i.prvProcessExpiredTimer  timers.o
    0x08013540   0x08013540   0x00000164   Code   RO         8923    i.prvProcessReceivedCommands  timers.o
    0x080136a4   0x080136a4   0x00000074   Code   RO         8924    i.prvProcessTimerOrBlockTask  timers.o
    0x08013718   0x08013718   0x00000034   Code   RO         8573    i.prvResetNextTaskUnblockTime  tasks.o
    0x0801374c   0x0801374c   0x0000002c   Code   RO         8925    i.prvSampleTimeNow  timers.o
    0x08013778   0x08013778   0x000000b0   Code   RO         8574    i.prvSearchForNameWithinSingleList  tasks.o
    0x08013828   0x08013828   0x000000a4   Code   RO         8926    i.prvSwitchTimerLists  timers.o
    0x080138cc   0x080138cc   0x00000016   Code   RO         8575    i.prvTaskCheckFreeStackSpace  tasks.o
    0x080138e2   0x080138e2   0x00000002   PAD
    0x080138e4   0x080138e4   0x00000040   Code   RO         9510    i.prvTaskExitError  port.o
    0x08013924   0x08013924   0x0000001a   Code   RO         8927    i.prvTimerTask      timers.o
    0x0801393e   0x0801393e   0x0000007e   Code   RO         8220    i.prvUnlockQueue    queue.o
    0x080139bc   0x080139bc   0x0000013c   Code   RO         9461    i.pvPortMalloc      heap_4.o
    0x08013af8   0x08013af8   0x0000002c   Code   RO         9511    i.pxPortInitialiseStack  port.o
    0x08013b24   0x08013b24   0x00000354   Code   RO          262    i.scan_cloud        my_cloud_control.o
    0x08013e78   0x08013e78   0x00000664   Code   RO          345    i.shoot_control     my_shoot_control.o
    0x080144dc   0x080144dc   0x0000003e   Code   RO        10414    i.sqrtf             m_wm.l(sqrtf.o)
    0x0801451a   0x0801451a   0x0000000a   Code   RO         3468    i.test_task         test_task.o
    0x08014524   0x08014524   0x00000074   Code   RO         8578    i.ulTaskNotifyTake  tasks.o
    0x08014598   0x08014598   0x00000050   Code   RO          680    i.usart1_dr16_init  dr16_recive.o
    0x080145e8   0x080145e8   0x00000028   Code   RO         8173    i.uxListRemove      list.o
    0x08014610   0x08014610   0x00000028   Code   RO         8580    i.uxTaskGetStackHighWaterMark  tasks.o
    0x08014638   0x08014638   0x00000018   Code   RO         1344    i.vApplicationGetIdleTaskMemory  freertos.o
    0x08014650   0x08014650   0x00000018   Code   RO         1345    i.vApplicationGetTimerTaskMemory  freertos.o
    0x08014668   0x08014668   0x0000001a   Code   RO         8174    i.vListInitialise   list.o
    0x08014682   0x08014682   0x00000006   Code   RO         8175    i.vListInitialiseItem  list.o
    0x08014688   0x08014688   0x00000034   Code   RO         8176    i.vListInsert       list.o
    0x080146bc   0x080146bc   0x00000018   Code   RO         8177    i.vListInsertEnd    list.o
    0x080146d4   0x080146d4   0x00000054   Code   RO         9513    i.vPortEnterCritical  port.o
    0x08014728   0x08014728   0x0000003c   Code   RO         9514    i.vPortExitCritical  port.o
    0x08014764   0x08014764   0x00000094   Code   RO         9462    i.vPortFree         heap_4.o
    0x080147f8   0x080147f8   0x00000028   Code   RO         9515    i.vPortSetupTimerInterrupt  port.o
    0x08014820   0x08014820   0x00000078   Code   RO         9516    i.vPortValidateInterruptPriority  port.o
    0x08014898   0x08014898   0x0000002c   Code   RO         8224    i.vQueueAddToRegistry  queue.o
    0x080148c4   0x080148c4   0x0000004a   Code   RO         8227    i.vQueueWaitForMessageRestricted  queue.o
    0x0801490e   0x0801490e   0x00000002   PAD
    0x08014910   0x08014910   0x0000005c   Code   RO         8584    i.vTaskDelay        tasks.o
    0x0801496c   0x0801496c   0x000000d4   Code   RO         8585    i.vTaskDelayUntil   tasks.o
    0x08014a40   0x08014a40   0x00000018   Code   RO         8588    i.vTaskInternalSetTimeOutState  tasks.o
    0x08014a58   0x08014a58   0x0000000c   Code   RO         8589    i.vTaskMissedYield  tasks.o
    0x08014a64   0x08014a64   0x000000f0   Code   RO         8590    i.vTaskNotifyGiveFromISR  tasks.o
    0x08014b54   0x08014b54   0x00000038   Code   RO         8591    i.vTaskPlaceOnEventList  tasks.o
    0x08014b8c   0x08014b8c   0x00000040   Code   RO         8592    i.vTaskPlaceOnEventListRestricted  tasks.o
    0x08014bcc   0x08014bcc   0x000000b8   Code   RO         8599    i.vTaskStartScheduler  tasks.o
    0x08014c84   0x08014c84   0x00000010   Code   RO         8601    i.vTaskSuspendAll   tasks.o
    0x08014c94   0x08014c94   0x0000008c   Code   RO         8602    i.vTaskSwitchContext  tasks.o
    0x08014d20   0x08014d20   0x00000168   Code   RO         9517    i.xPortStartScheduler  port.o
    0x08014e88   0x08014e88   0x00000060   Code   RO         8230    i.xQueueGenericCreate  queue.o
    0x08014ee8   0x08014ee8   0x000000e0   Code   RO         8231    i.xQueueGenericCreateStatic  queue.o
    0x08014fc8   0x08014fc8   0x00000098   Code   RO         8232    i.xQueueGenericReset  queue.o
    0x08015060   0x08015060   0x000001a8   Code   RO         8233    i.xQueueGenericSend  queue.o
    0x08015208   0x08015208   0x000000f8   Code   RO         8234    i.xQueueGenericSendFromISR  queue.o
    0x08015300   0x08015300   0x00000168   Code   RO         8242    i.xQueueReceive     queue.o
    0x08015468   0x08015468   0x000000a8   Code   RO         8604    i.xTaskCheckForTimeOut  tasks.o
    0x08015510   0x08015510   0x00000064   Code   RO         8605    i.xTaskCreate       tasks.o
    0x08015574   0x08015574   0x000000ba   Code   RO         8606    i.xTaskCreateStatic  tasks.o
    0x0801562e   0x0801562e   0x00000002   PAD
    0x08015630   0x08015630   0x000000a4   Code   RO         8610    i.xTaskGetHandle    tasks.o
    0x080156d4   0x080156d4   0x00000020   Code   RO         8611    i.xTaskGetSchedulerState  tasks.o
    0x080156f4   0x080156f4   0x0000000c   Code   RO         8612    i.xTaskGetTickCount  tasks.o
    0x08015700   0x08015700   0x00000148   Code   RO         8614    i.xTaskIncrementTick  tasks.o
    0x08015848   0x08015848   0x000000c8   Code   RO         8617    i.xTaskPriorityDisinherit  tasks.o
    0x08015910   0x08015910   0x00000098   Code   RO         8619    i.xTaskRemoveFromEventList  tasks.o
    0x080159a8   0x080159a8   0x00000104   Code   RO         8620    i.xTaskResumeAll    tasks.o
    0x08015aac   0x08015aac   0x00000078   Code   RO         8933    i.xTimerCreateTimerTask  timers.o
    0x08015b24   0x08015b24   0x00000084   Code   RO         8934    i.xTimerGenericCommand  timers.o
    0x08015ba8   0x08015ba8   0x00000100   Data   RO          499    .constdata          crc.o
    0x08015ca8   0x08015ca8   0x00000bb4   Data   RO         1111    .constdata          oled.o
    0x0801685c   0x0801685c   0x000000fc   Data   RO         1347    .constdata          freertos.o
    0x08016958   0x08016958   0x00000012   Data   RO         2425    .constdata          bmi088driver.o
    0x0801696a   0x0801696a   0x0000000c   Data   RO         2725    .constdata          ist8310driver.o
    0x08016976   0x08016976   0x00000002   PAD
    0x08016978   0x08016978   0x00000018   Data   RO         3310    .constdata          ins_task.o
    0x08016990   0x08016990   0x00000003   Data   RO         3501    .constdata          calibrate_task.o
    0x08016993   0x08016993   0x00000018   Data   RO         3685    .constdata          system_stm32f4xx.o
    0x080169ab   0x080169ab   0x00000008   Data   RO         4818    .constdata          stm32f4xx_hal_dma.o
    0x080169b3   0x080169b3   0x00000001   PAD
    0x080169b4   0x080169b4   0x00000061   Data   RO         1348    .conststring        freertos.o
    0x08016a15   0x08016a15   0x00000003   PAD
    0x08016a18   0x08016a18   0x00000020   Data   RO        10467    Region$$Table       anon$$obj.o


    Execution Region RW_IRAM1 (Exec base: 0x20000000, Load base: 0x08016a38, Size: 0x0000db88, Max: 0x00020000, ABSOLUTE, COMPRESSED[0x000001b0])

    Exec Addr    Load Addr    Size         Type   Attr      Idx    E Section Name        Object

    0x20000000   COMPRESSED   0x0000002d   Data   RW          263    .data               my_cloud_control.o
    0x2000002d   COMPRESSED   0x00000003   PAD
    0x20000030   COMPRESSED   0x00000034   Data   RW          346    .data               my_shoot_control.o
    0x20000064   COMPRESSED   0x00000004   Data   RW          454    .data               my_positionpid_bate.o
    0x20000068   COMPRESSED   0x0000002c   Data   RW          566    .data               spinning_top_examine.o
    0x20000094   COMPRESSED   0x0000007a   Data   RW          682    .data               dr16_recive.o
    0x2000010e   COMPRESSED   0x00000002   PAD
    0x20000110   COMPRESSED   0x00000063   Data   RW         1026    .data               vision.o
    0x20000173   COMPRESSED   0x00000005   PAD
    0x20000178   COMPRESSED   0x0000013d   Data   RW         1228    .data               main.o
    0x200002b5   COMPRESSED   0x00000003   PAD
    0x200002b8   COMPRESSED   0x00000030   Data   RW         1349    .data               freertos.o
    0x200002e8   COMPRESSED   0x00000004   Data   RW         1502    .data               can.o
    0x200002ec   COMPRESSED   0x0000004e   Data   RW         2024    .data               usbd_desc.o
    0x2000033a   COMPRESSED   0x00000002   PAD
    0x2000033c   COMPRESSED   0x00000014   Data   RW         2117    .data               usbd_cdc_if.o
    0x20000350   COMPRESSED   0x0000002c   Data   RW         2426    .data               bmi088driver.o
    0x2000037c   COMPRESSED   0x0000001a   Data   RW         2888    .data               dji_imu.o
    0x20000396   COMPRESSED   0x00000002   PAD
    0x20000398   COMPRESSED   0x00000008   Data   RW         2935    .data               bsp_delay.o
    0x200003a0   COMPRESSED   0x00000008   Data   RW         2999    .data               bsp_led.o
    0x200003a8   COMPRESSED   0x00000010   Data   RW         3067    .data               bsp_flash.o
    0x200003b8   COMPRESSED   0x00000004   Data   RW         3211    .data               bsp_adc.o
    0x200003bc   COMPRESSED   0x000000c4   Data   RW         3311    .data               ins_task.o
    0x20000480   COMPRESSED   0x0000001c   Data   RW         3434    .data               led_flow_task.o
    0x2000049c   COMPRESSED   0x00000016   Data   RW         3502    .data               calibrate_task.o
    0x200004b2   COMPRESSED   0x00000002   PAD
    0x200004b4   COMPRESSED   0x00000014   Data   RW         3645    .data               mahonyahrs.o
    0x200004c8   COMPRESSED   0x00000004   Data   RW         3686    .data               system_stm32f4xx.o
    0x200004cc   COMPRESSED   0x00000009   Data   RW         5250    .data               stm32f4xx_hal.o
    0x200004d5   COMPRESSED   0x00000003   PAD
    0x200004d8   COMPRESSED   0x0000003c   Data   RW         8623    .data               tasks.o
    0x20000514   COMPRESSED   0x00000014   Data   RW         8942    .data               timers.o
    0x20000528   COMPRESSED   0x00000018   Data   RW         9467    .data               heap_4.o
    0x20000540   COMPRESSED   0x0000000c   Data   RW         9518    .data               port.o
    0x2000054c   COMPRESSED   0x00000001   Data   RW         9751    .data               usbd_ctlreq.o
    0x2000054d   COMPRESSED   0x00000003   PAD
    0x20000550   COMPRESSED   0x0000010f   Data   RW         9934    .data               usbd_cdc.o
    0x2000065f   COMPRESSED   0x00000001   PAD
    0x20000660   COMPRESSED   0x00000004   Data   RW        10438    .data               mc_w.l(stdout.o)
    0x20000664   COMPRESSED   0x00000004   Data   RW        10447    .data               mc_w.l(mvars.o)
    0x20000668   COMPRESSED   0x00000004   Data   RW        10448    .data               mc_w.l(mvars.o)
    0x2000066c   COMPRESSED   0x00000004   Data   RW        10452    .data               mc_w.l(errno.o)
    0x20000670        -       0x00000170   Zero   RW          404    .bss                my_incrementpid_bate.o
    0x200007e0        -       0x00000300   Zero   RW          453    .bss                my_positionpid_bate.o
    0x20000ae0        -       0x00000048   Zero   RW          532    .bss                fps_calculate.o
    0x20000b28        -       0x00000090   Zero   RW          603    .bss                m3508.o
    0x20000bb8        -       0x00000098   Zero   RW          681    .bss                dr16_recive.o
    0x20000c50        -       0x00000090   Zero   RW          791    .bss                gm6020.o
    0x20000ce0        -       0x00000048   Zero   RW         1025    .bss                vision.o
    0x20000d28        -       0x00000410   Zero   RW         1110    .bss                oled.o
    0x20001138        -       0x000006bc   Zero   RW         1346    .bss                freertos.o
    0x200017f4        -       0x00000090   Zero   RW         1453    .bss                adc.o
    0x20001884        -       0x00000050   Zero   RW         1501    .bss                can.o
    0x200018d4        -       0x00000054   Zero   RW         1573    .bss                i2c.o
    0x20001928        -       0x00000170   Zero   RW         1616    .bss                spi.o
    0x20001a98        -       0x00000100   Zero   RW         1667    .bss                tim.o
    0x20001b98        -       0x00000240   Zero   RW         1731    .bss                usart.o
    0x20001dd8        -       0x000002d0   Zero   RW         1781    .bss                usb_device.o
    0x200020a8        -       0x00000408   Zero   RW         1844    .bss                usbd_conf.o
    0x200024b0        -       0x00000200   Zero   RW         2023    .bss                usbd_desc.o
    0x200026b0        -       0x00001000   Zero   RW         2116    .bss                usbd_cdc_if.o
    0x200036b0        -       0x00000048   Zero   RW         2200    .bss                stm32f4xx_it.o
    0x200036f8        -       0x00000040   Zero   RW         2371    .bss                stm32f4xx_hal_timebase_tim.o
    0x20003738        -       0x00000020   Zero   RW         3123    .bss                user_can.o
    0x20003758        -       0x0000000a   Zero   RW         3171    .bss                bsp_buzzer.o
    0x20003762   COMPRESSED   0x00000002   PAD
    0x20003764        -       0x00000010   Zero   RW         3210    .bss                bsp_adc.o
    0x20003774        -       0x0000016c   Zero   RW         3309    .bss                ins_task.o
    0x200038e0        -       0x00000041   Zero   RW         3500    .bss                calibrate_task.o
    0x20003921   COMPRESSED   0x00000003   PAD
    0x20003924        -       0x00000020   Zero   RW         4472    .bss                stm32f4xx_hal_flash.o
    0x20003944        -       0x00000040   Zero   RW         8245    .bss                queue.o
    0x20003984        -       0x000000f0   Zero   RW         8622    .bss                tasks.o
    0x20003a74        -       0x00000110   Zero   RW         8941    .bss                timers.o
    0x20003b84        -       0x00006000   Zero   RW         9466    .bss                heap_4.o
    0x20009b84   COMPRESSED   0x00000004   PAD
    0x20009b88        -       0x00002000   Zero   RW         3674    HEAP                startup_stm32f407xx.o
    0x2000bb88        -       0x00002000   Zero   RW         3673    STACK               startup_stm32f407xx.o


==============================================================================

Image component sizes


      Code (inc. data)   RO Data    RW Data    ZI Data      Debug   Object Name

       396         42          0          0        144       2362   adc.o
         0          0          0          0          0       4888   beep_my.o
      2338         40         18         44          0     615127   bmi088driver.o
       140         28          0          0          0       4700   bmi088middleware.o
       196         28          0          4         16       2501   bsp_adc.o
       332         18          0          0         10       1895   bsp_buzzer.o
       128         20          0          8          0       1284   bsp_delay.o
       694        108          0         16          0       4093   bsp_flash.o
        12          4          0          0          0        486   bsp_imu_pwm.o
       104         22          0          8          0        576   bsp_led.o
     10428        170          0          0          0       5630   bsp_spi.o
      1084         90          3         22         65       5790   calibrate_task.o
       488         40          0          4         80       2454   can.o
       142          0          0          0          0      22683   cmsis_os.o
        36          6        256          0          0       1260   crc.o
        28          4          0         26          0       2035   dji_imu.o
       168          6          0          0          0        918   dma.o
       756         42          0        122        152      14111   dr16_recive.o
         0          0          0          0          0      18448   event_groups.o
       110         16          0          0         72       2280   fps_calculate.o
      3148        538        349         48       1724      13542   freertos.o
       728         22          0          0        144       3090   gm6020.o
       544         30          0          0          0       1323   gpio.o
       692         62          0         24      24576       4807   heap_4.o
       260         30          0          0         84       1753   i2c.o
      5130        374         24        196        364      15877   ins_task.o
       148          6         12          0          0       2011   ist8310driver.o
       136         22          0          0          0       3895   ist8310driver_middleware.o
       432         10          0         28          0       1733   led_flow_task.o
       148          0          0          0          0       3610   list.o
       316          8          0          0          0        600   m2006.o
       184         10          0          0        144       2512   m3508.o
      2276         72          0         20          0       4865   mahonyahrs.o
       368         22          0        317          0       9257   main.o
         0          0          0          0          0     762420   my_chassis_control.o
      2248        354          0         45          0       5377   my_cloud_control.o
       706          6          0          0        368       4104   my_incrementpid_bate.o
       612         16          0          4        768       4898   my_positionpid_bate.o
      1636        228          0         52          0       2559   my_shoot_control.o
      1062         42       2996          0       1040       8813   oled.o
       592          8          0          0          0       2558   pid.o
      1014         92          0         12          0      11997   port.o
      2010         20          0          0         64      18182   queue.o
       600         52          0          0        368       2596   spi.o
       732         74          0         44          0       1654   spinning_top_examine.o
        36          8        392          0      16384        792   startup_stm32f407xx.o
       136         24          0          9          0       8738   stm32f4xx_hal.o
      1370         54          0          0          0       5142   stm32f4xx_hal_adc.o
      2092          6          0          0          0      13404   stm32f4xx_hal_can.o
       252         22          0          0          0      33594   stm32f4xx_hal_cortex.o
      1220         16          8          0          0       6143   stm32f4xx_hal_dma.o
       652         64          0          0         32       5846   stm32f4xx_hal_flash.o
       432         26          0          0          0       3306   stm32f4xx_hal_flash_ex.o
       568         50          0          0          0       3678   stm32f4xx_hal_gpio.o
      2856         46          0          0          0      11634   stm32f4xx_hal_i2c.o
        84          6          0          0          0        930   stm32f4xx_hal_msp.o
      3228         14          0          0          0      12789   stm32f4xx_hal_pcd.o
        90          0          0          0          0       2501   stm32f4xx_hal_pcd_ex.o
      1868         94          0          0          0       6277   stm32f4xx_hal_rcc.o
      1388          8          0          0          0       5828   stm32f4xx_hal_spi.o
      2028         90          0          0          0      16461   stm32f4xx_hal_tim.o
       184         30          0          0          0       2561   stm32f4xx_hal_tim_ex.o
       140         18          0          0         64       1527   stm32f4xx_hal_timebase_tim.o
      2138         12          0          0          0       9711   stm32f4xx_hal_uart.o
       480        114          0          0         72      12047   stm32f4xx_it.o
      3790        102          0          0          0      22294   stm32f4xx_ll_usb.o
         0          0          0          0          0        392   stream_buffer.o
       100         18         24          4          0       1235   system_stm32f4xx.o
      3930        432          0         60        240      34463   tasks.o
        10          0          0          0          0        504   test_task.o
      1092         94          0          0        256       4697   tim.o
      1318        124          0         20        272      30279   timers.o
       936         88          0          0        576       3472   usart.o
        76         16          0          0        720        720   usb_device.o
       940         24          0        271          0      12599   usbd_cdc.o
       148         16          0         20       4096       3410   usbd_cdc_if.o
       990         18          0          0       1032      15472   usbd_conf.o
       902          0          0          0          0      13101   usbd_core.o
      2160         28          0          1          0      16840   usbd_ctlreq.o
       386        122          0         78        512       6593   usbd_desc.o
       174          0          0          0          0       4744   usbd_ioreq.o
       280         26          0          0         32       3466   user_can.o
       980         76          0         99         72       5762   vision.o

    ----------------------------------------------------------------------
     82830       4668       4120       1632      54552    1950506   Object Totals
         0          0         32          0          0          0   (incl. Generated)
        74          0          6         26          9          0   (incl. Padding)

    ----------------------------------------------------------------------

      Code (inc. data)   RO Data    RW Data    ZI Data      Debug   Library Member Name

       300         42          0          0          0        176   asinf.o
       592         90          0          0          0        184   atan2f.o
        20          0          0          0          0        124   fabs.o
        38          0          0          0          0        116   fpclassifyf.o
        44         12          0          0          0        464   funder.o
       122          0          0          0          0        148   sqrt.o
        62          0          0          0          0        136   sqrtf.o
        86          0          0          0          0          0   __dczerorl2.o
         0          0          0          0          0          0   entry.o
         0          0          0          0          0          0   entry10a.o
         0          0          0          0          0          0   entry11a.o
         8          4          0          0          0          0   entry2.o
         4          0          0          0          0          0   entry5.o
         0          0          0          0          0          0   entry7b.o
         0          0          0          0          0          0   entry8b.o
         8          4          0          0          0          0   entry9a.o
        12          6          0          4          0         68   errno.o
        30          0          0          0          0          0   handlers.o
        36          8          0          0          0         68   init.o
         0          0          0          0          0          0   iusefp.o
        30          0          0          0          0         68   llshl.o
        36          0          0          0          0         68   llsshr.o
        32          0          0          0          0         68   llushr.o
       188         20          0          0          0        160   malloc.o
        36          0          0          0          0         68   memcpya.o
        36          0          0          0          0        108   memseta.o
         0          0          0          8          0          0   mvars.o
      2304         96          0          0          0        600   printfa.o
         0          0          0          4          0          0   stdout.o
        14          0          0          0          0         68   strlen.o
        44          0          0          0          0         80   uidiv.o
        98          0          0          0          0         92   uldiv.o
        48          0          0          0          0         68   cdcmple.o
        48          0          0          0          0         68   cdrcmple.o
        56          0          0          0          0         88   d2f.o
       334          0          0          0          0        148   dadd.o
       222          0          0          0          0        100   ddiv.o
       186          0          0          0          0        176   depilogue.o
        50          0          0          0          0         76   dfixui.o
        48          0          0          0          0         68   dfixul.o
        34          0          0          0          0         76   dflti.o
        26          0          0          0          0         76   dfltui.o
       228          0          0          0          0         96   dmul.o
       162          0          0          0          0        100   dsqrt.o
        38          0          0          0          0         68   f2d.o
       110          0          0          0          0        168   fepilogue.o

    ----------------------------------------------------------------------
      5778        282          0         16          0       4240   Library Totals
         8          0          0          0          0          0   (incl. Padding)

    ----------------------------------------------------------------------

      Code (inc. data)   RO Data    RW Data    ZI Data      Debug   Library Name

      1178        144          0          0          0       1348   m_wm.l
      3002        138          0         16          0       1516   mc_w.l
      1590          0          0          0          0       1376   mf_w.l

    ----------------------------------------------------------------------
      5778        282          0         16          0       4240   Library Totals

    ----------------------------------------------------------------------

==============================================================================


      Code (inc. data)   RO Data    RW Data    ZI Data      Debug   

     88608       4950       4120       1648      54552    1902070   Grand Totals
     88608       4950       4120        432      54552    1902070   ELF Image Totals (compressed)
     88608       4950       4120        432          0          0   ROM Totals

==============================================================================

    Total RO  Size (Code + RO Data)                92728 (  90.55kB)
    Total RW  Size (RW Data + ZI Data)             56200 (  54.88kB)
    Total ROM Size (Code + RO Data + RW Data)      93160 (  90.98kB)

==============================================================================

