Component: ARM Compiler 5.06 update 6 (build 750) Tool: armlink [4d35ed]

==============================================================================

Section Cross References

    my_chassis_control.o(i.Random_CHASSIS) refers to m3508.o(.bss) for M3508s
    my_chassis_control.o(i.Random_CHASSIS) refers to my_chassis_control.o(.data) for RANDOM_CHASSIS
    my_cloud_control.o(i.PITCH_PID) refers to dflt_clz.o(x$fpl$dflt) for __aeabi_i2d
    my_cloud_control.o(i.PITCH_PID) refers to dmul.o(x$fpl$dmul) for __aeabi_dmul
    my_cloud_control.o(i.PITCH_PID) refers to ddiv.o(x$fpl$ddiv) for __aeabi_ddiv
    my_cloud_control.o(i.PITCH_PID) refers to f2d.o(x$fpl$f2d) for __aeabi_f2d
    my_cloud_control.o(i.PITCH_PID) refers to daddsub_clz.o(x$fpl$dadd) for __aeabi_dadd
    my_cloud_control.o(i.PITCH_PID) refers to d2f.o(x$fpl$d2f) for __aeabi_d2f
    my_cloud_control.o(i.PITCH_PID) refers to my_positionpid_bate.o(i.P_PID_bate) for P_PID_bate
    my_cloud_control.o(i.PITCH_PID) refers to dr16_recive.o(.data) for DR16
    my_cloud_control.o(i.PITCH_PID) refers to main.o(.data) for PITCH_trage_angle
    my_cloud_control.o(i.PITCH_PID) refers to vision.o(.bss) for VisionData
    my_cloud_control.o(i.PITCH_PID) refers to ins_task.o(.bss) for DJIC_IMU
    my_cloud_control.o(i.PITCH_PID) refers to my_positionpid_bate.o(.bss) for PITCH_IMU_Angle_pid
    my_cloud_control.o(i.YAW_PID) refers to dflt_clz.o(x$fpl$dflt) for __aeabi_i2d
    my_cloud_control.o(i.YAW_PID) refers to ddiv.o(x$fpl$ddiv) for __aeabi_ddiv
    my_cloud_control.o(i.YAW_PID) refers to f2d.o(x$fpl$f2d) for __aeabi_f2d
    my_cloud_control.o(i.YAW_PID) refers to daddsub_clz.o(x$fpl$dsub) for __aeabi_dsub
    my_cloud_control.o(i.YAW_PID) refers to d2f.o(x$fpl$d2f) for __aeabi_d2f
    my_cloud_control.o(i.YAW_PID) refers to my_positionpid_bate.o(i.P_PID_bate) for P_PID_bate
    my_cloud_control.o(i.YAW_PID) refers to dr16_recive.o(.data) for DR16
    my_cloud_control.o(i.YAW_PID) refers to gm6020.o(.bss) for GM6020s
    my_cloud_control.o(i.YAW_PID) refers to main.o(.data) for CLOUD_enable_moto
    my_cloud_control.o(i.YAW_PID) refers to ins_task.o(.bss) for DJIC_IMU
    my_cloud_control.o(i.YAW_PID) refers to my_cloud_control.o(.data) for cloud_mode
    my_cloud_control.o(i.YAW_PID) refers to my_positionpid_bate.o(.bss) for Yaw_IMU_Angle_pid
    my_cloud_control.o(i.cloud_control) refers to my_cloud_control.o(i.cloud_control_mode_choose) for cloud_control_mode_choose
    my_cloud_control.o(i.cloud_control) refers to my_cloud_control.o(i.scan_cloud) for scan_cloud
    my_cloud_control.o(i.cloud_control) refers to f2d.o(x$fpl$f2d) for __aeabi_f2d
    my_cloud_control.o(i.cloud_control) refers to daddsub_clz.o(x$fpl$dadd) for __aeabi_dadd
    my_cloud_control.o(i.cloud_control) refers to d2f.o(x$fpl$d2f) for __aeabi_d2f
    my_cloud_control.o(i.cloud_control) refers to my_cloud_control.o(i.YAW_PID) for YAW_PID
    my_cloud_control.o(i.cloud_control) refers to my_cloud_control.o(i.imu_angle) for imu_angle
    my_cloud_control.o(i.cloud_control) refers to my_cloud_control.o(i.PITCH_PID) for PITCH_PID
    my_cloud_control.o(i.cloud_control) refers to dr16_recive.o(.data) for DR16
    my_cloud_control.o(i.cloud_control) refers to ins_task.o(.bss) for DJIC_IMU
    my_cloud_control.o(i.cloud_control) refers to main.o(.data) for simulation_target_yaw
    my_cloud_control.o(i.cloud_control_mode_choose) refers to my_positionpid_bate.o(i.P_PID_Parameter_Clear) for P_PID_Parameter_Clear
    my_cloud_control.o(i.cloud_control_mode_choose) refers to dr16_recive.o(.data) for DR16
    my_cloud_control.o(i.cloud_control_mode_choose) refers to main.o(.data) for Armour_lose_time
    my_cloud_control.o(i.cloud_control_mode_choose) refers to my_cloud_control.o(.data) for cloud_mode
    my_cloud_control.o(i.cloud_control_mode_choose) refers to my_positionpid_bate.o(.bss) for VISION_Yaw_IMU_Angle_pid
    my_cloud_control.o(i.imu_angle) refers to f2d.o(x$fpl$f2d) for __aeabi_f2d
    my_cloud_control.o(i.imu_angle) refers to ddiv.o(x$fpl$ddiv) for __aeabi_ddiv
    my_cloud_control.o(i.imu_angle) refers to dmul.o(x$fpl$dmul) for __aeabi_dmul
    my_cloud_control.o(i.imu_angle) refers to daddsub_clz.o(x$fpl$dadd) for __aeabi_dadd
    my_cloud_control.o(i.imu_angle) refers to d2f.o(x$fpl$d2f) for __aeabi_d2f
    my_cloud_control.o(i.imu_angle) refers to gm6020.o(.bss) for GM6020s
    my_cloud_control.o(i.imu_angle) refers to ins_task.o(.bss) for DJIC_IMU
    my_cloud_control.o(i.imu_angle) refers to main.o(.data) for PITCH_MAX_angle
    my_cloud_control.o(i.scan_cloud) refers to dflt_clz.o(x$fpl$dflt) for __aeabi_i2d
    my_cloud_control.o(i.scan_cloud) refers to ddiv.o(x$fpl$ddiv) for __aeabi_ddiv
    my_cloud_control.o(i.scan_cloud) refers to f2d.o(x$fpl$f2d) for __aeabi_f2d
    my_cloud_control.o(i.scan_cloud) refers to dmul.o(x$fpl$dmul) for __aeabi_dmul
    my_cloud_control.o(i.scan_cloud) refers to daddsub_clz.o(x$fpl$dadd) for __aeabi_dadd
[...]
    0x08000898   0x08000898   0x00000052   Code   RO        10183    .text               c_w.l(_printf_str.o)
    0x080008ea   0x080008ea   0x00000002   PAD
    0x080008ec   0x080008ec   0x00000078   Code   RO        10185    .text               c_w.l(_printf_dec.o)
    0x08000964   0x08000964   0x00000028   Code   RO        10187    .text               c_w.l(_printf_charcount.o)
    0x0800098c   0x0800098c   0x00000030   Code   RO        10189    .text               c_w.l(_printf_char_common.o)
    0x080009bc   0x080009bc   0x0000000a   Code   RO        10191    .text               c_w.l(_sputc.o)
    0x080009c6   0x080009c6   0x00000002   PAD
    0x080009c8   0x080009c8   0x000000bc   Code   RO        10193    .text               c_w.l(_printf_wctomb.o)
    0x08000a84   0x08000a84   0x0000007c   Code   RO        10196    .text               c_w.l(_printf_longlong_dec.o)
    0x08000b00   0x08000b00   0x00000070   Code   RO        10202    .text               c_w.l(_printf_oct_int_ll.o)
    0x08000b70   0x08000b70   0x00000094   Code   RO        10222    .text               c_w.l(_printf_hex_int_ll_ptr.o)
    0x08000c04   0x08000c04   0x00000188   Code   RO        10242    .text               c_w.l(__printf_flags_ss_wp.o)
    0x08000d8c   0x08000d8c   0x00000044   Code   RO        10268    .text               c_w.l(rt_memclr.o)
    0x08000dd0   0x08000dd0   0x00000008   Code   RO        10368    .text               c_w.l(libspace.o)
    0x08000dd8   0x08000dd8   0x00000008   Code   RO        10391    .text               c_w.l(rt_errno_addr_intlibspace.o)
    0x08000de0   0x08000de0   0x00000034   Code   RO        10397    .text               c_w.l(h1_extend.o)
    0x08000e14   0x08000e14   0x0000008a   Code   RO        10401    .text               c_w.l(lludiv10.o)
    0x08000e9e   0x08000e9e   0x000000b2   Code   RO        10403    .text               c_w.l(_printf_intcommon.o)
    0x08000f50   0x08000f50   0x0000041e   Code   RO        10405    .text               c_w.l(_printf_fp_dec.o)
    0x0800136e   0x0800136e   0x00000002   PAD
    0x08001370   0x08001370   0x000002fc   Code   RO        10407    .text               c_w.l(_printf_fp_hex.o)
    0x0800166c   0x0800166c   0x0000002c   Code   RO        10412    .text               c_w.l(_printf_char.o)
    0x08001698   0x08001698   0x0000002c   Code   RO        10414    .text               c_w.l(_printf_wchar.o)
    0x080016c4   0x080016c4   0x00000040   Code   RO        10417    .text               c_w.l(_wcrtomb.o)
    0x08001704   0x08001704   0x0000000e   Code   RO        10419    .text               c_w.l(defsig_rtmem_outer.o)
    0x08001712   0x08001712   0x00000002   Code   RO        10430    .text               c_w.l(use_no_semi.o)
    0x08001714   0x08001714   0x00000000   Code   RO        10432    .text               c_w.l(indicate_semi.o)
    0x08001714   0x08001714   0x0000004a   Code   RO        10433    .text               c_w.l(sys_stackheap_outer.o)
    0x0800175e   0x0800175e   0x00000002   PAD
    0x08001760   0x08001760   0x00000010   Code   RO        10435    .text               c_w.l(rt_ctype_table.o)
    0x08001770   0x08001770   0x00000008   Code   RO        10442    .text               c_w.l(rt_locale_intlibspace.o)
    0x08001778   0x08001778   0x00000080   Code   RO        10446    .text               c_w.l(_printf_fp_infnan.o)
    0x080017f8   0x080017f8   0x000000e4   Code   RO        10448    .text               c_w.l(bigflt0.o)
    0x080018dc   0x080018dc   0x00000012   Code   RO        10476    .text               c_w.l(exit.o)
    0x080018ee   0x080018ee   0x0000000a   Code   RO        10478    .text               c_w.l(defsig_exit.o)
    0x080018f8   0x080018f8   0x00000050   Code   RO        10484    .text               c_w.l(defsig_rtmem_inner.o)
    0x08001948   0x08001948   0x0000000c   Code   RO        10500    .text               c_w.l(sys_exit.o)
    0x08001954   0x08001954   0x00000032   Code   RO        10513    .text               c_w.l(defsig_general.o)
    0x08001986   0x08001986   0x00000002   PAD
    0x08001988   0x08001988   0x00000080   Code   RO        10517    .text               c_w.l(strcmpv7m.o)
    0x08001a08   0x08001a08   0x0000000e   Code   RO        10535    .text               c_w.l(sys_wrch.o)
    0x08001a16   0x08001a16   0x0000003e   Code   RO        10451    CL$$btod_d2e        c_w.l(btod.o)
    0x08001a54   0x08001a54   0x00000046   Code   RO        10453    CL$$btod_d2e_denorm_low  c_w.l(btod.o)
    0x08001a9a   0x08001a9a   0x00000060   Code   RO        10452    CL$$btod_d2e_norm_op1  c_w.l(btod.o)
    0x08001afa   0x08001afa   0x00000338   Code   RO        10461    CL$$btod_div_common  c_w.l(btod.o)
    0x08001e32   0x08001e32   0x000000dc   Code   RO        10458    CL$$btod_e2e        c_w.l(btod.o)
    0x08001f0e   0x08001f0e   0x0000002a   Code   RO        10455    CL$$btod_ediv       c_w.l(btod.o)
    0x08001f38   0x08001f38   0x0000002a   Code   RO        10454    CL$$btod_emul       c_w.l(btod.o)
    0x08001f62   0x08001f62   0x00000244   Code   RO        10460    CL$$btod_mult_common  c_w.l(btod.o)
    0x080021a6   0x080021a6   0x00000002   PAD
    0x080021a8   0x080021a8   0x00000160   Code   RO         5440    i.ADC_Init          stm32f4xx_hal_adc.o
    0x08002308   0x08002308   0x00000028   Code   RO         3252    i.AHRS_init         ins_task.o
    0x08002330   0x08002330   0x0000006a   Code   RO         3253    i.AHRS_update       ins_task.o
    0x0800239a   0x0800239a   0x00000002   PAD
    0x0800239c   0x0800239c   0x00000014   Code   RO         2599    i.BMI088_ACCEL_NS_H  bmi088middleware.o
    0x080023b0   0x080023b0   0x00000014   Code   RO         2600    i.BMI088_ACCEL_NS_L  bmi088middleware.o
    0x080023c4   0x080023c4   0x00000002   Code   RO         2601    i.BMI088_GPIO_init  bmi088middleware.o
    0x080023c6   0x080023c6   0x00000002   PAD
    0x080023c8   0x080023c8   0x00000014   Code   RO         2602    i.BMI088_GYRO_NS_H  bmi088middleware.o
    0x080023dc   0x080023dc   0x00000014   Code   RO         2603    i.BMI088_GYRO_NS_L  bmi088middleware.o
    0x080023f0   0x080023f0   0x00000090   Code   RO         2363    i.BMI088_accel_read_over  bmi088driver.o
    0x08002480   0x08002480   0x00000002   Code   RO         2604    i.BMI088_com_init   bmi088middleware.o
    0x08002482   0x08002482   0x0000000c   Code   RO         2605    i.BMI088_delay_ms   bmi088middleware.o
    0x0800248e   0x0800248e   0x0000000c   Code   RO         2606    i.BMI088_delay_us   bmi088middleware.o
    0x0800249a   0x0800249a   0x00000002   PAD
    0x0800249c   0x0800249c   0x00000068   Code   RO         2364    i.BMI088_gyro_read_over  bmi088driver.o
    0x08002504   0x08002504   0x00000034   Code   RO         2365    i.BMI088_init       bmi088driver.o
    0x08002538   0x08002538   0x0000017c   Code   RO         2366    i.BMI088_read       bmi088driver.o
    0x080026b4   0x080026b4   0x00000026   Code   RO         2369    i.BMI088_read_muli_reg  bmi088driver.o
    0x080026da   0x080026da   0x00000018   Code   RO         2370    i.BMI088_read_single_reg  bmi088driver.o
    0x080026f2   0x080026f2   0x00000002   PAD
    0x080026f4   0x080026f4   0x00000020   Code   RO         2607    i.BMI088_read_write_byte  bmi088middleware.o
    0x08002714   0x08002714   0x00000034   Code   RO         2371    i.BMI088_temperature_read_over  bmi088driver.o
    0x08002748   0x08002748   0x00000014   Code   RO         2372    i.BMI088_write_single_reg  bmi088driver.o
    0x0800275c   0x0800275c   0x00000004   Code   RO         2133    i.BusFault_Handler  stm32f4xx_it.o
    0x08002760   0x08002760   0x00000024   Code   RO         3125    i.Buzzer_Init       bsp_buzzer.o
    0x08002784   0x08002784   0x00000128   Code   RO         3126    i.Buzzer_Processing  bsp_buzzer.o
    0x080028ac   0x080028ac   0x00000024   Code   RO         3074    i.CAN1_Config       user_can.o
    0x080028d0   0x080028d0   0x00000030   Code   RO         3075    i.CAN1_Filter0_Init  user_can.o
    0x08002900   0x08002900   0x000000e0   Code   RO         1293    i.CAN1_R            freertos.o
    0x080029e0   0x080029e0   0x0000001c   Code   RO         2134    i.CAN1_RX0_IRQHandler  stm32f4xx_it.o
    0x080029fc   0x080029fc   0x00000028   Code   RO         3076    i.CAN2_Config       user_can.o
    0x08002a24   0x08002a24   0x00000034   Code   RO         3077    i.CAN2_Filter0_Init  user_can.o
    0x08002a58   0x08002a58   0x0000001c   Code   RO         2135    i.CAN2_RX0_IRQHandler  stm32f4xx_it.o
    0x08002a74   0x08002a74   0x00000068   Code   RO         3078    i.CAN_SendData      user_can.o
    0x08002adc   0x08002adc   0x00000044   Code   RO         2066    i.CDC_Control_FS    usbd_cdc_if.o
    0x08002b20   0x08002b20   0x00000004   Code   RO         2067    i.CDC_DeInit_FS     usbd_cdc_if.o
    0x08002b24   0x08002b24   0x00000024   Code   RO         2068    i.CDC_Init_FS       usbd_cdc_if.o
    0x08002b48   0x08002b48   0x0000001c   Code   RO         2069    i.CDC_Receive_FS    usbd_cdc_if.o
    0x08002b64   0x08002b64   0x0000000c   Code   RO         2070    i.CDC_TransmitCplt_FS  usbd_cdc_if.o
    0x08002b70   0x08002b70   0x0000031c   Code   RO         1294    i.Can2_Reivece      freertos.o
    0x08002e8c   0x08002e8c   0x00000024   Code   RO          497    i.Checksum_CRC8     crc.o
    0x08002eb0   0x08002eb0   0x00000010   Code   RO         2136    i.DMA1_Stream1_IRQHandler  stm32f4xx_it.o
    0x08002ec0   0x08002ec0   0x00000010   Code   RO         2137    i.DMA2_Stream1_IRQHandler  stm32f4xx_it.o
    0x08002ed0   0x08002ed0   0x00000898   Code   RO         3254    i.DMA2_Stream2_IRQHandler  ins_task.o
    0x08003768   0x08003768   0x00000010   Code   RO         2138    i.DMA2_Stream5_IRQHandler  stm32f4xx_it.o
    0x08003778   0x08003778   0x00000010   Code   RO         2139    i.DMA2_Stream7_IRQHandler  stm32f4xx_it.o
    0x08003788   0x08003788   0x00000034   Code   RO         4759    i.DMA_CalcBaseAndBitshift  stm32f4xx_hal_dma.o
    0x080037bc   0x080037bc   0x000000aa   Code   RO         4760    i.DMA_CheckFifoParam  stm32f4xx_hal_dma.o
    0x08003866   0x08003866   0x0000002c   Code   RO         4761    i.DMA_SetConfig     stm32f4xx_hal_dma.o
    0x08003892   0x08003892   0x00000002   PAD
    0x08003894   0x08003894   0x000001ec   Code   RO          641    i.DR16_Process      dr16_recive.o
    0x08003a80   0x08003a80   0x00000074   Code   RO          642    i.DR_16hander       dr16_recive.o
    0x08003af4   0x08003af4   0x000000b0   Code   RO         1295    i.Debug             freertos.o
    0x08003ba4   0x08003ba4   0x00000002   Code   RO         2140    i.DebugMon_Handler  stm32f4xx_it.o
    0x08003ba6   0x08003ba6   0x0000000a   Code   RO         2141    i.EXTI0_IRQHandler  stm32f4xx_it.o
    0x08003bb0   0x08003bb0   0x0000000a   Code   RO         2142    i.EXTI3_IRQHandler  stm32f4xx_it.o
    0x08003bba   0x08003bba   0x0000000a   Code   RO         2143    i.EXTI4_IRQHandler  stm32f4xx_it.o
    0x08003bc4   0x08003bc4   0x0000000a   Code   RO         2144    i.EXTI9_5_IRQHandler  stm32f4xx_it.o
    0x08003bce   0x08003bce   0x00000002   Code   RO         1185    i.Error_Handler     main.o
    0x08003bd0   0x08003bd0   0x0000005c   Code   RO         4529    i.FLASH_Erase_Sector  stm32f4xx_hal_flash_ex.o
    0x08003c2c   0x08003c2c   0x00000078   Code   RO         4530    i.FLASH_FlushCaches  stm32f4xx_hal_flash_ex.o
    0x08003ca4   0x08003ca4   0x00000030   Code   RO         4531    i.FLASH_MassErase   stm32f4xx_hal_flash_ex.o
    0x08003cd4   0x08003cd4   0x00000024   Code   RO         4411    i.FLASH_Program_Byte  stm32f4xx_hal_flash.o
    0x08003cf8   0x08003cf8   0x0000003c   Code   RO         4412    i.FLASH_Program_DoubleWord  stm32f4xx_hal_flash.o
    0x08003d34   0x08003d34   0x00000028   Code   RO         4413    i.FLASH_Program_HalfWord  stm32f4xx_hal_flash.o
    0x08003d5c   0x08003d5c   0x00000028   Code   RO         4414    i.FLASH_Program_Word  stm32f4xx_hal_flash.o
    0x08003d84   0x08003d84   0x00000098   Code   RO         4415    i.FLASH_SetErrorCode  stm32f4xx_hal_flash.o
    0x08003e1c   0x08003e1c   0x00000064   Code   RO         4416    i.FLASH_WaitForLastOperation  stm32f4xx_hal_flash.o
    0x08003e80   0x08003e80   0x00000050   Code   RO          530    i.FPS_Calculate     fps_calculate.o
    0x08003ed0   0x08003ed0   0x00000140   Code   RO          750    i.GM6020_Pitch_getInfo  gm6020.o
    0x08004010   0x08004010   0x00000054   Code   RO          751    i.GM6020_SetVoltage  gm6020.o
    0x08004064   0x08004064   0x00000144   Code   RO          752    i.GM6020_Yaw_getInfo  gm6020.o
    0x080041a8   0x080041a8   0x0000001e   Code   RO          531    i.Get_FPS           fps_calculate.o
    0x080041c6   0x080041c6   0x00000002   PAD
    0x080041c8   0x080041c8   0x00000034   Code   RO         1970    i.Get_SerialNum     usbd_desc.o
    0x080041fc   0x080041fc   0x0000018c   Code   RO         5442    i.HAL_ADC_ConfigChannel  stm32f4xx_hal_adc.o
    0x08004388   0x08004388   0x00000008   Code   RO         5449    i.HAL_ADC_GetValue  stm32f4xx_hal_adc.o
    0x08004390   0x08004390   0x00000068   Code   RO         5451    i.HAL_ADC_Init      stm32f4xx_hal_adc.o
    0x080043f8   0x080043f8   0x000000ac   Code   RO         1406    i.HAL_ADC_MspInit   adc.o
    0x080044a4   0x080044a4   0x000000c2   Code   RO         5455    i.HAL_ADC_PollForConversion  stm32f4xx_hal_adc.o
    0x08004566   0x08004566   0x00000002   PAD
    0x08004568   0x08004568   0x0000013c   Code   RO         5457    i.HAL_ADC_Start     stm32f4xx_hal_adc.o
    0x080046a4   0x080046a4   0x00000156   Code   RO         5714    i.HAL_CAN_AddTxMessage  stm32f4xx_hal_can.o
    0x080047fa   0x080047fa   0x00000002   PAD
    0x080047fc   0x080047fc   0x00000124   Code   RO         5715    i.HAL_CAN_ConfigFilter  stm32f4xx_hal_can.o
    0x08004920   0x08004920   0x00000002   Code   RO         5718    i.HAL_CAN_ErrorCallback  stm32f4xx_hal_can.o
    0x08004922   0x08004922   0x0000017a   Code   RO         5721    i.HAL_CAN_GetRxMessage  stm32f4xx_hal_can.o
    0x08004a9c   0x08004a9c   0x0000024e   Code   RO         5725    i.HAL_CAN_IRQHandler  stm32f4xx_hal_can.o
    0x08004cea   0x08004cea   0x00000174   Code   RO         5726    i.HAL_CAN_Init      stm32f4xx_hal_can.o
    0x08004e5e   0x08004e5e   0x00000002   PAD
    0x08004e60   0x08004e60   0x00000160   Code   RO         1454    i.HAL_CAN_MspInit   can.o
    0x08004fc0   0x08004fc0   0x00000002   Code   RO         5733    i.HAL_CAN_RxFifo0FullCallback  stm32f4xx_hal_can.o
    0x08004fc2   0x08004fc2   0x00000002   PAD
    0x08004fc4   0x08004fc4   0x000000a4   Code   RO         2145    i.HAL_CAN_RxFifo0MsgPendingCallback  stm32f4xx_it.o
    0x08005068   0x08005068   0x00000002   Code   RO         5735    i.HAL_CAN_RxFifo1FullCallback  stm32f4xx_hal_can.o
    0x0800506a   0x0800506a   0x00000002   Code   RO         5736    i.HAL_CAN_RxFifo1MsgPendingCallback  stm32f4xx_hal_can.o
    0x0800506c   0x0800506c   0x00000002   Code   RO         5737    i.HAL_CAN_SleepCallback  stm32f4xx_hal_can.o
    0x0800506e   0x0800506e   0x0000005e   Code   RO         5738    i.HAL_CAN_Start     stm32f4xx_hal_can.o
    0x080050cc   0x080050cc   0x00000002   Code   RO         5740    i.HAL_CAN_TxMailbox0AbortCallback  stm32f4xx_hal_can.o
    0x080050ce   0x080050ce   0x00000002   Code   RO         5741    i.HAL_CAN_TxMailbox0CompleteCallback  stm32f4xx_hal_can.o
    0x080050d0   0x080050d0   0x00000002   Code   RO         5742    i.HAL_CAN_TxMailbox1AbortCallback  stm32f4xx_hal_can.o
    0x080050d2   0x080050d2   0x00000002   Code   RO         5743    i.HAL_CAN_TxMailbox1CompleteCallback  stm32f4xx_hal_can.o
    0x080050d4   0x080050d4   0x00000002   Code   RO         5744    i.HAL_CAN_TxMailbox2AbortCallback  stm32f4xx_hal_can.o
    0x080050d6   0x080050d6   0x00000002   Code   RO         5745    i.HAL_CAN_TxMailbox2CompleteCallback  stm32f4xx_hal_can.o
    0x080050d8   0x080050d8   0x00000002   Code   RO         5747    i.HAL_CAN_WakeUpFromRxMsgCallback  stm32f4xx_hal_can.o
    0x080050da   0x080050da   0x00000028   Code   RO         4763    i.HAL_DMA_Abort_IT  stm32f4xx_hal_dma.o
    0x08005102   0x08005102   0x00000002   PAD
    0x08005104   0x08005104   0x00000240   Code   RO         4767    i.HAL_DMA_IRQHandler  stm32f4xx_hal_dma.o
    0x08005344   0x08005344   0x000000ec   Code   RO         4768    i.HAL_DMA_Init      stm32f4xx_hal_dma.o
    0x08005430   0x08005430   0x00000066   Code   RO         4771    i.HAL_DMA_Start     stm32f4xx_hal_dma.o
    0x08005496   0x08005496   0x00000092   Code   RO         4772    i.HAL_DMA_Start_IT  stm32f4xx_hal_dma.o
    0x08005528   0x08005528   0x00000028   Code   RO         5186    i.HAL_Delay         stm32f4xx_hal.o
    0x08005550   0x08005550   0x000000ac   Code   RO         4541    i.HAL_FLASHEx_Erase  stm32f4xx_hal_flash_ex.o
    0x080055fc   0x080055fc   0x00000014   Code   RO         4420    i.HAL_FLASH_Lock    stm32f4xx_hal_flash.o
    0x08005610   0x08005610   0x00000098   Code   RO         4425    i.HAL_FLASH_Program  stm32f4xx_hal_flash.o
    0x080056a8   0x080056a8   0x00000034   Code   RO         4427    i.HAL_FLASH_Unlock  stm32f4xx_hal_flash.o
    0x080056dc   0x080056dc   0x000000a8   Code   RO         3255    i.HAL_GPIO_EXTI_Callback  ins_task.o
    0x08005784   0x08005784   0x0000001c   Code   RO         4654    i.HAL_GPIO_EXTI_IRQHandler  stm32f4xx_hal_gpio.o
    0x080057a0   0x080057a0   0x00000200   Code   RO         4655    i.HAL_GPIO_Init     stm32f4xx_hal_gpio.o
    0x080059a0   0x080059a0   0x00000010   Code   RO         4657    i.HAL_GPIO_ReadPin  stm32f4xx_hal_gpio.o
    0x080059b0   0x080059b0   0x0000000c   Code   RO         4659    i.HAL_GPIO_WritePin  stm32f4xx_hal_gpio.o
    0x080059bc   0x080059bc   0x0000000c   Code   RO         5192    i.HAL_GetTick       stm32f4xx_hal.o
    0x080059c8   0x080059c8   0x000001d0   Code   RO         5957    i.HAL_I2C_Init      stm32f4xx_hal_i2c.o
    0x08005b98   0x08005b98   0x000002f4   Code   RO         5975    i.HAL_I2C_Mem_Read  stm32f4xx_hal_i2c.o
    0x08005e8c   0x08005e8c   0x00000164   Code   RO         5978    i.HAL_I2C_Mem_Write  stm32f4xx_hal_i2c.o
    0x08005ff0   0x08005ff0   0x000000c8   Code   RO         1527    i.HAL_I2C_MspInit   i2c.o
    0x080060b8   0x080060b8   0x00000018   Code   RO         5198    i.HAL_IncTick       stm32f4xx_hal.o
    0x080060d0   0x080060d0   0x0000003c   Code   RO         5199    i.HAL_Init          stm32f4xx_hal.o
    0x0800610c   0x0800610c   0x0000008c   Code   RO         2324    i.HAL_InitTick      stm32f4xx_hal_timebase_tim.o
    0x08006198   0x08006198   0x00000054   Code   RO         2300    i.HAL_MspInit       stm32f4xx_hal_msp.o
    0x080061ec   0x080061ec   0x00000020   Code   RO         5044    i.HAL_NVIC_EnableIRQ  stm32f4xx_hal_cortex.o
    0x0800620c   0x0800620c   0x0000007c   Code   RO         5050    i.HAL_NVIC_SetPriority  stm32f4xx_hal_cortex.o
    0x08006288   0x08006288   0x00000028   Code   RO         5051    i.HAL_NVIC_SetPriorityGrouping  stm32f4xx_hal_cortex.o
    0x080062b0   0x080062b0   0x00000002   Code   RO         3908    i.HAL_PCDEx_LPM_Callback  stm32f4xx_hal_pcd_ex.o
    0x080062b2   0x080062b2   0x0000000a   Code   RO         3909    i.HAL_PCDEx_SetRxFiFo  stm32f4xx_hal_pcd_ex.o
    0x080062bc   0x080062bc   0x0000004e   Code   RO         3910    i.HAL_PCDEx_SetTxFiFo  stm32f4xx_hal_pcd_ex.o
    0x0800630a   0x0800630a   0x0000000e   Code   RO         1771    i.HAL_PCD_ConnectCallback  usbd_conf.o
    0x08006318   0x08006318   0x00000020   Code   RO         1772    i.HAL_PCD_DataInStageCallback  usbd_conf.o
    0x08006338   0x08006338   0x00000020   Code   RO         1773    i.HAL_PCD_DataOutStageCallback  usbd_conf.o
    0x08006358   0x08006358   0x0000000e   Code   RO         1774    i.HAL_PCD_DisconnectCallback  usbd_conf.o
    0x08006366   0x08006366   0x0000006a   Code   RO         3685    i.HAL_PCD_EP_Close  stm32f4xx_hal_pcd.o
    0x080063d0   0x080063d0   0x0000007c   Code   RO         3686    i.HAL_PCD_EP_ClrStall  stm32f4xx_hal_pcd.o
    0x0800644c   0x0800644c   0x00000016   Code   RO         3688    i.HAL_PCD_EP_GetRxCount  stm32f4xx_hal_pcd.o
    0x08006462   0x08006462   0x0000008c   Code   RO         3689    i.HAL_PCD_EP_Open   stm32f4xx_hal_pcd.o
    0x080064ee   0x080064ee   0x00000058   Code   RO         3690    i.HAL_PCD_EP_Receive  stm32f4xx_hal_pcd.o
    0x08006546   0x08006546   0x0000008a   Code   RO         3691    i.HAL_PCD_EP_SetStall  stm32f4xx_hal_pcd.o
    0x080065d0   0x080065d0   0x0000005a   Code   RO         3692    i.HAL_PCD_EP_Transmit  stm32f4xx_hal_pcd.o
    0x0800662a   0x0800662a   0x0000055c   Code   RO         3694    i.HAL_PCD_IRQHandler  stm32f4xx_hal_pcd.o
    0x08006b86   0x08006b86   0x00000012   Code   RO         1775    i.HAL_PCD_ISOINIncompleteCallback  usbd_conf.o
    0x08006b98   0x08006b98   0x00000012   Code   RO         1776    i.HAL_PCD_ISOOUTIncompleteCallback  usbd_conf.o
    0x08006baa   0x08006baa   0x00000166   Code   RO         3697    i.HAL_PCD_Init      stm32f4xx_hal_pcd.o
    0x08006d10   0x08006d10   0x000000a8   Code   RO         1778    i.HAL_PCD_MspInit   usbd_conf.o
    0x08006db8   0x08006db8   0x00000030   Code   RO         1779    i.HAL_PCD_ResetCallback  usbd_conf.o
    0x08006de8   0x08006de8   0x0000000e   Code   RO         1780    i.HAL_PCD_ResumeCallback  usbd_conf.o
    0x08006df6   0x08006df6   0x0000000e   Code   RO         1781    i.HAL_PCD_SOFCallback  usbd_conf.o
    0x08006e04   0x08006e04   0x00000036   Code   RO         3703    i.HAL_PCD_SetAddress  stm32f4xx_hal_pcd.o
    0x08006e3a   0x08006e3a   0x00000012   Code   RO         1782    i.HAL_PCD_SetupStageCallback  usbd_conf.o
    0x08006e4c   0x08006e4c   0x0000004a   Code   RO         3705    i.HAL_PCD_Start     stm32f4xx_hal_pcd.o
    0x08006e96   0x08006e96   0x00000002   PAD
    0x08006e98   0x08006e98   0x00000034   Code   RO         1783    i.HAL_PCD_SuspendCallback  usbd_conf.o
    0x08006ecc   0x08006ecc   0x00000184   Code   RO         4256    i.HAL_RCC_ClockConfig  stm32f4xx_hal_rcc.o
    0x08007050   0x08007050   0x00000044   Code   RO         4260    i.HAL_RCC_GetClockConfig  stm32f4xx_hal_rcc.o
    0x08007094   0x08007094   0x0000000c   Code   RO         4261    i.HAL_RCC_GetHCLKFreq  stm32f4xx_hal_rcc.o
    0x080070a0   0x080070a0   0x00000020   Code   RO         4263    i.HAL_RCC_GetPCLK1Freq  stm32f4xx_hal_rcc.o
    0x080070c0   0x080070c0   0x00000020   Code   RO         4264    i.HAL_RCC_GetPCLK2Freq  stm32f4xx_hal_rcc.o
    0x080070e0   0x080070e0   0x000000b0   Code   RO         4265    i.HAL_RCC_GetSysClockFreq  stm32f4xx_hal_rcc.o
    0x08007190   0x08007190   0x00000488   Code   RO         4268    i.HAL_RCC_OscConfig  stm32f4xx_hal_rcc.o
    0x08007618   0x08007618   0x0000008c   Code   RO         6447    i.HAL_SPI_Init      stm32f4xx_hal_spi.o
    0x080076a4   0x080076a4   0x000001cc   Code   RO         1569    i.HAL_SPI_MspInit   spi.o
    0x08007870   0x08007870   0x000001a2   Code   RO         6455    i.HAL_SPI_Transmit  stm32f4xx_hal_spi.o
    0x08007a12   0x08007a12   0x0000022a   Code   RO         6456    i.HAL_SPI_TransmitReceive  stm32f4xx_hal_spi.o
    0x08007c3c   0x08007c3c   0x00000002   Code   RO         7446    i.HAL_TIMEx_BreakCallback  stm32f4xx_hal_tim_ex.o
    0x08007c3e   0x08007c3e   0x00000002   Code   RO         7447    i.HAL_TIMEx_CommutCallback  stm32f4xx_hal_tim_ex.o
    0x08007c40   0x08007c40   0x000000b4   Code   RO         7464    i.HAL_TIMEx_MasterConfigSynchronization  stm32f4xx_hal_tim_ex.o
    0x08007cf4   0x08007cf4   0x00000034   Code   RO         6760    i.HAL_TIM_Base_Init  stm32f4xx_hal_tim.o
    0x08007d28   0x08007d28   0x000000d0   Code   RO         1617    i.HAL_TIM_Base_MspInit  tim.o
    0x08007df8   0x08007df8   0x0000002a   Code   RO         6763    i.HAL_TIM_Base_Start  stm32f4xx_hal_tim.o
    0x08007e22   0x08007e22   0x0000002a   Code   RO         6765    i.HAL_TIM_Base_Start_IT  stm32f4xx_hal_tim.o
    0x08007e4c   0x08007e4c   0x00000108   Code   RO         6769    i.HAL_TIM_ConfigClockSource  stm32f4xx_hal_tim.o
    0x08007f54   0x08007f54   0x00000002   Code   RO         6789    i.HAL_TIM_IC_CaptureCallback  stm32f4xx_hal_tim.o
    0x08007f56   0x08007f56   0x00000196   Code   RO         6803    i.HAL_TIM_IRQHandler  stm32f4xx_hal_tim.o
    0x080080ec   0x080080ec   0x00000134   Code   RO         1618    i.HAL_TIM_MspPostInit  tim.o
    0x08008220   0x08008220   0x00000002   Code   RO         6806    i.HAL_TIM_OC_DelayElapsedCallback  stm32f4xx_hal_tim.o
    0x08008222   0x08008222   0x00000108   Code   RO         6827    i.HAL_TIM_PWM_ConfigChannel  stm32f4xx_hal_tim.o
    0x0800832a   0x0800832a   0x00000034   Code   RO         6830    i.HAL_TIM_PWM_Init  stm32f4xx_hal_tim.o
    0x0800835e   0x0800835e   0x00000002   Code   RO         6832    i.HAL_TIM_PWM_MspInit  stm32f4xx_hal_tim.o
    0x08008360   0x08008360   0x00000002   Code   RO         6833    i.HAL_TIM_PWM_PulseFinishedCallback  stm32f4xx_hal_tim.o
    0x08008362   0x08008362   0x00000002   PAD
    0x08008364   0x08008364   0x00000058   Code   RO         6835    i.HAL_TIM_PWM_Start  stm32f4xx_hal_tim.o
    0x080083bc   0x080083bc   0x00000018   Code   RO         1186    i.HAL_TIM_PeriodElapsedCallback  main.o
    0x080083d4   0x080083d4   0x00000002   Code   RO         6846    i.HAL_TIM_TriggerCallback  stm32f4xx_hal_tim.o
    0x080083d6   0x080083d6   0x00000002   Code   RO         7718    i.HAL_UART_ErrorCallback  stm32f4xx_hal_uart.o
    0x080083d8   0x080083d8   0x00000154   Code   RO         7721    i.HAL_UART_IRQHandler  stm32f4xx_hal_uart.o
    0x0800852c   0x0800852c   0x00000072   Code   RO         7722    i.HAL_UART_Init     stm32f4xx_hal_uart.o
    0x0800859e   0x0800859e   0x00000002   PAD
    0x080085a0   0x080085a0   0x00000300   Code   RO         1683    i.HAL_UART_MspInit  usart.o
    0x080088a0   0x080088a0   0x00000002   Code   RO         7728    i.HAL_UART_RxCpltCallback  stm32f4xx_hal_uart.o
    0x080088a2   0x080088a2   0x00000002   PAD
    0x080088a4   0x080088a4   0x0000009c   Code   RO         7731    i.HAL_UART_Transmit_DMA  stm32f4xx_hal_uart.o
    0x08008940   0x08008940   0x00000002   Code   RO         7733    i.HAL_UART_TxCpltCallback  stm32f4xx_hal_uart.o
    0x08008942   0x08008942   0x00000002   Code   RO         7734    i.HAL_UART_TxHalfCpltCallback  stm32f4xx_hal_uart.o
    0x08008944   0x08008944   0x00000004   Code   RO         2146    i.HardFault_Handler  stm32f4xx_it.o
    0x08008948   0x08008948   0x0000003e   Code   RO         6000    i.I2C_IsAcknowledgeFailed  stm32f4xx_hal_i2c.o
    0x08008986   0x08008986   0x00000002   PAD
    0x08008988   0x08008988   0x00000160   Code   RO         6011    i.I2C_RequestMemoryRead  stm32f4xx_hal_i2c.o
    0x08008ae8   0x08008ae8   0x000000e0   Code   RO         6012    i.I2C_RequestMemoryWrite  stm32f4xx_hal_i2c.o
    0x08008bc8   0x08008bc8   0x0000005c   Code   RO         6020    i.I2C_WaitOnBTFFlagUntilTimeout  stm32f4xx_hal_i2c.o
    0x08008c24   0x08008c24   0x00000086   Code   RO         6021    i.I2C_WaitOnFlagUntilTimeout  stm32f4xx_hal_i2c.o
    0x08008caa   0x08008caa   0x000000c4   Code   RO         6022    i.I2C_WaitOnMasterAddressFlagUntilTimeout  stm32f4xx_hal_i2c.o
    0x08008d6e   0x08008d6e   0x00000080   Code   RO         6023    i.I2C_WaitOnRXNEFlagUntilTimeout  stm32f4xx_hal_i2c.o
    0x08008dee   0x08008dee   0x0000005c   Code   RO         6026    i.I2C_WaitOnTXEFlagUntilTimeout  stm32f4xx_hal_i2c.o
    0x08008e4a   0x08008e4a   0x00000002   PAD
    0x08008e4c   0x08008e4c   0x0000001c   Code   RO         2843    i.IMU_Cal_Status_Reivece  dji_imu.o
    0x08008e68   0x08008e68   0x00000070   Code   RO         1296    i.IMU_Send          freertos.o
    0x08008ed8   0x08008ed8   0x0000007c   Code   RO         3256    i.INS_cali_gyro     ins_task.o
    0x08008f54   0x08008f54   0x00000048   Code   RO         3257    i.INS_set_cali_gyro  ins_task.o
    0x08008f9c   0x08008f9c   0x00000314   Code   RO         3258    i.INS_task          ins_task.o
    0x080092b0   0x080092b0   0x00000054   Code   RO          400    i.I_PID_BetaGeneration  my_incrementpid_bate.o
    0x08009304   0x08009304   0x0000009c   Code   RO          402    i.I_PID_Parameter_Init  my_incrementpid_bate.o
    0x080093a0   0x080093a0   0x000001d2   Code   RO          403    i.I_PID_Regulation  my_incrementpid_bate.o
    0x08009572   0x08009572   0x0000003e   Code   RO         1971    i.IntToUnicode      usbd_desc.o
    0x080095b0   0x080095b0   0x0000013c   Code   RO          613    i.M2006_getInfo     m2006.o
    0x080096ec   0x080096ec   0x00000064   Code   RO          567    i.M3508s1_getInfo   m3508.o
    0x08009750   0x08009750   0x00000054   Code   RO          568    i.M3508s1_setCurrent  m3508.o
    0x080097a4   0x080097a4   0x00000070   Code   RO         1407    i.MX_ADC1_Init      adc.o
    0x08009814   0x08009814   0x00000070   Code   RO         1408    i.MX_ADC3_Init      adc.o
    0x08009884   0x08009884   0x00000044   Code   RO         1455    i.MX_CAN1_Init      can.o
    0x080098c8   0x080098c8   0x00000044   Code   RO         1456    i.MX_CAN2_Init      can.o
    0x0800990c   0x0800990c   0x000000a8   Code   RO         1502    i.MX_DMA_Init       dma.o
    0x080099b4   0x080099b4   0x000003f0   Code   RO         1297    i.MX_FREERTOS_Init  freertos.o
    0x08009da4   0x08009da4   0x00000220   Code   RO         1269    i.MX_GPIO_Init      gpio.o
    0x08009fc4   0x08009fc4   0x0000003c   Code   RO         1528    i.MX_I2C3_Init      i2c.o
    0x0800a000   0x0800a000   0x00000048   Code   RO         1570    i.MX_SPI1_Init      spi.o
    0x0800a048   0x0800a048   0x00000044   Code   RO         1571    i.MX_SPI2_Init      spi.o
    0x0800a08c   0x0800a08c   0x0000006c   Code   RO         1619    i.MX_TIM10_Init     tim.o
    0x0800a0f8   0x0800a0f8   0x0000006c   Code   RO         1620    i.MX_TIM3_Init      tim.o
    0x0800a164   0x0800a164   0x000000a4   Code   RO         1621    i.MX_TIM4_Init      tim.o
    0x0800a208   0x0800a208   0x000000c4   Code   RO         1622    i.MX_TIM5_Init      tim.o
    0x0800a2cc   0x0800a2cc   0x00000038   Code   RO         1684    i.MX_USART1_UART_Init  usart.o
    0x0800a304   0x0800a304   0x00000038   Code   RO         1685    i.MX_USART3_UART_Init  usart.o
    0x0800a33c   0x0800a33c   0x00000038   Code   RO         1686    i.MX_USART6_UART_Init  usart.o
    0x0800a374   0x0800a374   0x0000004c   Code   RO         1736    i.MX_USB_DEVICE_Init  usb_device.o
    0x0800a3c0   0x0800a3c0   0x000005ac   Code   RO         3598    i.MahonyAHRSupdate  mahonyahrs.o
    0x0800a96c   0x0800a96c   0x000002fc   Code   RO         3599    i.MahonyAHRSupdateIMU  mahonyahrs.o
    0x0800ac68   0x0800ac68   0x00000004   Code   RO         2147    i.MemManage_Handler  stm32f4xx_it.o
    0x0800ac6c   0x0800ac6c   0x00000002   Code   RO         2148    i.NMI_Handler       stm32f4xx_it.o
    0x0800ac6e   0x0800ac6e   0x00000002   PAD
    0x0800ac70   0x0800ac70   0x000002ec   Code   RO          643    i.NM_swj            dr16_recive.o
    0x0800af5c   0x0800af5c   0x00000010   Code   RO         2149    i.OTG_FS_IRQHandler  stm32f4xx_it.o
    0x0800af6c   0x0800af6c   0x00000064   Code   RO         3709    i.PCD_EP_OutSetupPacket_int  stm32f4xx_hal_pcd.o
    0x0800afd0   0x0800afd0   0x0000017c   Code   RO         3710    i.PCD_EP_OutXfrComplete_int  stm32f4xx_hal_pcd.o
    0x0800b14c   0x0800b14c   0x000000b6   Code   RO         3711    i.PCD_WriteEmptyTxFifo  stm32f4xx_hal_pcd.o
    0x0800b202   0x0800b202   0x00000002   PAD
    0x0800b204   0x0800b204   0x000001f0   Code   RO         3213    i.PID_calc          pid.o
    0x0800b3f4   0x0800b3f4   0x00000060   Code   RO         3215    i.PID_init          pid.o
    0x0800b454   0x0800b454   0x00000174   Code   RO          257    i.PITCH_PID         my_cloud_control.o
    0x0800b5c8   0x0800b5c8   0x00000024   Code   RO          449    i.P_PID_BetaGeneration  my_positionpid_bate.o
    0x0800b5ec   0x0800b5ec   0x00000038   Code   RO          450    i.P_PID_Parameter_Clear  my_positionpid_bate.o
    0x0800b624   0x0800b624   0x00000088   Code   RO          451    i.P_PID_Parameter_Init  my_positionpid_bate.o
    0x0800b6ac   0x0800b6ac   0x00000180   Code   RO          452    i.P_PID_bate        my_positionpid_bate.o
    0x0800b82c   0x0800b82c   0x000002dc   Code   RO         1298    i.Robot_Control     freertos.o
    0x0800bb08   0x0800bb08   0x0000273c   Code   RO         2983    i.SPI1_DMA_enable   bsp_spi.o
    0x0800e244   0x0800e244   0x00000180   Code   RO         2984    i.SPI1_DMA_init     bsp_spi.o
    0x0800e3c4   0x0800e3c4   0x0000006c   Code   RO         6485    i.SPI_EndRxTxTransaction  stm32f4xx_hal_spi.o
    0x0800e430   0x0800e430   0x000000a8   Code   RO         6490    i.SPI_WaitFlagStateUntilTimeout  stm32f4xx_hal_spi.o
    0x0800e4d8   0x0800e4d8   0x00000012   Code   RO         9692    i.SWAPBYTE          usbd_ctlreq.o
    0x0800e4ea   0x0800e4ea   0x00000002   PAD
    0x0800e4ec   0x0800e4ec   0x00000034   Code   RO         9465    i.SysTick_Handler   port.o
    0x0800e520   0x0800e520   0x000000b4   Code   RO         1187    i.SystemClock_Config  main.o
    0x0800e5d4   0x0800e5d4   0x00000064   Code   RO         3640    i.SystemInit        system_stm32f4xx.o
    0x0800e638   0x0800e638   0x00000010   Code   RO         2150    i.TIM3_IRQHandler   stm32f4xx_it.o
    0x0800e648   0x0800e648   0x00000010   Code   RO         2151    i.TIM6_DAC_IRQHandler  stm32f4xx_it.o
    0x0800e658   0x0800e658   0x000000d8   Code   RO         6848    i.TIM_Base_SetConfig  stm32f4xx_hal_tim.o
    0x0800e730   0x0800e730   0x00000022   Code   RO         6849    i.TIM_CCxChannelCmd  stm32f4xx_hal_tim.o
    0x0800e752   0x0800e752   0x00000016   Code   RO         6859    i.TIM_ETR_SetConfig  stm32f4xx_hal_tim.o
    0x0800e768   0x0800e768   0x00000012   Code   RO         6860    i.TIM_ITRx_SetConfig  stm32f4xx_hal_tim.o
    0x0800e77a   0x0800e77a   0x00000002   PAD
    0x0800e77c   0x0800e77c   0x00000070   Code   RO         6861    i.TIM_OC1_SetConfig  stm32f4xx_hal_tim.o
    0x0800e7ec   0x0800e7ec   0x0000007c   Code   RO         6862    i.TIM_OC2_SetConfig  stm32f4xx_hal_tim.o
    0x0800e868   0x0800e868   0x00000078   Code   RO         6863    i.TIM_OC3_SetConfig  stm32f4xx_hal_tim.o
    0x0800e8e0   0x0800e8e0   0x00000054   Code   RO         6864    i.TIM_OC4_SetConfig  stm32f4xx_hal_tim.o
    0x0800e934   0x0800e934   0x00000026   Code   RO         6866    i.TIM_TI1_ConfigInputStage  stm32f4xx_hal_tim.o
    0x0800e95a   0x0800e95a   0x00000028   Code   RO         6868    i.TIM_TI2_ConfigInputStage  stm32f4xx_hal_tim.o
    0x0800e982   0x0800e982   0x00000014   Code   RO         7735    i.UART_DMAAbortOnError  stm32f4xx_hal_uart.o
    0x0800e996   0x0800e996   0x00000050   Code   RO         7736    i.UART_DMAError     stm32f4xx_hal_uart.o
    0x0800e9e6   0x0800e9e6   0x00000036   Code   RO         7741    i.UART_DMATransmitCplt  stm32f4xx_hal_uart.o
    0x0800ea1c   0x0800ea1c   0x0000000e   Code   RO         7743    i.UART_DMATxHalfCplt  stm32f4xx_hal_uart.o
    0x0800ea2a   0x0800ea2a   0x00000020   Code   RO         7745    i.UART_EndRxTransfer  stm32f4xx_hal_uart.o
    0x0800ea4a   0x0800ea4a   0x00000020   Code   RO         7746    i.UART_EndTransmit_IT  stm32f4xx_hal_uart.o
    0x0800ea6a   0x0800ea6a   0x00000014   Code   RO         7747    i.UART_EndTxTransfer  stm32f4xx_hal_uart.o
    0x0800ea7e   0x0800ea7e   0x000000a6   Code   RO         7748    i.UART_Receive_IT   stm32f4xx_hal_uart.o
    0x0800eb24   0x0800eb24   0x000003e8   Code   RO         7749    i.UART_SetConfig    stm32f4xx_hal_uart.o
    0x0800ef0c   0x0800ef0c   0x00000068   Code   RO         7750    i.UART_Transmit_IT  stm32f4xx_hal_uart.o
    0x0800ef74   0x0800ef74   0x00000010   Code   RO         2152    i.USART1_IRQHandler  stm32f4xx_it.o
    0x0800ef84   0x0800ef84   0x00000024   Code   RO         2153    i.USART3_IRQHandler  stm32f4xx_it.o
    0x0800efa8   0x0800efa8   0x00000024   Code   RO         2154    i.USART6_IRQHandler  stm32f4xx_it.o
    0x0800efcc   0x0800efcc   0x00000044   Code   RO          980    i.USART_RX_DMA_ENABLE  vision.o
    0x0800f010   0x0800f010   0x00000044   Code   RO          645    i.USART_Receive_DMA_NO_IT  dr16_recive.o
    0x0800f054   0x0800f054   0x0000008c   Code   RO         9875    i.USBD_CDC_DataIn   usbd_cdc.o
    0x0800f0e0   0x0800f0e0   0x00000034   Code   RO         9876    i.USBD_CDC_DataOut  usbd_cdc.o
    0x0800f114   0x0800f114   0x00000054   Code   RO         9877    i.USBD_CDC_DeInit   usbd_cdc.o
    0x0800f168   0x0800f168   0x00000032   Code   RO         9878    i.USBD_CDC_EP0_RxReady  usbd_cdc.o
    0x0800f19a   0x0800f19a   0x00000002   PAD
    0x0800f19c   0x0800f19c   0x00000010   Code   RO         9879    i.USBD_CDC_GetDeviceQualifierDescriptor  usbd_cdc.o
    0x0800f1ac   0x0800f1ac   0x00000010   Code   RO         9880    i.USBD_CDC_GetFSCfgDesc  usbd_cdc.o
    0x0800f1bc   0x0800f1bc   0x00000010   Code   RO         9881    i.USBD_CDC_GetHSCfgDesc  usbd_cdc.o
    0x0800f1cc   0x0800f1cc   0x00000010   Code   RO         9882    i.USBD_CDC_GetOtherSpeedCfgDesc  usbd_cdc.o
    0x0800f1dc   0x0800f1dc   0x000000c0   Code   RO         9883    i.USBD_CDC_Init     usbd_cdc.o
    0x0800f29c   0x0800f29c   0x0000003a   Code   RO         9884    i.USBD_CDC_ReceivePacket  usbd_cdc.o
    0x0800f2d6   0x0800f2d6   0x00000010   Code   RO         9885    i.USBD_CDC_RegisterInterface  usbd_cdc.o
    0x0800f2e6   0x0800f2e6   0x0000000e   Code   RO         9886    i.USBD_CDC_SetRxBuffer  usbd_cdc.o
    0x0800f2f4   0x0800f2f4   0x00000014   Code   RO         9887    i.USBD_CDC_SetTxBuffer  usbd_cdc.o
    0x0800f308   0x0800f308   0x000000fa   Code   RO         9888    i.USBD_CDC_Setup    usbd_cdc.o
    0x0800f402   0x0800f402   0x0000001c   Code   RO         9544    i.USBD_ClrClassConfig  usbd_core.o
    0x0800f41e   0x0800f41e   0x0000003e   Code   RO         9693    i.USBD_ClrFeature   usbd_ctlreq.o
    0x0800f45c   0x0800f45c   0x00000018   Code   RO         9805    i.USBD_CtlContinueRx  usbd_ioreq.o
    0x0800f474   0x0800f474   0x00000018   Code   RO         9806    i.USBD_CtlContinueSendData  usbd_ioreq.o
    0x0800f48c   0x0800f48c   0x00000018   Code   RO         9694    i.USBD_CtlError     usbd_ctlreq.o
    0x0800f4a4   0x0800f4a4   0x00000028   Code   RO         9807    i.USBD_CtlPrepareRx  usbd_ioreq.o
    0x0800f4cc   0x0800f4cc   0x0000001a   Code   RO         9808    i.USBD_CtlReceiveStatus  usbd_ioreq.o
    0x0800f4e6   0x0800f4e6   0x00000022   Code   RO         9809    i.USBD_CtlSendData  usbd_ioreq.o
    0x0800f508   0x0800f508   0x0000001a   Code   RO         9810    i.USBD_CtlSendStatus  usbd_ioreq.o
    0x0800f522   0x0800f522   0x00000002   PAD
    0x0800f524   0x0800f524   0x00000034   Code   RO         1972    i.USBD_FS_ConfigStrDescriptor  usbd_desc.o
    0x0800f558   0x0800f558   0x00000010   Code   RO         1973    i.USBD_FS_DeviceDescriptor  usbd_desc.o
    0x0800f568   0x0800f568   0x00000038   Code   RO         1974    i.USBD_FS_InterfaceStrDescriptor  usbd_desc.o
    0x0800f5a0   0x0800f5a0   0x00000010   Code   RO         1975    i.USBD_FS_LangIDStrDescriptor  usbd_desc.o
    0x0800f5b0   0x0800f5b0   0x0000002c   Code   RO         1976    i.USBD_FS_ManufacturerStrDescriptor  usbd_desc.o
    0x0800f5dc   0x0800f5dc   0x00000040   Code   RO         1977    i.USBD_FS_ProductStrDescriptor  usbd_desc.o
    0x0800f61c   0x0800f61c   0x00000018   Code   RO         1978    i.USBD_FS_SerialStrDescriptor  usbd_desc.o
    0x0800f634   0x0800f634   0x00000056   Code   RO         9695    i.USBD_GetConfig    usbd_ctlreq.o
    0x0800f68a   0x0800f68a   0x000001fc   Code   RO         9696    i.USBD_GetDescriptor  usbd_ctlreq.o
    0x0800f886   0x0800f886   0x00000016   Code   RO         9697    i.USBD_GetLen       usbd_ctlreq.o
    0x0800f89c   0x0800f89c   0x0000005a   Code   RO         9698    i.USBD_GetStatus    usbd_ctlreq.o
    0x0800f8f6   0x0800f8f6   0x00000054   Code   RO         9699    i.USBD_GetString    usbd_ctlreq.o
    0x0800f94a   0x0800f94a   0x0000002c   Code   RO         1784    i.USBD_Get_USB_Status  usbd_conf.o
    0x0800f976   0x0800f976   0x00000044   Code   RO         9546    i.USBD_Init         usbd_core.o
    0x0800f9ba   0x0800f9ba   0x00000026   Code   RO         1785    i.USBD_LL_ClearStallEP  usbd_conf.o
    0x0800f9e0   0x0800f9e0   0x00000026   Code   RO         1786    i.USBD_LL_CloseEP   usbd_conf.o
    0x0800fa06   0x0800fa06   0x000000e6   Code   RO         9547    i.USBD_LL_DataInStage  usbd_core.o
    0x0800faec   0x0800faec   0x00000092   Code   RO         9548    i.USBD_LL_DataOutStage  usbd_core.o
    0x0800fb7e   0x0800fb7e   0x00000006   Code   RO         9549    i.USBD_LL_DevConnected  usbd_core.o
    0x0800fb84   0x0800fb84   0x00000020   Code   RO         9550    i.USBD_LL_DevDisconnected  usbd_core.o
    0x0800fba4   0x0800fba4   0x00000012   Code   RO         1790    i.USBD_LL_GetRxDataSize  usbd_conf.o
    0x0800fbb6   0x0800fbb6   0x00000002   PAD
    0x0800fbb8   0x0800fbb8   0x00000068   Code   RO         1791    i.USBD_LL_Init      usbd_conf.o
    0x0800fc20   0x0800fc20   0x00000038   Code   RO         1792    i.USBD_LL_IsStallEP  usbd_conf.o
    0x0800fc58   0x0800fc58   0x00000006   Code   RO         9551    i.USBD_LL_IsoINIncomplete  usbd_core.o
    0x0800fc5e   0x0800fc5e   0x00000006   Code   RO         9552    i.USBD_LL_IsoOUTIncomplete  usbd_core.o
    0x0800fc64   0x0800fc64   0x00000030   Code   RO         1793    i.USBD_LL_OpenEP    usbd_conf.o
    0x0800fc94   0x0800fc94   0x00000030   Code   RO         1794    i.USBD_LL_PrepareReceive  usbd_conf.o
    0x0800fcc4   0x0800fcc4   0x0000005a   Code   RO         9553    i.USBD_LL_Reset     usbd_core.o
    0x0800fd1e   0x0800fd1e   0x00000016   Code   RO         9554    i.USBD_LL_Resume    usbd_core.o
    0x0800fd34   0x0800fd34   0x00000022   Code   RO         9555    i.USBD_LL_SOF       usbd_core.o
    0x0800fd56   0x0800fd56   0x00000008   Code   RO         9556    i.USBD_LL_SetSpeed  usbd_core.o
    0x0800fd5e   0x0800fd5e   0x00000026   Code   RO         1795    i.USBD_LL_SetUSBAddress  usbd_conf.o
    0x0800fd84   0x0800fd84   0x00000076   Code   RO         9557    i.USBD_LL_SetupStage  usbd_core.o
    0x0800fdfa   0x0800fdfa   0x00000026   Code   RO         1796    i.USBD_LL_StallEP   usbd_conf.o
    0x0800fe20   0x0800fe20   0x0000001e   Code   RO         1797    i.USBD_LL_Start     usbd_conf.o
    0x0800fe3e   0x0800fe3e   0x00000014   Code   RO         9558    i.USBD_LL_Suspend   usbd_core.o
    0x0800fe52   0x0800fe52   0x00000030   Code   RO         1799    i.USBD_LL_Transmit  usbd_conf.o
    0x0800fe82   0x0800fe82   0x00000036   Code   RO         9700    i.USBD_ParseSetupRequest  usbd_ctlreq.o
    0x0800feb8   0x0800feb8   0x00000026   Code   RO         9559    i.USBD_RegisterClass  usbd_core.o
    0x0800fede   0x0800fede   0x00000006   Code   RO         9560    i.USBD_RunTestMode  usbd_core.o
    0x0800fee4   0x0800fee4   0x0000005a   Code   RO         9701    i.USBD_SetAddress   usbd_ctlreq.o
    0x0800ff3e   0x0800ff3e   0x00000020   Code   RO         9561    i.USBD_SetClassConfig  usbd_core.o
    0x0800ff5e   0x0800ff5e   0x00000002   PAD
    0x0800ff60   0x0800ff60   0x000000fc   Code   RO         9702    i.USBD_SetConfig    usbd_ctlreq.o
    0x0801005c   0x0801005c   0x00000018   Code   RO         9703    i.USBD_SetFeature   usbd_ctlreq.o
    0x08010074   0x08010074   0x0000000c   Code   RO         9562    i.USBD_Start        usbd_core.o
    0x08010080   0x08010080   0x000000a6   Code   RO         9704    i.USBD_StdDevReq    usbd_ctlreq.o
    0x08010126   0x08010126   0x0000022a   Code   RO         9705    i.USBD_StdEPReq     usbd_ctlreq.o
    0x08010350   0x08010350   0x0000007e   Code   RO         9706    i.USBD_StdItfReq    usbd_ctlreq.o
    0x080103ce   0x080103ce   0x00000002   PAD
    0x080103d0   0x080103d0   0x000000d0   Code   RO         3950    i.USB_ActivateEndpoint  stm32f4xx_ll_usb.o
    0x080104a0   0x080104a0   0x00000028   Code   RO         3952    i.USB_ActivateSetup  stm32f4xx_ll_usb.o
    0x080104c8   0x080104c8   0x00000084   Code   RO         3954    i.USB_CoreInit      stm32f4xx_ll_usb.o
    0x0801054c   0x0801054c   0x0000004c   Code   RO         3955    i.USB_CoreReset     stm32f4xx_ll_usb.o
    0x08010598   0x08010598   0x0000014c   Code   RO         3958    i.USB_DeactivateEndpoint  stm32f4xx_ll_usb.o
    0x080106e4   0x080106e4   0x00000024   Code   RO         3959    i.USB_DevConnect    stm32f4xx_ll_usb.o
    0x08010708   0x08010708   0x00000024   Code   RO         3960    i.USB_DevDisconnect  stm32f4xx_ll_usb.o
    0x0801072c   0x0801072c   0x000001e0   Code   RO         3961    i.USB_DevInit       stm32f4xx_ll_usb.o
    0x0801090c   0x0801090c   0x0000000e   Code   RO         3962    i.USB_DisableGlobalInt  stm32f4xx_ll_usb.o
    0x0801091a   0x0801091a   0x00000002   PAD
    0x0801091c   0x0801091c   0x000001d8   Code   RO         3965    i.USB_EP0StartXfer  stm32f4xx_ll_usb.o
    0x08010af4   0x08010af4   0x00000070   Code   RO         3966    i.USB_EP0_OutStart  stm32f4xx_ll_usb.o
    0x08010b64   0x08010b64   0x0000008e   Code   RO         3967    i.USB_EPClearStall  stm32f4xx_ll_usb.o
    0x08010bf2   0x08010bf2   0x0000009a   Code   RO         3968    i.USB_EPSetStall    stm32f4xx_ll_usb.o
    0x08010c8c   0x08010c8c   0x00000344   Code   RO         3969    i.USB_EPStartXfer   stm32f4xx_ll_usb.o
    0x08010fd0   0x08010fd0   0x0000000e   Code   RO         3970    i.USB_EnableGlobalInt  stm32f4xx_ll_usb.o
    0x08010fde   0x08010fde   0x00000002   PAD
    0x08010fe0   0x08010fe0   0x0000002c   Code   RO         3971    i.USB_FlushRxFifo   stm32f4xx_ll_usb.o
    0x0801100c   0x0801100c   0x00000030   Code   RO         3972    i.USB_FlushTxFifo   stm32f4xx_ll_usb.o
    0x0801103c   0x0801103c   0x00000026   Code   RO         3974    i.USB_GetDevSpeed   stm32f4xx_ll_usb.o
    0x08011062   0x08011062   0x0000000a   Code   RO         3976    i.USB_GetMode       stm32f4xx_ll_usb.o
    0x0801106c   0x0801106c   0x00000014   Code   RO         3983    i.USB_ReadDevAllInEpInterrupt  stm32f4xx_ll_usb.o
    0x08011080   0x08011080   0x00000014   Code   RO         3984    i.USB_ReadDevAllOutEpInterrupt  stm32f4xx_ll_usb.o
    0x08011094   0x08011094   0x00000032   Code   RO         3985    i.USB_ReadDevInEPInterrupt  stm32f4xx_ll_usb.o
    0x080110c6   0x080110c6   0x0000001a   Code   RO         3986    i.USB_ReadDevOutEPInterrupt  stm32f4xx_ll_usb.o
    0x080110e0   0x080110e0   0x0000000a   Code   RO         3987    i.USB_ReadInterrupts  stm32f4xx_ll_usb.o
    0x080110ea   0x080110ea   0x00000022   Code   RO         3988    i.USB_ReadPacket    stm32f4xx_ll_usb.o
    0x0801110c   0x0801110c   0x00000036   Code   RO         3990    i.USB_SetCurrentMode  stm32f4xx_ll_usb.o
    0x08011142   0x08011142   0x0000002a   Code   RO         3991    i.USB_SetDevAddress  stm32f4xx_ll_usb.o
    0x0801116c   0x0801116c   0x00000012   Code   RO         3992    i.USB_SetDevSpeed   stm32f4xx_ll_usb.o
    0x0801117e   0x0801117e   0x00000002   PAD
    0x08011180   0x08011180   0x000000e8   Code   RO         3993    i.USB_SetTurnaroundTime  stm32f4xx_ll_usb.o
    0x08011268   0x08011268   0x0000003c   Code   RO         3996    i.USB_WritePacket   stm32f4xx_ll_usb.o
    0x080112a4   0x080112a4   0x0000016c   Code   RO         3259    i.Updata_Hand_Euler_Gyro_Data  ins_task.o
    0x08011410   0x08011410   0x0000010c   Code   RO          981    i.Update_Vision_SendData  vision.o
    0x0801151c   0x0801151c   0x00000004   Code   RO         2155    i.UsageFault_Handler  stm32f4xx_it.o
    0x08011520   0x08011520   0x000001b0   Code   RO          982    i.Vision_DataReceive  vision.o
    0x080116d0   0x080116d0   0x00000030   Code   RO          983    i.Vision_DataSend   vision.o
    0x08011700   0x08011700   0x00000070   Code   RO          984    i.Vision_Handler    vision.o
    0x08011770   0x08011770   0x000001b0   Code   RO          258    i.YAW_PID           my_cloud_control.o
    0x08011920   0x08011920   0x00000030   Code   RO        10498    i.__ARM_fpclassify  m_wm.l(fpclassify.o)
    0x08011950   0x08011950   0x00000026   Code   RO        10338    i.__ARM_fpclassifyf  m_wm.l(fpclassifyf.o)
    0x08011976   0x08011976   0x00000002   PAD
    0x08011978   0x08011978   0x00000010   Code   RO         5057    i.__NVIC_GetPriorityGrouping  stm32f4xx_hal_cortex.o
    0x08011988   0x08011988   0x00000028   Code   RO         5058    i.__NVIC_SetPriority  stm32f4xx_hal_cortex.o
    0x080119b0   0x080119b0   0x0000012c   Code   RO        10101    i.__hardfp_asinf    m_wm.l(asinf.o)
    0x08011adc   0x08011adc   0x00000250   Code   RO        10113    i.__hardfp_atan2f   m_wm.l(atan2f.o)
    0x08011d2c   0x08011d2c   0x00000014   Code   RO        10125    i.__hardfp_fabs     m_wm.l(fabs.o)
    0x08011d40   0x08011d40   0x0000007a   Code   RO        10131    i.__hardfp_sqrt     m_wm.l(sqrt.o)
    0x08011dba   0x08011dba   0x00000006   Code   RO        10341    i.__mathlib_flt_infnan  m_wm.l(funder.o)
    0x08011dc0   0x08011dc0   0x00000006   Code   RO        10342    i.__mathlib_flt_infnan2  m_wm.l(funder.o)
    0x08011dc6   0x08011dc6   0x00000002   PAD
    0x08011dc8   0x08011dc8   0x00000010   Code   RO        10343    i.__mathlib_flt_invalid  m_wm.l(funder.o)
    0x08011dd8   0x08011dd8   0x00000010   Code   RO        10346    i.__mathlib_flt_underflow  m_wm.l(funder.o)
    0x08011de8   0x08011de8   0x0000000e   Code   RO        10235    i._is_digit         c_w.l(__printf_wp.o)
    0x08011df6   0x08011df6   0x00000002   PAD
    0x08011df8   0x08011df8   0x00000068   Code   RO         2954    i.aRGB_led_show     bsp_led.o
    0x08011e60   0x08011e60   0x0000003c   Code   RO         3161    i.adcx_get_chx_value  bsp_adc.o
    0x08011e9c   0x08011e9c   0x00000134   Code   RO         2373    i.bmi088_accel_init  bmi088driver.o
    0x08011fd0   0x08011fd0   0x000002fc   Code   RO         2374    i.bmi088_accel_self_test  bmi088driver.o
    0x080122cc   0x080122cc   0x000000f4   Code   RO         2375    i.bmi088_gyro_init  bmi088driver.o
    0x080123c0   0x080123c0   0x000000d0   Code   RO         2376    i.bmi088_gyro_self_test  bmi088driver.o
    0x08012490   0x08012490   0x000000ec   Code   RO         3451    i.cali_data_read    calibrate_task.o
    0x0801257c   0x0801257c   0x0000008c   Code   RO         3452    i.cali_data_write   calibrate_task.o
    0x08012608   0x08012608   0x0000004c   Code   RO         3453    i.cali_gyro_hook    calibrate_task.o
    0x08012654   0x08012654   0x000000c4   Code   RO         3454    i.cali_param_init   calibrate_task.o
    0x08012718   0x08012718   0x000001b4   Code   RO         3455    i.calibrate_task    calibrate_task.o
    0x080128cc   0x080128cc   0x00000108   Code   RO          259    i.cloud_control     my_cloud_control.o
    0x080129d4   0x080129d4   0x00000078   Code   RO          260    i.cloud_control_mode_choose  my_cloud_control.o
    0x08012a4c   0x08012a4c   0x00000030   Code   RO         2888    i.delay_init        bsp_delay.o
    0x08012a7c   0x08012a7c   0x00000050   Code   RO         2890    i.delay_us          bsp_delay.o
    0x08012acc   0x08012acc   0x0000002e   Code   RO         3017    i.flash_erase_address  bsp_flash.o
    0x08012afa   0x08012afa   0x00000014   Code   RO         3018    i.flash_read        bsp_flash.o
    0x08012b0e   0x08012b0e   0x00000002   PAD
    0x08012b10   0x08012b10   0x00000098   Code   RO         3020    i.flash_write_single_address  bsp_flash.o
    0x08012ba8   0x08012ba8   0x000000f4   Code   RO         3021    i.ger_sector        bsp_flash.o
    0x08012c9c   0x08012c9c   0x000000dc   Code   RO         3260    i.get_angle         ins_task.o
    0x08012d78   0x08012d78   0x00000048   Code   RO         3162    i.get_battery_voltage  bsp_adc.o
    0x08012dc0   0x08012dc0   0x000000e8   Code   RO         3022    i.get_next_flash_address  bsp_flash.o
    0x08012ea8   0x08012ea8   0x00000054   Code   RO         3261    i.gyro_offset_calc  ins_task.o
    0x08012efc   0x08012efc   0x00000118   Code   RO          261    i.imu_angle         my_cloud_control.o
    0x08013014   0x08013014   0x0000012c   Code   RO         3262    i.imu_cali_slove    ins_task.o
    0x08013140   0x08013140   0x00000168   Code   RO         3263    i.imu_cmd_spi_dma   ins_task.o
    0x080132a8   0x080132a8   0x0000000c   Code   RO         2926    i.imu_pwm_set       bsp_imu_pwm.o
    0x080132b4   0x080132b4   0x000000bc   Code   RO         3264    i.imu_temp_control  ins_task.o
    0x08013370   0x08013370   0x00000040   Code   RO         3165    i.init_vrefint_reciprocal  bsp_adc.o
    0x080133b0   0x080133b0   0x0000003c   Code   RO         3600    i.invSqrt           mahonyahrs.o
    0x080133ec   0x080133ec   0x00000002   Code   RO         2713    i.ist8310_GPIO_init  ist8310driver_middleware.o
    0x080133ee   0x080133ee   0x00000002   PAD
    0x080133f0   0x080133f0   0x00000028   Code   RO         2715    i.ist8310_IIC_read_single_reg  ist8310driver_middleware.o
    0x08013418   0x08013418   0x00000028   Code   RO         2717    i.ist8310_IIC_write_single_reg  ist8310driver_middleware.o
    0x08013440   0x08013440   0x00000014   Code   RO         2718    i.ist8310_RST_H     ist8310driver_middleware.o
    0x08013454   0x08013454   0x00000014   Code   RO         2719    i.ist8310_RST_L     ist8310driver_middleware.o
    0x08013468   0x08013468   0x00000002   Code   RO         2720    i.ist8310_com_init  ist8310driver_middleware.o
    0x0801346a   0x0801346a   0x0000000c   Code   RO         2721    i.ist8310_delay_ms  ist8310driver_middleware.o
    0x08013476   0x08013476   0x00000002   PAD
    0x08013478   0x08013478   0x00000094   Code   RO         2678    i.ist8310_init      ist8310driver.o
    0x0801350c   0x0801350c   0x000001b0   Code   RO         3389    i.led_RGB_flow_task  led_flow_task.o
    0x080136bc   0x080136bc   0x00000082   Code   RO         1188    i.main              main.o
    0x0801373e   0x0801373e   0x0000000e   Code   RO         9036    i.makeFreeRtosPriority  cmsis_os.o
    0x0801374c   0x0801374c   0x00000078   Code   RO         1057    i.oled_LOGO         oled.o
    0x080137c4   0x080137c4   0x00000054   Code   RO         1058    i.oled_clear        oled.o
    0x08013818   0x08013818   0x0000008c   Code   RO         1062    i.oled_drawpoint    oled.o
    0x080138a4   0x080138a4   0x0000011c   Code   RO         1063    i.oled_init         oled.o
    0x080139c0   0x080139c0   0x00000054   Code   RO         1065    i.oled_printf       oled.o
    0x08013a14   0x08013a14   0x00000038   Code   RO         1066    i.oled_refresh_gram  oled.o
    0x08013a4c   0x08013a4c   0x0000002e   Code   RO         1067    i.oled_set_pos      oled.o
    0x08013a7a   0x08013a7a   0x00000002   PAD
    0x08013a7c   0x08013a7c   0x00000094   Code   RO         1068    i.oled_showchar     oled.o
    0x08013b10   0x08013b10   0x00000030   Code   RO         1070    i.oled_showstring   oled.o
    0x08013b40   0x08013b40   0x00000034   Code   RO         1071    i.oled_write_byte   oled.o
    0x08013b74   0x08013b74   0x00000018   Code   RO         9038    i.osDelay           cmsis_os.o
    0x08013b8c   0x08013b8c   0x0000000a   Code   RO         9041    i.osKernelStart     cmsis_os.o
    0x08013b96   0x08013b96   0x0000005e   Code   RO         9075    i.osThreadCreate    cmsis_os.o
    0x08013bf4   0x08013bf4   0x00000030   Code   RO         8521    i.pcTaskGetName     tasks.o
    0x08013c24   0x08013c24   0x000000a4   Code   RO         8522    i.prvAddCurrentTaskToDelayedList  tasks.o
    0x08013cc8   0x08013cc8   0x000000b4   Code   RO         8523    i.prvAddNewTaskToReadyList  tasks.o
    0x08013d7c   0x08013d7c   0x00000074   Code   RO         8874    i.prvCheckForValidListAndQueue  timers.o
    0x08013df0   0x08013df0   0x00000048   Code   RO         8524    i.prvCheckTasksWaitingTermination  tasks.o
    0x08013e38   0x08013e38   0x0000002a   Code   RO         8169    i.prvCopyDataFromQueue  queue.o
    0x08013e62   0x08013e62   0x0000007e   Code   RO         8170    i.prvCopyDataToQueue  queue.o
    0x08013ee0   0x08013ee0   0x00000050   Code   RO         8525    i.prvDeleteTCB      tasks.o
    0x08013f30   0x08013f30   0x00000028   Code   RO         8875    i.prvGetNextExpireTime  timers.o
    0x08013f58   0x08013f58   0x0000007c   Code   RO         9415    i.prvHeapInit       heap_4.o
    0x08013fd4   0x08013fd4   0x00000028   Code   RO         8526    i.prvIdleTask       tasks.o
    0x08013ffc   0x08013ffc   0x00000026   Code   RO         8173    i.prvInitialiseNewQueue  queue.o
    0x08014022   0x08014022   0x000000c2   Code   RO         8527    i.prvInitialiseNewTask  tasks.o
    0x080140e4   0x080140e4   0x00000068   Code   RO         8528    i.prvInitialiseTaskLists  tasks.o
    0x0801414c   0x0801414c   0x00000068   Code   RO         9416    i.prvInsertBlockIntoFreeList  heap_4.o
    0x080141b4   0x080141b4   0x00000058   Code   RO         8877    i.prvInsertTimerInActiveList  timers.o
    0x0801420c   0x0801420c   0x0000001a   Code   RO         8174    i.prvIsQueueEmpty   queue.o
    0x08014226   0x08014226   0x0000001e   Code   RO         8175    i.prvIsQueueFull    queue.o
    0x08014244   0x08014244   0x00000074   Code   RO         8878    i.prvProcessExpiredTimer  timers.o
    0x080142b8   0x080142b8   0x00000164   Code   RO         8879    i.prvProcessReceivedCommands  timers.o
    0x0801441c   0x0801441c   0x00000074   Code   RO         8880    i.prvProcessTimerOrBlockTask  timers.o
    0x08014490   0x08014490   0x00000034   Code   RO         8529    i.prvResetNextTaskUnblockTime  tasks.o
    0x080144c4   0x080144c4   0x0000002c   Code   RO         8881    i.prvSampleTimeNow  timers.o
    0x080144f0   0x080144f0   0x000000b0   Code   RO         8530    i.prvSearchForNameWithinSingleList  tasks.o
    0x080145a0   0x080145a0   0x000000a4   Code   RO         8882    i.prvSwitchTimerLists  timers.o
    0x08014644   0x08014644   0x00000016   Code   RO         8531    i.prvTaskCheckFreeStackSpace  tasks.o
    0x0801465a   0x0801465a   0x00000002   PAD
    0x0801465c   0x0801465c   0x00000040   Code   RO         9466    i.prvTaskExitError  port.o
    0x0801469c   0x0801469c   0x0000001a   Code   RO         8883    i.prvTimerTask      timers.o
    0x080146b6   0x080146b6   0x0000007e   Code   RO         8176    i.prvUnlockQueue    queue.o
    0x08014734   0x08014734   0x0000013c   Code   RO         9417    i.pvPortMalloc      heap_4.o
    0x08014870   0x08014870   0x0000002c   Code   RO         9467    i.pxPortInitialiseStack  port.o
    0x0801489c   0x0801489c   0x00000344   Code   RO          262    i.scan_cloud        my_cloud_control.o
    0x08014be0   0x08014be0   0x00000640   Code   RO          345    i.shoot_control     my_shoot_control.o
    0x08015220   0x08015220   0x0000003e   Code   RO        10356    i.sqrtf             m_wm.l(sqrtf.o)
    0x0801525e   0x0801525e   0x0000000a   Code   RO         3424    i.test_task         test_task.o
    0x08015268   0x08015268   0x00000074   Code   RO         8534    i.ulTaskNotifyTake  tasks.o
    0x080152dc   0x080152dc   0x00000050   Code   RO          646    i.usart1_dr16_init  dr16_recive.o
    0x0801532c   0x0801532c   0x00000028   Code   RO         8129    i.uxListRemove      list.o
    0x08015354   0x08015354   0x00000028   Code   RO         8536    i.uxTaskGetStackHighWaterMark  tasks.o
    0x0801537c   0x0801537c   0x00000018   Code   RO         1300    i.vApplicationGetIdleTaskMemory  freertos.o
    0x08015394   0x08015394   0x00000018   Code   RO         1301    i.vApplicationGetTimerTaskMemory  freertos.o
    0x080153ac   0x080153ac   0x0000001a   Code   RO         8130    i.vListInitialise   list.o
    0x080153c6   0x080153c6   0x00000006   Code   RO         8131    i.vListInitialiseItem  list.o
    0x080153cc   0x080153cc   0x00000034   Code   RO         8132    i.vListInsert       list.o
    0x08015400   0x08015400   0x00000018   Code   RO         8133    i.vListInsertEnd    list.o
    0x08015418   0x08015418   0x00000054   Code   RO         9469    i.vPortEnterCritical  port.o
    0x0801546c   0x0801546c   0x0000003c   Code   RO         9470    i.vPortExitCritical  port.o
    0x080154a8   0x080154a8   0x00000094   Code   RO         9418    i.vPortFree         heap_4.o
    0x0801553c   0x0801553c   0x00000028   Code   RO         9471    i.vPortSetupTimerInterrupt  port.o
    0x08015564   0x08015564   0x00000078   Code   RO         9472    i.vPortValidateInterruptPriority  port.o
    0x080155dc   0x080155dc   0x0000002c   Code   RO         8180    i.vQueueAddToRegistry  queue.o
    0x08015608   0x08015608   0x0000004a   Code   RO         8183    i.vQueueWaitForMessageRestricted  queue.o
    0x08015652   0x08015652   0x00000002   PAD
    0x08015654   0x08015654   0x0000005c   Code   RO         8540    i.vTaskDelay        tasks.o
    0x080156b0   0x080156b0   0x000000d4   Code   RO         8541    i.vTaskDelayUntil   tasks.o
    0x08015784   0x08015784   0x00000018   Code   RO         8544    i.vTaskInternalSetTimeOutState  tasks.o
    0x0801579c   0x0801579c   0x0000000c   Code   RO         8545    i.vTaskMissedYield  tasks.o
    0x080157a8   0x080157a8   0x000000f0   Code   RO         8546    i.vTaskNotifyGiveFromISR  tasks.o
    0x08015898   0x08015898   0x00000038   Code   RO         8547    i.vTaskPlaceOnEventList  tasks.o
    0x080158d0   0x080158d0   0x00000040   Code   RO         8548    i.vTaskPlaceOnEventListRestricted  tasks.o
    0x08015910   0x08015910   0x000000b8   Code   RO         8555    i.vTaskStartScheduler  tasks.o
    0x080159c8   0x080159c8   0x00000010   Code   RO         8557    i.vTaskSuspendAll   tasks.o
    0x080159d8   0x080159d8   0x0000008c   Code   RO         8558    i.vTaskSwitchContext  tasks.o
    0x08015a64   0x08015a64   0x00000168   Code   RO         9473    i.xPortStartScheduler  port.o
    0x08015bcc   0x08015bcc   0x00000060   Code   RO         8186    i.xQueueGenericCreate  queue.o
    0x08015c2c   0x08015c2c   0x000000e0   Code   RO         8187    i.xQueueGenericCreateStatic  queue.o
    0x08015d0c   0x08015d0c   0x00000098   Code   RO         8188    i.xQueueGenericReset  queue.o
    0x08015da4   0x08015da4   0x000001a8   Code   RO         8189    i.xQueueGenericSend  queue.o
    0x08015f4c   0x08015f4c   0x000000f8   Code   RO         8190    i.xQueueGenericSendFromISR  queue.o
    0x08016044   0x08016044   0x00000168   Code   RO         8198    i.xQueueReceive     queue.o
    0x080161ac   0x080161ac   0x000000a8   Code   RO         8560    i.xTaskCheckForTimeOut  tasks.o
    0x08016254   0x08016254   0x00000064   Code   RO         8561    i.xTaskCreate       tasks.o
    0x080162b8   0x080162b8   0x000000ba   Code   RO         8562    i.xTaskCreateStatic  tasks.o
    0x08016372   0x08016372   0x00000002   PAD
    0x08016374   0x08016374   0x000000a4   Code   RO         8566    i.xTaskGetHandle    tasks.o
    0x08016418   0x08016418   0x00000020   Code   RO         8567    i.xTaskGetSchedulerState  tasks.o
    0x08016438   0x08016438   0x0000000c   Code   RO         8568    i.xTaskGetTickCount  tasks.o
    0x08016444   0x08016444   0x00000148   Code   RO         8570    i.xTaskIncrementTick  tasks.o
    0x0801658c   0x0801658c   0x000000c8   Code   RO         8573    i.xTaskPriorityDisinherit  tasks.o
    0x08016654   0x08016654   0x00000098   Code   RO         8575    i.xTaskRemoveFromEventList  tasks.o
    0x080166ec   0x080166ec   0x00000104   Code   RO         8576    i.xTaskResumeAll    tasks.o
    0x080167f0   0x080167f0   0x00000078   Code   RO         8889    i.xTimerCreateTimerTask  timers.o
    0x08016868   0x08016868   0x00000084   Code   RO         8890    i.xTimerGenericCommand  timers.o
    0x080168ec   0x080168ec   0x0000002c   Code   RO        10474    locale$$code        c_w.l(lc_numeric_c.o)
    0x08016918   0x08016918   0x0000002c   Code   RO        10509    locale$$code        c_w.l(lc_ctype_c.o)
    0x08016944   0x08016944   0x00000062   Code   RO        10071    x$fpl$d2f           fz_wm.l(d2f.o)
    0x080169a6   0x080169a6   0x00000002   PAD
    0x080169a8   0x080169a8   0x00000150   Code   RO        10073    x$fpl$dadd          fz_wm.l(daddsub_clz.o)
    0x08016af8   0x08016af8   0x00000018   Code   RO        10317    x$fpl$dcmpinf       fz_wm.l(dcmpi.o)
    0x08016b10   0x08016b10   0x000002b0   Code   RO        10080    x$fpl$ddiv          fz_wm.l(ddiv.o)
    0x08016dc0   0x08016dc0   0x0000005a   Code   RO        10083    x$fpl$dfixu         fz_wm.l(dfixu.o)
    0x08016e1a   0x08016e1a   0x0000002e   Code   RO        10088    x$fpl$dflt          fz_wm.l(dflt_clz.o)
    0x08016e48   0x08016e48   0x00000026   Code   RO        10087    x$fpl$dfltu         fz_wm.l(dflt_clz.o)
    0x08016e6e   0x08016e6e   0x00000002   PAD
    0x08016e70   0x08016e70   0x00000078   Code   RO        10093    x$fpl$dleqf         fz_wm.l(dleqf.o)
    0x08016ee8   0x08016ee8   0x00000154   Code   RO        10095    x$fpl$dmul          fz_wm.l(dmul.o)
    0x0801703c   0x0801703c   0x0000009c   Code   RO        10319    x$fpl$dnaninf       fz_wm.l(dnaninf.o)
    0x080170d8   0x080170d8   0x0000000c   Code   RO        10321    x$fpl$dretinf       fz_wm.l(dretinf.o)
    0x080170e4   0x080170e4   0x0000006c   Code   RO        10097    x$fpl$drleqf        fz_wm.l(drleqf.o)
    0x08017150   0x08017150   0x00000198   Code   RO        10323    x$fpl$dsqrt         fz_wm.l(dsqrt_umaal.o)
    0x080172e8   0x080172e8   0x000001d4   Code   RO        10075    x$fpl$dsub          fz_wm.l(daddsub_clz.o)
    0x080174bc   0x080174bc   0x00000056   Code   RO        10099    x$fpl$f2d           fz_wm.l(f2d.o)
    0x08017512   0x08017512   0x0000008c   Code   RO        10325    x$fpl$fnaninf       fz_wm.l(fnaninf.o)
    0x0801759e   0x0801759e   0x0000000a   Code   RO        10428    x$fpl$fpinit        fz_wm.l(fpinit.o)
    0x080175a8   0x080175a8   0x0000000a   Code   RO        10327    x$fpl$fretinf       fz_wm.l(fretinf.o)
    0x080175b2   0x080175b2   0x00000004   Code   RO        10329    x$fpl$printf1       fz_wm.l(printf1.o)
    0x080175b6   0x080175b6   0x00000004   Code   RO        10331    x$fpl$printf2       fz_wm.l(printf2.o)
    0x080175ba   0x080175ba   0x00000000   Code   RO        10337    x$fpl$usenofp       fz_wm.l(usenofp.o)
    0x080175ba   0x080175ba   0x00000100   Data   RO          499    .constdata          crc.o
    0x080176ba   0x080176ba   0x00000bb4   Data   RO         1073    .constdata          oled.o
    0x0801826e   0x0801826e   0x00000002   PAD
    0x08018270   0x08018270   0x000000fc   Data   RO         1303    .constdata          freertos.o
    0x0801836c   0x0801836c   0x00000012   Data   RO         2381    .constdata          bmi088driver.o
    0x0801837e   0x0801837e   0x0000000c   Data   RO         2681    .constdata          ist8310driver.o
    0x0801838a   0x0801838a   0x00000002   PAD
    0x0801838c   0x0801838c   0x00000018   Data   RO         3266    .constdata          ins_task.o
    0x080183a4   0x080183a4   0x00000003   Data   RO         3457    .constdata          calibrate_task.o
    0x080183a7   0x080183a7   0x00000018   Data   RO         3641    .constdata          system_stm32f4xx.o
    0x080183bf   0x080183bf   0x00000008   Data   RO         4774    .constdata          stm32f4xx_hal_dma.o
    0x080183c7   0x080183c7   0x00000001   PAD
    0x080183c8   0x080183c8   0x00000008   Data   RO        10194    .constdata          c_w.l(_printf_wctomb.o)
    0x080183d0   0x080183d0   0x00000028   Data   RO        10223    .constdata          c_w.l(_printf_hex_int_ll_ptr.o)
    0x080183f8   0x080183f8   0x00000011   Data   RO        10243    .constdata          c_w.l(__printf_flags_ss_wp.o)
    0x08018409   0x08018409   0x00000026   Data   RO        10408    .constdata          c_w.l(_printf_fp_hex.o)
    0x0801842f   0x0801842f   0x00000001   PAD
    0x08018430   0x08018430   0x00000094   Data   RO        10449    .constdata          c_w.l(bigflt0.o)
    0x080184c4   0x080184c4   0x00000061   Data   RO         1304    .conststring        freertos.o
    0x08018525   0x08018525   0x00000003   PAD
    0x08018528   0x08018528   0x00000020   Data   RO        10563    Region$$Table       anon$$obj.o
    0x08018548   0x08018548   0x0000001c   Data   RO        10473    locale$$data        c_w.l(lc_numeric_c.o)
    0x08018564   0x08018564   0x00000110   Data   RO        10508    locale$$data        c_w.l(lc_ctype_c.o)


    Execution Region RW_IRAM1 (Exec base: 0x20000000, Load base: 0x08018674, Size: 0x0000db68, Max: 0x00020000, ABSOLUTE, COMPRESSED[0x00000198])

    Exec Addr    Load Addr    Size         Type   Attr      Idx    E Section Name        Object

    0x20000000   COMPRESSED   0x00000029   Data   RW          263    .data               my_cloud_control.o
    0x20000029   COMPRESSED   0x00000003   PAD
    0x2000002c   COMPRESSED   0x00000034   Data   RW          346    .data               my_shoot_control.o
    0x20000060   COMPRESSED   0x00000004   Data   RW          454    .data               my_positionpid_bate.o
    0x20000064   COMPRESSED   0x0000007a   Data   RW          648    .data               dr16_recive.o
    0x200000de   COMPRESSED   0x00000002   PAD
    0x200000e0   COMPRESSED   0x00000063   Data   RW          988    .data               vision.o
    0x20000143   COMPRESSED   0x00000005   PAD
    0x20000148   COMPRESSED   0x00000138   Data   RW         1189    .data               main.o
    0x20000280   COMPRESSED   0x00000030   Data   RW         1305    .data               freertos.o
    0x200002b0   COMPRESSED   0x00000004   Data   RW         1458    .data               can.o
    0x200002b4   COMPRESSED   0x0000004e   Data   RW         1980    .data               usbd_desc.o
    0x20000302   COMPRESSED   0x00000002   PAD
    0x20000304   COMPRESSED   0x00000014   Data   RW         2073    .data               usbd_cdc_if.o
    0x20000318   COMPRESSED   0x0000002c   Data   RW         2382    .data               bmi088driver.o
    0x20000344   COMPRESSED   0x0000001a   Data   RW         2844    .data               dji_imu.o
    0x2000035e   COMPRESSED   0x00000002   PAD
    0x20000360   COMPRESSED   0x00000008   Data   RW         2891    .data               bsp_delay.o
    0x20000368   COMPRESSED   0x00000008   Data   RW         2955    .data               bsp_led.o
    0x20000370   COMPRESSED   0x00000010   Data   RW         3023    .data               bsp_flash.o
    0x20000380   COMPRESSED   0x00000004   Data   RW         3167    .data               bsp_adc.o
    0x20000384   COMPRESSED   0x000000a0   Data   RW         3267    .data               ins_task.o
    0x20000424   COMPRESSED   0x0000001c   Data   RW         3390    .data               led_flow_task.o
    0x20000440   COMPRESSED   0x00000016   Data   RW         3458    .data               calibrate_task.o
    0x20000456   COMPRESSED   0x00000002   PAD
    0x20000458   COMPRESSED   0x00000014   Data   RW         3601    .data               mahonyahrs.o
    0x2000046c   COMPRESSED   0x00000004   Data   RW         3642    .data               system_stm32f4xx.o
    0x20000470   COMPRESSED   0x00000009   Data   RW         5206    .data               stm32f4xx_hal.o
    0x20000479   COMPRESSED   0x00000003   PAD
    0x2000047c   COMPRESSED   0x0000003c   Data   RW         8579    .data               tasks.o
    0x200004b8   COMPRESSED   0x00000014   Data   RW         8898    .data               timers.o
    0x200004cc   COMPRESSED   0x00000018   Data   RW         9423    .data               heap_4.o
    0x200004e4   COMPRESSED   0x0000000c   Data   RW         9474    .data               port.o
    0x200004f0   COMPRESSED   0x00000001   Data   RW         9707    .data               usbd_ctlreq.o
    0x200004f1   COMPRESSED   0x00000003   PAD
    0x200004f4   COMPRESSED   0x0000010f   Data   RW         9890    .data               usbd_cdc.o
    0x20000603   COMPRESSED   0x00000001   PAD
    0x20000604        -       0x00000170   Zero   RW          404    .bss                my_incrementpid_bate.o
    0x20000774        -       0x00000300   Zero   RW          453    .bss                my_positionpid_bate.o
    0x20000a74        -       0x00000048   Zero   RW          532    .bss                fps_calculate.o
    0x20000abc        -       0x00000090   Zero   RW          569    .bss                m3508.o
    0x20000b4c        -       0x00000098   Zero   RW          647    .bss                dr16_recive.o
    0x20000be4        -       0x00000090   Zero   RW          753    .bss                gm6020.o
    0x20000c74        -       0x00000048   Zero   RW          987    .bss                vision.o
    0x20000cbc        -       0x00000410   Zero   RW         1072    .bss                oled.o
    0x200010cc        -       0x000006bc   Zero   RW         1302    .bss                freertos.o
    0x20001788        -       0x00000090   Zero   RW         1409    .bss                adc.o
    0x20001818        -       0x00000050   Zero   RW         1457    .bss                can.o
    0x20001868        -       0x00000054   Zero   RW         1529    .bss                i2c.o
    0x200018bc        -       0x00000170   Zero   RW         1572    .bss                spi.o
    0x20001a2c        -       0x00000100   Zero   RW         1623    .bss                tim.o
    0x20001b2c        -       0x00000240   Zero   RW         1687    .bss                usart.o
    0x20001d6c        -       0x000002d0   Zero   RW         1737    .bss                usb_device.o
    0x2000203c        -       0x00000408   Zero   RW         1800    .bss                usbd_conf.o
    0x20002444        -       0x00000200   Zero   RW         1979    .bss                usbd_desc.o
    0x20002644        -       0x00001000   Zero   RW         2072    .bss                usbd_cdc_if.o
    0x20003644        -       0x00000048   Zero   RW         2156    .bss                stm32f4xx_it.o
    0x2000368c        -       0x00000040   Zero   RW         2327    .bss                stm32f4xx_hal_timebase_tim.o
    0x200036cc        -       0x00000020   Zero   RW         3079    .bss                user_can.o
    0x200036ec        -       0x0000000a   Zero   RW         3127    .bss                bsp_buzzer.o
    0x200036f6   COMPRESSED   0x00000002   PAD
    0x200036f8        -       0x00000010   Zero   RW         3166    .bss                bsp_adc.o
    0x20003708        -       0x0000015c   Zero   RW         3265    .bss                ins_task.o
    0x20003864        -       0x00000041   Zero   RW         3456    .bss                calibrate_task.o
    0x200038a5   COMPRESSED   0x00000003   PAD
    0x200038a8        -       0x00000020   Zero   RW         4428    .bss                stm32f4xx_hal_flash.o
    0x200038c8        -       0x00000040   Zero   RW         8201    .bss                queue.o
    0x20003908        -       0x000000f0   Zero   RW         8578    .bss                tasks.o
    0x200039f8        -       0x00000110   Zero   RW         8897    .bss                timers.o
    0x20003b08        -       0x00006000   Zero   RW         9422    .bss                heap_4.o
    0x20009b08        -       0x00000060   Zero   RW        10369    .bss                c_w.l(libspace.o)
    0x20009b68        -       0x00002000   Zero   RW         3630    HEAP                startup_stm32f407xx.o
    0x2000bb68        -       0x00002000   Zero   RW         3629    STACK               startup_stm32f407xx.o


==============================================================================

Image component sizes


      Code (inc. data)   RO Data    RW Data    ZI Data      Debug   Object Name

       396         42          0          0        144       2362   adc.o
         0          0          0          0          0       4888   beep_my.o
      2338         40         18         44          0     615127   bmi088driver.o
       140         28          0          0          0       4700   bmi088middleware.o
       196         28          0          4         16       2501   bsp_adc.o
       332         18          0          0         10       1895   bsp_buzzer.o
       128         20          0          8          0       1284   bsp_delay.o
       694        108          0         16          0       4093   bsp_flash.o
        12          4          0          0          0        486   bsp_imu_pwm.o
       104         22          0          8          0        576   bsp_led.o
     10428        170          0          0          0       5630   bsp_spi.o
      1084         90          3         22         65       5790   calibrate_task.o
       488         40          0          4         80       2454   can.o
       142          0          0          0          0      22683   cmsis_os.o
        36          6        256          0          0       1260   crc.o
        28          4          0         26          0       2035   dji_imu.o
       168          6          0          0          0        918   dma.o
      1504        116          0        122        152      14752   dr16_recive.o
         0          0          0          0          0      18448   event_groups.o
       110         16          0          0         72       2280   fps_calculate.o
      3096        512        349         48       1724      13486   freertos.o
       728         22          0          0        144       3090   gm6020.o
       544         30          0          0          0       1323   gpio.o
       692         62          0         24      24576       4807   heap_4.o
       260         30          0          0         84       1753   i2c.o
      5014        378         24        160        348      15694   ins_task.o
       148          6         12          0          0       2011   ist8310driver.o
       136         22          0          0          0       3895   ist8310driver_middleware.o
       432         10          0         28          0       1733   led_flow_task.o
       148          0          0          0          0       3610   list.o
       316          8          0          0          0        600   m2006.o
       184         10          0          0        144       2512   m3508.o
      2276         72          0         20          0       4865   mahonyahrs.o
       336         16          0        312          0       7280   main.o
         0          0          0          0          0     762420   my_chassis_control.o
      2304        344          0         41          0       5309   my_cloud_control.o
       706          6          0          0        368       4104   my_incrementpid_bate.o
       612         16          0          4        768       4898   my_positionpid_bate.o
      1600        212          0         52          0       2543   my_shoot_control.o
      1062         42       2996          0       1040       8813   oled.o
       592          8          0          0          0       2558   pid.o
      1014         92          0         12          0      11997   port.o
      2010         20          0          0         64      18182   queue.o
       600         52          0          0        368       2596   spi.o
        64         26        392          0      16384        800   startup_stm32f407xx.o
       136         24          0          9          0       8738   stm32f4xx_hal.o
      1370         54          0          0          0       5142   stm32f4xx_hal_adc.o
      2092          6          0          0          0      13404   stm32f4xx_hal_can.o
       252         22          0          0          0      33594   stm32f4xx_hal_cortex.o
      1366         16          8          0          0       7090   stm32f4xx_hal_dma.o
       652         64          0          0         32       5846   stm32f4xx_hal_flash.o
       432         26          0          0          0       3306   stm32f4xx_hal_flash_ex.o
       568         50          0          0          0       3678   stm32f4xx_hal_gpio.o
      2856         46          0          0          0      11634   stm32f4xx_hal_i2c.o
        84          6          0          0          0        930   stm32f4xx_hal_msp.o
      3228         14          0          0          0      12789   stm32f4xx_hal_pcd.o
        90          0          0          0          0       2501   stm32f4xx_hal_pcd_ex.o
      1868         94          0          0          0       6277   stm32f4xx_hal_rcc.o
      1388          8          0          0          0       5828   stm32f4xx_hal_spi.o
      2028         90          0          0          0      16461   stm32f4xx_hal_tim.o
       184         30          0          0          0       2561   stm32f4xx_hal_tim_ex.o
       140         18          0          0         64       1527   stm32f4xx_hal_timebase_tim.o
      2140         26          0          0          0      11613   stm32f4xx_hal_uart.o
       480        114          0          0         72      12047   stm32f4xx_it.o
      3790        102          0          0          0      22294   stm32f4xx_ll_usb.o
         0          0          0          0          0        392   stream_buffer.o
       100         18         24          4          0       1235   system_stm32f4xx.o
      3930        432          0         60        240      34463   tasks.o
        10          0          0          0          0        504   test_task.o
      1092         94          0          0        256       4697   tim.o
      1318        124          0         20        272      30279   timers.o
       936         88          0          0        576       3472   usart.o
        76         16          0          0        720        720   usb_device.o
       940         24          0        271          0      12599   usbd_cdc.o
       148         16          0         20       4096       3410   usbd_cdc_if.o
       990         18          0          0       1032      15472   usbd_conf.o
       902          0          0          0          0      13101   usbd_core.o
      2160         28          0          1          0      16840   usbd_ctlreq.o
       386        122          0         78        512       6593   usbd_desc.o
       174          0          0          0          0       4744   usbd_ioreq.o
       280         26          0          0         32       3466   user_can.o
       928         70          0         99         72       5718   vision.o

    ----------------------------------------------------------------------
     82790       4640       4122       1540      54532    1950006   Object Totals
         0          0         32          0          0          0   (incl. Generated)
        74          0          8         23          5          0   (incl. Padding)

    ----------------------------------------------------------------------

      Code (inc. data)   RO Data    RW Data    ZI Data      Debug   Library Member Name

        90          0          0          0          0          0   __dczerorl2.o
         8          0          0          0          0         68   __main.o
       392          4         17          0          0         92   __printf_flags_ss_wp.o
        14          0          0          0          0         68   __printf_wp.o
         0          0          0          0          0          0   __rtentry.o
        12          0          0          0          0          0   __rtentry2.o
         6          0          0          0          0          0   __rtentry4.o
        52          8          0          0          0          0   __scatter.o
        28          0          0          0          0          0   __scatter_zi.o
         6          0          0          0          0          0   _printf_a.o
         6          0          0          0          0          0   _printf_c.o
        44          0          0          0          0        108   _printf_char.o
        48          6          0          0          0         96   _printf_char_common.o
        40          0          0          0          0         68   _printf_charcount.o
         6          0          0          0          0          0   _printf_d.o
       120         16          0          0          0         92   _printf_dec.o
         6          0          0          0          0          0   _printf_e.o
         6          0          0          0          0          0   _printf_f.o
      1054          0          0          0          0        216   _printf_fp_dec.o
       764          8         38          0          0        100   _printf_fp_hex.o
       128         16          0          0          0         84   _printf_fp_infnan.o
         6          0          0          0          0          0   _printf_g.o
       148          4         40          0          0        160   _printf_hex_int_ll_ptr.o
         6          0          0          0          0          0   _printf_i.o
       178          0          0          0          0         88   _printf_intcommon.o
        10          0          0          0          0          0   _printf_l.o
         6          0          0          0          0          0   _printf_lc.o
        10          0          0          0          0          0   _printf_ll.o
         6          0          0          0          0          0   _printf_lld.o
         6          0          0          0          0          0   _printf_lli.o
         6          0          0          0          0          0   _printf_llo.o
         6          0          0          0          0          0   _printf_llu.o
         6          0          0          0          0          0   _printf_llx.o
       124         16          0          0          0         92   _printf_longlong_dec.o
         6          0          0          0          0          0   _printf_ls.o
         6          0          0          0          0          0   _printf_n.o
         6          0          0          0          0          0   _printf_o.o
       112         10          0          0          0        124   _printf_oct_int_ll.o
         6          0          0          0          0          0   _printf_p.o
        78          0          0          0          0        108   _printf_pad.o
         0          0          0          0          0          0   _printf_percent.o
         4          0          0          0          0          0   _printf_percent_end.o
         6          0          0          0          0          0   _printf_s.o
        82          0          0          0          0         80   _printf_str.o
        36          0          0          0          0         84   _printf_truncate.o
         6          0          0          0          0          0   _printf_u.o
        44          0          0          0          0        108   _printf_wchar.o
       188          6          8          0          0         92   _printf_wctomb.o
         6          0          0          0          0          0   _printf_x.o
        22          0          0          0          0        100   _rserrno.o
        10          0          0          0          0         68   _sputc.o
        64          0          0          0          0         92   _wcrtomb.o
        16          0          0          0          0         68   aeabi_memset.o
       228          4        148          0          0         96   bigflt0.o
      1936        128          0          0          0        672   btod.o
        10          0          0          0          0         68   defsig_exit.o
        50          0          0          0          0         88   defsig_general.o
        80         58          0          0          0         76   defsig_rtmem_inner.o
        14          0          0          0          0         80   defsig_rtmem_outer.o
        18          0          0          0          0         80   exit.o
        94          0          0          0          0         80   h1_alloc.o
        52          0          0          0          0         68   h1_extend.o
        78          0          0          0          0         80   h1_free.o
        14          0          0          0          0         84   h1_init.o
         6          0          0          0          0        152   heapauxi.o
         4          0          0          0          0        136   hguard.o
         0          0          0          0          0          0   indicate_semi.o
       138          0          0          0          0        168   init_alloc.o
        44         10        272          0          0         76   lc_ctype_c.o
        44         10         28          0          0         76   lc_numeric_c.o
         2          0          0          0          0          0   libinit.o
        42          0          0          0          0          0   libinit2.o
         2          0          0          0          0          0   libshutdown.o
         2          0          0          0          0          0   libshutdown2.o
         8          4          0          0         96         68   libspace.o
       138          0          0          0          0         80   lludiv10.o
       238          0          0          0          0        100   lludivv7m.o
         0          0          0          0          0          0   maybetermalloc1.o
        16          4          0          0          0         76   rt_ctype_table.o
         8          4          0          0          0         68   rt_errno_addr_intlibspace.o
         8          4          0          0          0         68   rt_heap_descriptor_intlibspace.o
         8          4          0          0          0         68   rt_locale_intlibspace.o
        68          0          0          0          0         68   rt_memclr.o
        78          0          0          0          0         80   rt_memclr_w.o
       138          0          0          0          0         68   rt_memcpy_v6.o
       100          0          0          0          0         80   rt_memcpy_w.o
         2          0          0          0          0          0   rtexit.o
        10          0          0          0          0          0   rtexit2.o
       128          0          0          0          0         68   strcmpv7m.o
        62          0          0          0          0         76   strlen.o
        12          4          0          0          0         68   sys_exit.o
        74          0          0          0          0         80   sys_stackheap_outer.o
        14          0          0          0          0         76   sys_wrch.o
         2          0          0          0          0         68   use_no_semi.o
        36          4          0          0          0         76   vsprintf.o
        98          4          0          0          0        140   d2f.o
       804         16          0          0          0        368   daddsub_clz.o
        24          0          0          0          0        116   dcmpi.o
       688        140          0          0          0        256   ddiv.o
        90          4          0          0          0        140   dfixu.o
        84          0          0          0          0        232   dflt_clz.o
       120          4          0          0          0        140   dleqf.o
       340         12          0          0          0        152   dmul.o
       156          4          0          0          0        140   dnaninf.o
        12          0          0          0          0        116   dretinf.o
       108          0          0          0          0        128   drleqf.o
       408         56          0          0          0        168   dsqrt_umaal.o
        86          4          0          0          0        132   f2d.o
       140          4          0          0          0        132   fnaninf.o
        10          0          0          0          0        116   fpinit.o
        10          0          0          0          0        116   fretinf.o
         4          0          0          0          0        116   printf1.o
         4          0          0          0          0        116   printf2.o
         0          0          0          0          0          0   usenofp.o
       300         42          0          0          0        176   asinf.o
       592         90          0          0          0        184   atan2f.o
        20          0          0          0          0        124   fabs.o
        48          0          0          0          0        124   fpclassify.o
        38          0          0          0          0        116   fpclassifyf.o
        44         12          0          0          0        464   funder.o
       122          0          0          0          0        148   sqrt.o
        62          0          0          0          0        136   sqrtf.o

    ----------------------------------------------------------------------
     12492        724        552          0         96       9968   Library Totals
        28          0          1          0          0          0   (incl. Padding)

    ----------------------------------------------------------------------

      Code (inc. data)   RO Data    RW Data    ZI Data      Debug   Library Name

      8052        332        551          0         96       5672   c_w.l
      3186        248          0          0          0       2824   fz_wm.l
      1226        144          0          0          0       1472   m_wm.l

    ----------------------------------------------------------------------
     12492        724        552          0         96       9968   Library Totals

    ----------------------------------------------------------------------

==============================================================================


      Code (inc. data)   RO Data    RW Data    ZI Data      Debug   

     95282       5364       4674       1540      54628    1902950   Grand Totals
     95282       5364       4674        408      54628    1902950   ELF Image Totals (compressed)
     95282       5364       4674        408          0          0   ROM Totals

==============================================================================

    Total RO  Size (Code + RO Data)                99956 (  97.61kB)
    Total RW  Size (RW Data + ZI Data)             56168 (  54.85kB)
    Total ROM Size (Code + RO Data + RW Data)     100364 (  98.01kB)

==============================================================================

