<html>
<body>
<pre>
<h1>礦ision Build Log</h1>
<h2>Tool Versions:</h2>
IDE-Version: μVision V5.37.0.0
Copyright (C) 2022 ARM Ltd and ARM Germany GmbH. All rights reserved.
License Information: 1 8618973199296, 1, LIC=MGXG8-3GE8B-KUH4L-06PMD-A9NMT-M3G3N
 
Tool Versions:
Toolchain:       MDK-ARM Professional  Version: 5.37.0.0
Toolchain Path:  C:\Keil_v5\ARM\ARMCC\Bin
C Compiler:      Armcc.exe V5.06 update 6 (build 750)
Assembler:       Armasm.exe V5.06 update 6 (build 750)
Linker/Locator:  ArmLink.exe V5.06 update 6 (build 750)
Library Manager: ArmAr.exe V5.06 update 6 (build 750)
Hex Converter:   FromElf.exe V5.06 update 6 (build 750)
CPU DLL:         SARMCM3.DLL V5.37.0.0
Dialog DLL:      DCM.DLL V1.17.5.0
Target DLL:      CMSIS_AGDI.dll V1.33.12.0
Dialog DLL:      TCM.DLL V1.56.1.0
 
<h2>Project:</h2>
D:\001\New_start\GIMBAL\MDK-ARM\GIMBAL.uvprojx
Project File Date:  05/23/2023

<h2>Output:</h2>
*** Using Compiler 'V5.06 update 6 (build 750)', folder: 'C:\Keil_v5\ARM\ARMCC\Bin'
Build target 'GIMBAL'
compiling BEEP_MY.c...
compiling GM6020.c...
compiling bsp_buzzer_driver.c...
compiling User_math.c...
compiling FPS_Calculate.c...
compiling MY_CHASSIS_CONTROL.c...
compiling M2006.c...
compiling my_positionPID_bate.c...
compiling my_IncrementPID_bate.c...
compiling kalman.c...
compiling M3508.c...
compiling MY_SHOOT_CONTROL.c...
compiling Vision_Control.c...
compiling spinning_top_examine.c...
..\Arithmetic\spinning_top_examine.c(337): warning:  #1035-D: single-precision operand implicitly converted to double-precision
  	temp_rus=cos(temp_angle*pai/180.0);
..\Arithmetic\spinning_top_examine.c(364): warning:  #1035-D: single-precision operand implicitly converted to double-precision
  	YAW_TRAGET_ANGLE_TEMP_FAKE_MOTO=3701+fake_armor_now_angle_IMU/pai/2.0*8192;
..\Arithmetic\spinning_top_examine.c(365): warning:  #1035-D: single-precision operand implicitly converted to double-precision
  	YAW_TRAGET_ANGLE_TEMP_FAKE_IMU=DJIC_IMU.total_yaw+(GM6020s[0].readAngle-YAW_TRAGET_ANGLE_TEMP_FAKE_MOTO)/8191.0*360.0;
..\Arithmetic\spinning_top_examine.c: 3 warnings, 0 errors
compiling MY_CLOUD_CONTROL.c...
..\APP\MY_CLOUD_CONTROL.c(876): warning:  #186-D: pointless comparison of unsigned integer with zero
  	if(GM6020s[0].readAngle>=0&&GM6020s[0].readAngle<1300)//4700-4900
..\APP\MY_CLOUD_CONTROL.c(893): warning:  #186-D: pointless comparison of unsigned integer with zero
  			if(GM6020s[0].readAngle>=0&&GM6020s[0].readAngle<2100)//4700-4900
..\APP\MY_CLOUD_CONTROL.c: 2 warnings, 0 errors
compiling DR16_RECIVE.c...
..\APP\MY_CLOUD_CONTROL.h(75): warning:  #3135-D: attribute does not apply to any entity
  		__packed struct {
..\Drivers\CMSIS\DSP\Include\arm_math.h(4865): warning:  #3108-D: attribute "__packed__" does not apply here
      __SIMD32_TYPE *vstate;
..\Drivers\CMSIS\DSP\Include\arm_math.h(4873): warning:  #3108-D: attribute "__packed__" does not apply here
      vstate = __SIMD32_CONST(S->state);
..\ADD\DR16_RECIVE.c: 3 warnings, 0 errors
compiling CAN2_SEND.c...
compiling adc.c...
compiling keyBoard_to_vjoy.c...
compiling WS2812.c...
..\ADD\WS2812.h(46): warning:  #1-D: last line of file ends without a newline
  extern int rgb_b;
..\ADD\WS2812.c(207): warning:  #177-D: variable "yellow_r"  was declared but never referenced
  int yellow_r = 255, yellow_g = 255, yellow_b = 0; // 黄色的RGB值
..\ADD\WS2812.c(207): warning:  #177-D: variable "yellow_g"  was declared but never referenced
  int yellow_r = 255, yellow_g = 255, yellow_b = 0; // 黄色的RGB值
..\ADD\WS2812.c(207): warning:  #177-D: variable "yellow_b"  was declared but never referenced
  int yellow_r = 255, yellow_g = 255, yellow_b = 0; // 黄色的RGB值
..\ADD\WS2812.c: 4 warnings, 0 errors
compiling can.c...
compiling usart.c...
compiling tim.c...
compiling spi.c...
compiling oled.c...
compiling i2c.c...
compiling Vision.c...
..\ADD\DR16_RECIVE.h(212): warning:  #3135-D: attribute does not apply to any entity
  		__packed struct
..\ADD\DR16_RECIVE.h(245): warning:  #3135-D: attribute does not apply to any entity
  		__packed struct {
..\APP\MY_CLOUD_CONTROL.h(75): warning:  #3135-D: attribute does not apply to any entity
  		__packed struct {
..\Drivers\CMSIS\DSP\Include\arm_math.h(4865): warning:  #3108-D: attribute "__packed__" does not apply here
      __SIMD32_TYPE *vstate;
..\Drivers\CMSIS\DSP\Include\arm_math.h(4873): warning:  #3108-D: attribute "__packed__" does not apply here
      vstate = __SIMD32_CONST(S->state);
..\ADD\Vision.c(190): warning:  #1035-D: single-precision operand implicitly converted to double-precision
  PITCH_TRAGET_ANGLE_TEMP=GM6020s[3].totalAngle-Vision_RawData_Pitch_Angle/360.0*8191;
..\ADD\Vision.c(191): warning:  #1035-D: single-precision operand implicitly converted to double-precision
  PITCH_TRAGET_ANGLE_TEMP_EM=GM6020s[3].totalAngle-Vision_RawData_Pitch_Angle/360.0*8191.0;
..\ADD\Vision.c(200): warning:  #1035-D: single-precision operand implicitly converted to double-precision
  if(Vision_RawData_Yaw_Angle>1.0)
..\ADD\Vision.c(202): warning:  #1035-D: single-precision operand implicitly converted to double-precision
  if(Vision_RawData_Yaw_Angle<0.3&&Vision_RawData_Yaw_Angle>-0.3)
..\ADD\Vision.c: 9 warnings, 0 errors
compiling dma.c...
compiling gpio.c...
compiling usb_device.c...
compiling main.c...
..\ADD\DR16_RECIVE.h(212): warning:  #3135-D: attribute does not apply to any entity
  		__packed struct
..\ADD\DR16_RECIVE.h(245): warning:  #3135-D: attribute does not apply to any entity
  		__packed struct {
..\ADD\WS2812.h(46): warning:  #1-D: last line of file ends without a newline
  extern int rgb_b;
../Src/main.c: 3 warnings, 0 errors
compiling freertos.c...
..\ADD\DR16_RECIVE.h(212): warning:  #3135-D: attribute does not apply to any entity
  		__packed struct
..\ADD\DR16_RECIVE.h(245): warning:  #3135-D: attribute does not apply to any entity
  		__packed struct {
..\APP\MY_CLOUD_CONTROL.h(75): warning:  #3135-D: attribute does not apply to any entity
  		__packed struct {
..\Drivers\CMSIS\DSP\Include\arm_math.h(4865): warning:  #3108-D: attribute "__packed__" does not apply here
      __SIMD32_TYPE *vstate;
..\Drivers\CMSIS\DSP\Include\arm_math.h(4873): warning:  #3108-D: attribute "__packed__" does not apply here
      vstate = __SIMD32_CONST(S->state);
..\ADD\WS2812.h(46): warning:  #1-D: last line of file ends without a newline
  extern int rgb_b;
../Src/freertos.c(495): warning:  #177-D: variable "error_e"  was declared but never referenced
  	char error_e[5]="error";
../Src/freertos.c(1241): warning:  #223-D: function "mouse_Left_Right" declared implicitly
  			mouse_Left_Right();
../Src/freertos.c: 8 warnings, 0 errors
compiling bsp_delay.c...
compiling stm32f4xx_hal_msp.c...
compiling bsp_flash.c...
compiling DJI_IMU.c...
compiling user_can.c...
compiling usbd_cdc_if.c...
compiling bsp_spi.c...
compiling bsp_imu_pwm.c...
compiling bsp_led.c...
compiling stm32f4xx_it.c...
compiling Debug_DataScope.C...
compiling ist8310driver_middleware.c...
compiling BMI088driver.c...
compiling usbd_desc.c...
compiling BMI088Middleware.c...
compiling usbd_conf.c...
compiling pid.c...
compiling led_flow_task.c...
compiling test_task.c...
compiling bsp_buzzer.c...
compiling bsp_adc.c...
compiling usbd_ioreq.c...
compiling usbd_ctlreq.c...
compiling calibrate_task.c...
compiling INS_task.c...
compiling usbd_core.c...
compiling usbd_cdc.c...
linking...
Program Size: Code=111092 RO-data=4560 RW-data=2468 ZI-data=57468  
FromELF: creating hex file...
"ins_task\GIMBAL.axf" - 0 Error(s), 32 Warning(s).

<h2>Software Packages used:</h2>

Package Vendor: ARM
                http://www.keil.com/pack/ARM.CMSIS.5.9.0.pack
                ARM.CMSIS.5.9.0
                CMSIS (Common Microcontroller Software Interface Standard)
   * Component: CORE Version: 5.6.0

Package Vendor: Keil
                http://www.keil.com/pack/Keil.STM32F4xx_DFP.2.7.0.pack
                Keil.STM32F4xx_DFP.2.7.0
                STMicroelectronics STM32F4 Series Device Support, Drivers and Examples

<h2>Collection of Component include folders:</h2>
  ./RTE/_GIMBAL
  C:/Users/86189/AppData/Local/Arm/Packs/ARM/CMSIS/5.9.0/CMSIS/Core/Include
  C:/Users/86189/AppData/Local/Arm/Packs/Keil/STM32F4xx_DFP/2.7.0/Drivers/CMSIS/Device/ST/STM32F4xx/Include

<h2>Collection of Component Files used:</h2>

   * Component: ARM::CMSIS:CORE:5.6.0
Build Time Elapsed:  00:00:25
</pre>
</body>
</html>
