<html>
<body>
<pre>
<h1>礦ision Build Log</h1>
<h2>Tool Versions:</h2>
IDE-Version: μVision V5.28.0.0
Copyright (C) 2019 ARM Ltd and ARM Germany GmbH. All rights reserved.
License Information: 1 8618973199296, 1, LIC=MGXG8-3GE8B-KUH4L-06PMD-A9NMT-M3G3N
 
Tool Versions:
Toolchain:       MDK-ARM Professional  Version: 5.28.0.0
Toolchain Path:  C:\Keil_v5\ARM\ARMCC\Bin
C Compiler:      Armcc.exe V5.06 update 6 (build 750)
Assembler:       Armasm.exe V5.06 update 6 (build 750)
Linker/Locator:  ArmLink.exe V5.06 update 6 (build 750)
Library Manager: ArmAr.exe V5.06 update 6 (build 750)
Hex Converter:   FromElf.exe V5.06 update 6 (build 750)
CPU DLL:         SARMCM3.DLL V5.28.0.0
Dialog DLL:      DCM.DLL V1.17.3.0
Target DLL:      CMSIS_AGDI.dll V1.31.18.0
Dialog DLL:      TCM.DLL V1.36.2.0
 
<h2>Project:</h2>
D:\001\New_start\CHASSIS\MDK-ARM\CHASSIS.uvprojx
Project File Date:  04/14/2022

<h2>Output:</h2>
*** Using Compiler 'V5.06 update 6 (build 750)', folder: 'C:\Keil_v5\ARM\ARMCC\Bin'
Build target 'CHASSIS'
compiling CHASSIS_CONTROL_basic.c...
..\BSP\BSP_CAN.h(41): warning:  #1-D: last line of file ends without a newline
  #endif
..\Arithmetic\my_positionPID_bate.h(100): warning:  #1-D: last line of file ends without a newline
  #endif
..\APP\MY_CHASSIS_CONTROL.h(18): warning:  #1295-D: Deprecated declaration Power_Calculate - give arg types
  void Power_Calculate();
..\APP\MY_CHASSIS_CONTROL.h(22): warning:  #1295-D: Deprecated declaration Power_Calculate - give arg types
  void Power_Calculate();
..\APP\CHASSIS_CONTROL_basic.h(21): warning:  #1-D: last line of file ends without a newline
  #endif
..\APP\CHASSIS_CONTROL_2.h(26): warning:  #1-D: last line of file ends without a newline
  #endif
..\APP\CHASSIS_CONTROL_basic.c(142): warning:  #1035-D: single-precision operand implicitly converted to double-precision
  				CHASSIS_trage_speed=CHASSIS_MOTOR_ANGLE_pid.result*0.8;//双环	//两个传感器都是好的,速度可以快一点
..\APP\CHASSIS_CONTROL_basic.c(156): warning:  #1035-D: single-precision operand implicitly converted to double-precision
  				CHASSIS_trage_speed=CHASSIS_MOTOR_ANGLE_pid.result*0.5;//双环	//只有一个传感器都是好的,速度可以慢一点
..\APP\CHASSIS_CONTROL_basic.c(170): warning:  #1035-D: single-precision operand implicitly converted to double-precision
  				CHASSIS_trage_speed=CHASSIS_MOTOR_ANGLE_pid.result*0.5;//双环	//只有一个传感器都是好的,速度可以慢一点
..\APP\CHASSIS_CONTROL_basic.c: 9 warnings, 0 errors
compiling rng.c...
compiling gpio.c...
compiling can.c...
compiling stm32f4xx_hal_msp.c...
compiling dma.c...
compiling MY_SHOOT_CONTROL.c...
..\APP\MY_SHOOT_CONTROL.h(8): warning:  #1-D: last line of file ends without a newline
  #endif
..\BSP\BSP_CAN.h(41): warning:  #1-D: last line of file ends without a newline
  #endif
..\Arithmetic\my_positionPID_bate.h(100): warning:  #1-D: last line of file ends without a newline
  #endif
..\APP\MY_SHOOT_CONTROL.c: 3 warnings, 0 errors
compiling MY_CLOUD_CONTROL.c...
..\BSP\BSP_CAN.h(41): warning:  #1-D: last line of file ends without a newline
  #endif
..\Arithmetic\my_positionPID_bate.h(100): warning:  #1-D: last line of file ends without a newline
  #endif
..\APP\MY_CLOUD_CONTROL.c(118): warning:  #1035-D: single-precision operand implicitly converted to double-precision
  								PITCH_trage_angle-=(Vision_RawData_Pitch_Angle/10.0);
..\APP\MY_CLOUD_CONTROL.c: 3 warnings, 0 errors
compiling tim.c...
compiling freertos.c...
..\BSP\BSP_CAN.h(41): warning:  #1-D: last line of file ends without a newline
  #endif
..\Arithmetic\my_positionPID_bate.h(100): warning:  #1-D: last line of file ends without a newline
  #endif
..\APP\MY_CHASSIS_CONTROL.h(18): warning:  #1295-D: Deprecated declaration Power_Calculate - give arg types
  void Power_Calculate();
..\APP\MY_CHASSIS_CONTROL.h(22): warning:  #1295-D: Deprecated declaration Power_Calculate - give arg types
  void Power_Calculate();
..\APP\MY_SHOOT_CONTROL.h(8): warning:  #1-D: last line of file ends without a newline
  #endif
..\BSP\DR16_CAN2_SEND.h(37): warning:  #1295-D: Deprecated declaration DR16_send_master_control - give arg types
  void DR16_send_master_control();//鎬绘帶鍒?
..\APP\CHASSIS_CONTROL_basic.h(21): warning:  #1-D: last line of file ends without a newline
  #endif
..\APP\CHASSIS_CONTROL_2.h(26): warning:  #1-D: last line of file ends without a newline
  #endif
..\add\Sensor.h(69): warning:  #1-D: last line of file ends without a newline
  #endif
../Core/Src/freertos.c(380): warning:  #550-D: variable "xLastWakeTime"  was set but never used
  	portTickType xLastWakeTime;
../Core/Src/freertos.c(382): warning:  #177-D: variable "TimeIncrement"  was declared but never referenced
  	const TickType_t TimeIncrement = pdMS_TO_TICKS(2); //每十毫秒强制进入总控制
../Core/Src/freertos.c: 11 warnings, 0 errors
compiling stm32f4xx_it.c...
..\BSP\BSP_CAN.h(41): warning:  #1-D: last line of file ends without a newline
  #endif
..\Arithmetic\my_positionPID_bate.h(100): warning:  #1-D: last line of file ends without a newline
  #endif
..\add\Sensor.h(69): warning:  #1-D: last line of file ends without a newline
  #endif
../Core/Src/stm32f4xx_it.c(44): warning:  #1035-D: single-precision operand implicitly converted to double-precision
  float lun_1_quan_m=pai*0.06;
../Core/Src/stm32f4xx_it.c(396): warning:  #1035-D: single-precision operand implicitly converted to double-precision
  		speed_every_100_ms=angle_100_ms*lun_1_quan_m/8191.0/14.0*10;//这100m秒走过的路程 变成圈数 再经过减速比 最后根据轮径
../Core/Src/stm32f4xx_it.c: 5 warnings, 0 errors
compiling usart.c...
compiling CHASSIS_CONTROL_2.c...
..\BSP\BSP_CAN.h(41): warning:  #1-D: last line of file ends without a newline
  #endif
..\Arithmetic\my_positionPID_bate.h(100): warning:  #1-D: last line of file ends without a newline
  #endif
..\APP\MY_CHASSIS_CONTROL.h(18): warning:  #1295-D: Deprecated declaration Power_Calculate - give arg types
  void Power_Calculate();
..\APP\MY_CHASSIS_CONTROL.h(22): warning:  #1295-D: Deprecated declaration Power_Calculate - give arg types
  void Power_Calculate();
..\APP\CHASSIS_CONTROL_2.h(26): warning:  #1-D: last line of file ends without a newline
  #endif
..\APP\CHASSIS_CONTROL_2.c: 5 warnings, 0 errors
compiling main.c...
..\Arithmetic\my_positionPID_bate.h(100): warning:  #1-D: last line of file ends without a newline
  #endif
../Core/Src/main.c: 1 warning, 0 errors
compiling MY_CHASSIS_CONTROL.c...
..\BSP\BSP_CAN.h(41): warning:  #1-D: last line of file ends without a newline
  #endif
..\Arithmetic\my_positionPID_bate.h(100): warning:  #1-D: last line of file ends without a newline
  #endif
..\APP\MY_CHASSIS_CONTROL.h(18): warning:  #1295-D: Deprecated declaration Power_Calculate - give arg types
  void Power_Calculate();
..\APP\MY_CHASSIS_CONTROL.h(22): warning:  #1295-D: Deprecated declaration Power_Calculate - give arg types
  void Power_Calculate();
..\APP\CHASSIS_CONTROL_2.h(26): warning:  #1-D: last line of file ends without a newline
  #endif
..\APP\MY_CHASSIS_CONTROL.c(306): warning:  #1035-D: single-precision operand implicitly converted to double-precision
  				speed_change=DEBUFF*CHASSIS_trage_speed*0.7;		//最多减慢百分之70
..\APP\MY_CHASSIS_CONTROL.c: 6 warnings, 0 errors
compiling DR16_RECIVE.c...
..\Arithmetic\my_positionPID_bate.h(100): warning:  #1-D: last line of file ends without a newline
  #endif
..\BSP\BSP_CAN.h(41): warning:  #1-D: last line of file ends without a newline
  #endif
..\APP\MY_CHASSIS_CONTROL.h(18): warning:  #1295-D: Deprecated declaration Power_Calculate - give arg types
  void Power_Calculate();
..\APP\MY_CHASSIS_CONTROL.h(22): warning:  #1295-D: Deprecated declaration Power_Calculate - give arg types
  void Power_Calculate();
..\add\DR16_RECIVE.c: 4 warnings, 0 errors
compiling timer.c...
compiling my_IncrementPID_bate.c...
compiling user_UART.c...
compiling BSP_CAN.c...
..\BSP\BSP_CAN.h(41): warning:  #1-D: last line of file ends without a newline
  #endif
..\BSP\BSP_CAN.c: 1 warning, 0 errors
compiling my_positionPID_bate.c...
..\Arithmetic\my_positionPID_bate.h(100): warning:  #1-D: last line of file ends without a newline
  #endif
..\Arithmetic\my_positionPID_bate.c: 1 warning, 0 errors
compiling Vision.c...
compiling GM6020.c...
..\BSP\BSP_CAN.h(41): warning:  #1-D: last line of file ends without a newline
  #endif
..\Device\GM6020.c: 1 warning, 0 errors
compiling CAN2_SEND.c...
..\BSP\BSP_CAN.h(41): warning:  #1-D: last line of file ends without a newline
  #endif
..\Arithmetic\my_positionPID_bate.h(100): warning:  #1-D: last line of file ends without a newline
  #endif
..\BSP\CAN2_SEND.c(52): warning:  #1-D: last line of file ends without a newline
  }
..\BSP\CAN2_SEND.c: 3 warnings, 0 errors
compiling DR16_CAN2_SEND.c...
..\BSP\BSP_CAN.h(41): warning:  #1-D: last line of file ends without a newline
  #endif
..\BSP\DR16_CAN2_SEND.h(37): warning:  #1295-D: Deprecated declaration DR16_send_master_control - give arg types
  void DR16_send_master_control();//鎬绘帶鍒?
..\BSP\DR16_CAN2_SEND.c: 2 warnings, 0 errors
compiling M2006.c...
..\BSP\BSP_CAN.h(41): warning:  #1-D: last line of file ends without a newline
  #endif
..\Arithmetic\my_positionPID_bate.h(100): warning:  #1-D: last line of file ends without a newline
  #endif
..\Device\M2006.c: 2 warnings, 0 errors
compiling M3508.c...
..\BSP\BSP_CAN.h(41): warning:  #1-D: last line of file ends without a newline
  #endif
..\Arithmetic\my_positionPID_bate.h(100): warning:  #1-D: last line of file ends without a newline
  #endif
..\Device\M3508.c: 2 warnings, 0 errors
compiling FPS_Calculate.c...
compiling DJI_C_IMU.c...
..\BSP\BSP_CAN.h(41): warning:  #1-D: last line of file ends without a newline
  #endif
..\Device\DJI_C_IMU.c(118): warning:  #1035-D: single-precision operand implicitly converted to double-precision
  	PITCH_MAX_angle=DJIC_IMU.total_pitch+(7130-GM6020s[1].totalAngle)/8196.0*360.0;
..\Device\DJI_C_IMU.c(119): warning:  #1035-D: single-precision operand implicitly converted to double-precision
  	PITCH_MIN_angle=DJIC_IMU.total_pitch+(6430-GM6020s[1].totalAngle)/8196.0*360.0;
..\Device\DJI_C_IMU.c: 3 warnings, 0 errors
compiling User_math.c...
compiling Sensor.c...
..\add\Sensor.h(69): warning:  #1-D: last line of file ends without a newline
  #endif
..\add\Sensor.c: 1 warning, 0 errors
compiling RM_JudgeSystem.c...
..\Arithmetic\my_positionPID_bate.h(100): warning:  #1-D: last line of file ends without a newline
  #endif
..\Device\RM_JudgeSystem.c(1470): warning:  #223-D: function "sprintf" declared implicitly
  	sprintf(data, "%d", i);
..\Device\RM_JudgeSystem.c: 2 warnings, 0 errors
linking...
freertos1\CHASSIS.axf: Warning: L6304W: Duplicate input file freertos1\stm32f4xx_hal_timebase_tim_1.o ignored.
Program Size: Code=35244 RO-data=1544 RW-data=816 ZI-data=31840  
Finished: 0 information, 1 warning and 0 error messages.
FromELF: creating hex file...
"freertos1\CHASSIS.axf" - 0 Error(s), 66 Warning(s).

<h2>Software Packages used:</h2>

Package Vendor: ARM
                http://www.keil.com/pack/ARM.CMSIS.5.5.1.pack
                ARM.CMSIS.5.5.1
                CMSIS (Cortex Microcontroller Software Interface Standard)
   * Component: CORE Version: 5.2.0

Package Vendor: Keil
                http://www.keil.com/pack/Keil.STM32F4xx_DFP.2.7.0.pack
                Keil.STM32F4xx_DFP.2.7.0
                STMicroelectronics STM32F4 Series Device Support, Drivers and Examples

<h2>Collection of Component include folders:</h2>
  .\RTE\_CHASSIS
  C:\Users\86189\AppData\Local\Arm\Packs\ARM\CMSIS\5.5.1\CMSIS\Core\Include
  C:\Users\86189\AppData\Local\Arm\Packs\Keil\STM32F4xx_DFP\2.7.0\Drivers\CMSIS\Device\ST\STM32F4xx\Include

<h2>Collection of Component Files used:</h2>

   * Component: ARM::CMSIS:CORE:5.2.0
Build Time Elapsed:  00:00:18
</pre>
</body>
</html>
