Component: ARM Compiler 5.06 update 6 (build 750) Tool: armlink [4d35ed]

==============================================================================

Section Cross References

    my_cloud_control.o(i.PITCH_PID) refers to f2d.o(.text) for __aeabi_f2d
    my_cloud_control.o(i.PITCH_PID) refers to ddiv.o(.text) for __aeabi_ddiv
    my_cloud_control.o(i.PITCH_PID) refers to dadd.o(.text) for __aeabi_dsub
    my_cloud_control.o(i.PITCH_PID) refers to d2f.o(.text) for __aeabi_d2f
    my_cloud_control.o(i.PITCH_PID) refers to dji_c_imu.o(i.imu_angle) for imu_angle
    my_cloud_control.o(i.PITCH_PID) refers to my_positionpid_bate.o(i.P_PID_bate) for P_PID_bate
    my_cloud_control.o(i.PITCH_PID) refers to dr16_recive.o(.data) for DR16
    my_cloud_control.o(i.PITCH_PID) refers to fps_calculate.o(.bss) for FPS_ALL
    my_cloud_control.o(i.PITCH_PID) refers to vision.o(.bss) for VisionData
    my_cloud_control.o(i.PITCH_PID) refers to main.o(.data) for Vision_RawData_Pitch_Angle
    my_cloud_control.o(i.PITCH_PID) refers to dji_c_imu.o(.bss) for DJIC_IMU
    my_cloud_control.o(i.PITCH_PID) refers to my_positionpid_bate.o(.bss) for PITCH_IMU_Angle_pid
    my_cloud_control.o(i.YAW_PID) refers to my_positionpid_bate.o(i.P_PID_bate) for P_PID_bate
    my_cloud_control.o(i.YAW_PID) refers to dji_c_imu.o(.bss) for DJIC_IMU
    my_cloud_control.o(i.YAW_PID) refers to main.o(.data) for yaw_trage_angle
    my_cloud_control.o(i.YAW_PID) refers to my_positionpid_bate.o(.bss) for Yaw_IMU_Angle_pid
    my_cloud_control.o(i.cloud_control) refers to my_cloud_control.o(i.YAW_PID) for YAW_PID
    my_cloud_control.o(i.cloud_control) refers to my_cloud_control.o(i.PITCH_PID) for PITCH_PID
    my_chassis_control.o(i.CHASSIS_CONTROUL) refers to chassis_control_2.o(i.CHASSIS_CONTROUL_2) for CHASSIS_CONTROUL_2
    my_chassis_control.o(i.CHASSIS_CONTROUL) refers to my_chassis_control.o(i.Random_CHASSIS) for Random_CHASSIS
    my_chassis_control.o(i.CHASSIS_CONTROUL) refers to dflti.o(.text) for __aeabi_i2d
    my_chassis_control.o(i.CHASSIS_CONTROUL) refers to dmul.o(.text) for __aeabi_dmul
    my_chassis_control.o(i.CHASSIS_CONTROUL) refers to ddiv.o(.text) for __aeabi_ddiv
    my_chassis_control.o(i.CHASSIS_CONTROUL) refers to dfixi.o(.text) for __aeabi_d2iz
    my_chassis_control.o(i.CHASSIS_CONTROUL) refers to user_math.o(i.Ramp_Function) for Ramp_Function
    my_chassis_control.o(i.CHASSIS_CONTROUL) refers to my_positionpid_bate.o(i.P_PID_bate) for P_PID_bate
    my_chassis_control.o(i.CHASSIS_CONTROUL) refers to dr16_recive.o(.data) for DR16
    my_chassis_control.o(i.CHASSIS_CONTROUL) refers to chassis_control_basic.o(.data) for CHASSIS_R_MIN_new
    my_chassis_control.o(i.CHASSIS_CONTROUL) refers to my_chassis_control.o(.data) for Random_CHASSIS_CHOOSE
    my_chassis_control.o(i.CHASSIS_CONTROUL) refers to main.o(.data) for CHASSIS_trage_speed
    my_chassis_control.o(i.CHASSIS_CONTROUL) refers to m3508.o(.bss) for M3508s
    my_chassis_control.o(i.CHASSIS_CONTROUL) refers to my_chassis_control.o(.bss) for CHASSIS
    my_chassis_control.o(i.CHASSIS_CONTROUL) refers to my_positionpid_bate.o(.bss) for CHASSIS_MOTOR_SPEED_pid
    my_chassis_control.o(i.Cruise_CHASSIS) refers to my_positionpid_bate.o(i.P_PID_bate) for P_PID_bate
    my_chassis_control.o(i.Cruise_CHASSIS) refers to f2d.o(.text) for __aeabi_f2d
    my_chassis_control.o(i.Cruise_CHASSIS) refers to dmul.o(.text) for __aeabi_dmul
    my_chassis_control.o(i.Cruise_CHASSIS) refers to dfixi.o(.text) for __aeabi_d2iz
    my_chassis_control.o(i.Cruise_CHASSIS) refers to main.o(.data) for HWswitch_R
    my_chassis_control.o(i.Cruise_CHASSIS) refers to m3508.o(.bss) for M3508s
    my_chassis_control.o(i.Cruise_CHASSIS) refers to my_positionpid_bate.o(.bss) for CHASSIS_MOTOR_ANGLE_pid
    my_chassis_control.o(i.Get_Encoder_Value) refers to dflti.o(.text) for __aeabi_i2d
    my_chassis_control.o(i.Get_Encoder_Value) refers to dmul.o(.text) for __aeabi_dmul
    my_chassis_control.o(i.Get_Encoder_Value) refers to ddiv.o(.text) for __aeabi_ddiv
    my_chassis_control.o(i.Get_Encoder_Value) refers to d2f.o(.text) for __aeabi_d2f
    my_chassis_control.o(i.Get_Encoder_Value) refers to f2d.o(.text) for __aeabi_f2d
    my_chassis_control.o(i.Get_Encoder_Value) refers to m3508.o(.bss) for M3508s
    my_chassis_control.o(i.Get_Encoder_Value) refers to main.o(.data) for M3508_3ms_ago
    my_chassis_control.o(i.Get_RandomNumbers_Range) refers to stm32f4xx_hal_rng.o(i.HAL_RNG_GetRandomNumber) for HAL_RNG_GetRandomNumber
    my_chassis_control.o(i.Get_RandomNumbers_Range) refers to rng.o(.bss) for hrng
    my_chassis_control.o(i.Power_Calculate) refers to rm_judgesystem.o(.bss) for ext_power_heat_data
    my_chassis_control.o(i.Power_Calculate) refers to my_chassis_control.o(.data) for flag
    my_chassis_control.o(i.Power_Calculate) refers to main.o(.data) for Chassis_PowerLimit
[...]
    DR16_Process                             0x08001239   Thumb Code   406  dr16_recive.o(i.DR16_Process)
    DR16_send_master_control                 0x080013dd   Thumb Code    46  dr16_can2_send.o(i.DR16_send_master_control)
    DR16_send_part_one                       0x08001415   Thumb Code    18  dr16_can2_send.o(i.DR16_send_part_one)
    DR16_send_part_three                     0x08001431   Thumb Code    18  dr16_can2_send.o(i.DR16_send_part_three)
    DR16_send_part_two                       0x0800144d   Thumb Code    18  dr16_can2_send.o(i.DR16_send_part_two)
    DR_16hander                              0x08001469   Thumb Code   108  dr16_recive.o(i.DR_16hander)
    DeBug                                    0x080014dd   Thumb Code   112  freertos.o(i.DeBug)
    DebugMon_Handler                         0x08001569   Thumb Code     2  stm32f4xx_it.o(i.DebugMon_Handler)
    Error_Handler                            0x0800156b   Thumb Code     2  main.o(i.Error_Handler)
    GM6020_Pitch_getInfo                     0x080015bd   Thumb Code   340  gm6020.o(i.GM6020_Pitch_getInfo)
    GM6020_SetVoltage                        0x08001719   Thumb Code    78  gm6020.o(i.GM6020_SetVoltage)
    GM6020_Yaw_getInfo                       0x0800176d   Thumb Code   340  gm6020.o(i.GM6020_Yaw_getInfo)
    Get_CRC16_Check_Sum                      0x080018cd   Thumb Code    46  rm_judgesystem.o(i.Get_CRC16_Check_Sum)
    Get_Encoder_Value                        0x08001901   Thumb Code   306  my_chassis_control.o(i.Get_Encoder_Value)
    Get_FPS                                  0x08001a59   Thumb Code    30  fps_calculate.o(i.Get_FPS)
    Get_RandomNumbers_Range                  0x08001a79   Thumb Code    32  my_chassis_control.o(i.Get_RandomNumbers_Range)
    HAL_CAN_AddTxMessage                     0x08001a9d   Thumb Code   342  stm32f4xx_hal_can.o(i.HAL_CAN_AddTxMessage)
    HAL_CAN_ConfigFilter                     0x08001bf5   Thumb Code   286  stm32f4xx_hal_can.o(i.HAL_CAN_ConfigFilter)
    HAL_CAN_ErrorCallback                    0x08001d19   Thumb Code     2  stm32f4xx_hal_can.o(i.HAL_CAN_ErrorCallback)
    HAL_CAN_GetRxMessage                     0x08001d1b   Thumb Code   378  stm32f4xx_hal_can.o(i.HAL_CAN_GetRxMessage)
    HAL_CAN_IRQHandler                       0x08001e95   Thumb Code   590  stm32f4xx_hal_can.o(i.HAL_CAN_IRQHandler)
    HAL_CAN_Init                             0x080020e3   Thumb Code   372  stm32f4xx_hal_can.o(i.HAL_CAN_Init)
    HAL_CAN_MspInit                          0x08002259   Thumb Code   330  can.o(i.HAL_CAN_MspInit)
    HAL_CAN_RxFifo0FullCallback              0x080023bd   Thumb Code     2  stm32f4xx_hal_can.o(i.HAL_CAN_RxFifo0FullCallback)
    HAL_CAN_RxFifo0MsgPendingCallback        0x080023c1   Thumb Code   126  stm32f4xx_it.o(i.HAL_CAN_RxFifo0MsgPendingCallback)
    HAL_CAN_RxFifo1FullCallback              0x0800245d   Thumb Code     2  stm32f4xx_hal_can.o(i.HAL_CAN_RxFifo1FullCallback)
    HAL_CAN_RxFifo1MsgPendingCallback        0x0800245f   Thumb Code     2  stm32f4xx_hal_can.o(i.HAL_CAN_RxFifo1MsgPendingCallback)
    HAL_CAN_SleepCallback                    0x08002461   Thumb Code     2  stm32f4xx_hal_can.o(i.HAL_CAN_SleepCallback)
    HAL_CAN_Start                            0x08002463   Thumb Code    94  stm32f4xx_hal_can.o(i.HAL_CAN_Start)
    HAL_CAN_TxMailbox0AbortCallback          0x080024c1   Thumb Code     2  stm32f4xx_hal_can.o(i.HAL_CAN_TxMailbox0AbortCallback)
    HAL_CAN_TxMailbox0CompleteCallback       0x080024c3   Thumb Code     2  stm32f4xx_hal_can.o(i.HAL_CAN_TxMailbox0CompleteCallback)
    HAL_CAN_TxMailbox1AbortCallback          0x080024c5   Thumb Code     2  stm32f4xx_hal_can.o(i.HAL_CAN_TxMailbox1AbortCallback)
    HAL_CAN_TxMailbox1CompleteCallback       0x080024c7   Thumb Code     2  stm32f4xx_hal_can.o(i.HAL_CAN_TxMailbox1CompleteCallback)
    HAL_CAN_TxMailbox2AbortCallback          0x080024c9   Thumb Code     2  stm32f4xx_hal_can.o(i.HAL_CAN_TxMailbox2AbortCallback)
    HAL_CAN_TxMailbox2CompleteCallback       0x080024cb   Thumb Code     2  stm32f4xx_hal_can.o(i.HAL_CAN_TxMailbox2CompleteCallback)
    HAL_CAN_WakeUpFromRxMsgCallback          0x080024cd   Thumb Code     2  stm32f4xx_hal_can.o(i.HAL_CAN_WakeUpFromRxMsgCallback)
    HAL_DMA_Abort_IT                         0x080024cf   Thumb Code    40  stm32f4xx_hal_dma.o(i.HAL_DMA_Abort_IT)
    HAL_DMA_IRQHandler                       0x080024f9   Thumb Code   570  stm32f4xx_hal_dma.o(i.HAL_DMA_IRQHandler)
    HAL_DMA_Init                             0x08002739   Thumb Code   232  stm32f4xx_hal_dma.o(i.HAL_DMA_Init)
    HAL_DMA_Start                            0x08002825   Thumb Code   102  stm32f4xx_hal_dma.o(i.HAL_DMA_Start)
    HAL_DMA_Start_IT                         0x0800288b   Thumb Code   146  stm32f4xx_hal_dma.o(i.HAL_DMA_Start_IT)
    HAL_Delay                                0x0800291d   Thumb Code    36  stm32f4xx_hal.o(i.HAL_Delay)
    HAL_GPIO_Init                            0x08002945   Thumb Code   486  stm32f4xx_hal_gpio.o(i.HAL_GPIO_Init)
    HAL_GPIO_ReadPin                         0x08002b61   Thumb Code    16  stm32f4xx_hal_gpio.o(i.HAL_GPIO_ReadPin)
    HAL_GetTick                              0x08002b71   Thumb Code     6  stm32f4xx_hal.o(i.HAL_GetTick)
    HAL_IncTick                              0x08002b7d   Thumb Code    16  stm32f4xx_hal.o(i.HAL_IncTick)
    HAL_Init                                 0x08002b95   Thumb Code    54  stm32f4xx_hal.o(i.HAL_Init)
    HAL_InitTick                             0x08002bd1   Thumb Code   122  stm32f4xx_hal_timebase_tim_1.o(i.HAL_InitTick)
    HAL_MspInit                              0x08002c5d   Thumb Code    68  stm32f4xx_hal_msp.o(i.HAL_MspInit)
    HAL_NVIC_EnableIRQ                       0x08002ca5   Thumb Code    32  stm32f4xx_hal_cortex.o(i.HAL_NVIC_EnableIRQ)
    HAL_NVIC_SetPriority                     0x08002cc5   Thumb Code   124  stm32f4xx_hal_cortex.o(i.HAL_NVIC_SetPriority)
    HAL_NVIC_SetPriorityGrouping             0x08002d41   Thumb Code    32  stm32f4xx_hal_cortex.o(i.HAL_NVIC_SetPriorityGrouping)
    HAL_RCC_ClockConfig                      0x08002d69   Thumb Code   368  stm32f4xx_hal_rcc.o(i.HAL_RCC_ClockConfig)
    HAL_RCC_GetClockConfig                   0x08002eed   Thumb Code    58  stm32f4xx_hal_rcc.o(i.HAL_RCC_GetClockConfig)
    HAL_RCC_GetHCLKFreq                      0x08002f31   Thumb Code     6  stm32f4xx_hal_rcc.o(i.HAL_RCC_GetHCLKFreq)
    HAL_RCC_GetPCLK1Freq                     0x08002f3d   Thumb Code    22  stm32f4xx_hal_rcc.o(i.HAL_RCC_GetPCLK1Freq)
    HAL_RCC_GetPCLK2Freq                     0x08002f5d   Thumb Code    22  stm32f4xx_hal_rcc.o(i.HAL_RCC_GetPCLK2Freq)
    HAL_RCC_GetSysClockFreq                  0x08002f7d   Thumb Code   162  stm32f4xx_hal_rcc.o(i.HAL_RCC_GetSysClockFreq)
    HAL_RCC_OscConfig                        0x0800302d   Thumb Code  1152  stm32f4xx_hal_rcc.o(i.HAL_RCC_OscConfig)
    HAL_RNG_GenerateRandomNumber             0x080034b5   Thumb Code   124  stm32f4xx_hal_rng.o(i.HAL_RNG_GenerateRandomNumber)
    HAL_RNG_GetRandomNumber                  0x08003531   Thumb Code    24  stm32f4xx_hal_rng.o(i.HAL_RNG_GetRandomNumber)
    HAL_RNG_Init                             0x08003549   Thumb Code    52  stm32f4xx_hal_rng.o(i.HAL_RNG_Init)
    HAL_RNG_MspInit                          0x0800357d   Thumb Code    44  rng.o(i.HAL_RNG_MspInit)
    HAL_TIMEx_BreakCallback                  0x080035b1   Thumb Code     2  stm32f4xx_hal_tim_ex.o(i.HAL_TIMEx_BreakCallback)
    HAL_TIMEx_CommutCallback                 0x080035b3   Thumb Code     2  stm32f4xx_hal_tim_ex.o(i.HAL_TIMEx_CommutCallback)
    HAL_TIMEx_MasterConfigSynchronization    0x080035b5   Thumb Code   150  stm32f4xx_hal_tim_ex.o(i.HAL_TIMEx_MasterConfigSynchronization)
    HAL_TIM_Base_Init                        0x08003669   Thumb Code    52  stm32f4xx_hal_tim.o(i.HAL_TIM_Base_Init)
    HAL_TIM_Base_MspInit                     0x0800369d   Thumb Code   120  tim.o(i.HAL_TIM_Base_MspInit)
    HAL_TIM_Base_Start_IT                    0x08003721   Thumb Code    42  stm32f4xx_hal_tim.o(i.HAL_TIM_Base_Start_IT)
    HAL_TIM_ConfigClockSource                0x0800374b   Thumb Code   264  stm32f4xx_hal_tim.o(i.HAL_TIM_ConfigClockSource)
    HAL_TIM_Encoder_Init                     0x08003853   Thumb Code   174  stm32f4xx_hal_tim.o(i.HAL_TIM_Encoder_Init)
    HAL_TIM_Encoder_MspInit                  0x08003901   Thumb Code   120  tim.o(i.HAL_TIM_Encoder_MspInit)
    HAL_TIM_Encoder_Start                    0x08003985   Thumb Code    78  stm32f4xx_hal_tim.o(i.HAL_TIM_Encoder_Start)
    HAL_TIM_IC_CaptureCallback               0x080039d3   Thumb Code     2  stm32f4xx_hal_tim.o(i.HAL_TIM_IC_CaptureCallback)
    HAL_TIM_IRQHandler                       0x080039d5   Thumb Code   406  stm32f4xx_hal_tim.o(i.HAL_TIM_IRQHandler)
    HAL_TIM_OC_DelayElapsedCallback          0x08003b6b   Thumb Code     2  stm32f4xx_hal_tim.o(i.HAL_TIM_OC_DelayElapsedCallback)
    HAL_TIM_PWM_PulseFinishedCallback        0x08003b6d   Thumb Code     2  stm32f4xx_hal_tim.o(i.HAL_TIM_PWM_PulseFinishedCallback)
    HAL_TIM_PeriodElapsedCallback            0x08003b71   Thumb Code    18  main.o(i.HAL_TIM_PeriodElapsedCallback)
    HAL_TIM_TriggerCallback                  0x08003b89   Thumb Code     2  stm32f4xx_hal_tim.o(i.HAL_TIM_TriggerCallback)
    HAL_UART_ErrorCallback                   0x08003b8b   Thumb Code     2  stm32f4xx_hal_uart.o(i.HAL_UART_ErrorCallback)
    HAL_UART_IRQHandler                      0x08003b8d   Thumb Code   336  stm32f4xx_hal_uart.o(i.HAL_UART_IRQHandler)
    HAL_UART_Init                            0x08003ce1   Thumb Code   114  stm32f4xx_hal_uart.o(i.HAL_UART_Init)
    HAL_UART_MspInit                         0x08003d55   Thumb Code   836  usart.o(i.HAL_UART_MspInit)
    HAL_UART_RxCpltCallback                  0x080040d9   Thumb Code     2  stm32f4xx_hal_uart.o(i.HAL_UART_RxCpltCallback)
    HAL_UART_Transmit_DMA                    0x080040dd   Thumb Code   142  stm32f4xx_hal_uart.o(i.HAL_UART_Transmit_DMA)
    HAL_UART_TxCpltCallback                  0x08004179   Thumb Code     2  stm32f4xx_hal_uart.o(i.HAL_UART_TxCpltCallback)
    HAL_UART_TxHalfCpltCallback              0x0800417b   Thumb Code     2  stm32f4xx_hal_uart.o(i.HAL_UART_TxHalfCpltCallback)
    HardFault_Handler                        0x0800417d   Thumb Code     4  stm32f4xx_it.o(i.HardFault_Handler)
    I_PID_Parameter_Init                     0x080041d5   Thumb Code   150  my_incrementpid_bate.o(i.I_PID_Parameter_Init)
    I_PID_Regulation                         0x08004271   Thumb Code   466  my_incrementpid_bate.o(i.I_PID_Regulation)
    JS_send_control                          0x08004445   Thumb Code    36  dr16_can2_send.o(i.JS_send_control)
    JudgeSystem_Handler                      0x08004475   Thumb Code   116  rm_judgesystem.o(i.JudgeSystem_Handler)
    Judge_GetMessage                         0x080044ed   Thumb Code  1112  rm_judgesystem.o(i.Judge_GetMessage)
    M2006_getInfo                            0x08004945   Thumb Code   316  m2006.o(i.M2006_getInfo)
    M3508_getInfo                            0x08004a89   Thumb Code   296  m3508.o(i.M3508_getInfo)
    M3508s1_getInfo                          0x08004bb5   Thumb Code   116  m3508.o(i.M3508s1_getInfo)
    M3508s1_setCurrent                       0x08004c2d   Thumb Code    78  m3508.o(i.M3508s1_setCurrent)
    MX_CAN1_Init                             0x08004c81   Thumb Code    60  can.o(i.MX_CAN1_Init)
    MX_CAN2_Init                             0x08004cc5   Thumb Code    60  can.o(i.MX_CAN2_Init)
    MX_DMA_Init                              0x08004d09   Thumb Code   146  dma.o(i.MX_DMA_Init)
    MX_FREERTOS_Init                         0x08004da1   Thumb Code   154  freertos.o(i.MX_FREERTOS_Init)
    MX_GPIO_Init                             0x08004e5d   Thumb Code   220  gpio.o(i.MX_GPIO_Init)
    MX_RNG_Init                              0x08004f41   Thumb Code    22  rng.o(i.MX_RNG_Init)
    MX_TIM3_Init                             0x08004f61   Thumb Code   100  tim.o(i.MX_TIM3_Init)
    MX_TIM5_Init                             0x08004fcd   Thumb Code   114  tim.o(i.MX_TIM5_Init)
    MX_TIM7_Init                             0x08005049   Thumb Code    66  tim.o(i.MX_TIM7_Init)
    MX_UART8_Init                            0x08005095   Thumb Code    46  usart.o(i.MX_UART8_Init)
    MX_USART1_UART_Init                      0x080050cd   Thumb Code    44  usart.o(i.MX_USART1_UART_Init)
    MX_USART3_UART_Init                      0x08005105   Thumb Code    46  usart.o(i.MX_USART3_UART_Init)
    MX_USART6_UART_Init                      0x0800513d   Thumb Code    46  usart.o(i.MX_USART6_UART_Init)
    MemManage_Handler                        0x08005175   Thumb Code     4  stm32f4xx_it.o(i.MemManage_Handler)
    NMI_Handler                              0x08005179   Thumb Code     2  stm32f4xx_it.o(i.NMI_Handler)
    NM_swj                                   0x0800517d   Thumb Code   598  dr16_recive.o(i.NM_swj)
    PITCH_PID                                0x08005415   Thumb Code   306  my_cloud_control.o(i.PITCH_PID)
    P_PID_Parameter_Init                     0x080055a5   Thumb Code   130  my_positionpid_bate.o(i.P_PID_Parameter_Init)
    P_PID_bate                               0x0800562d   Thumb Code   380  my_positionpid_bate.o(i.P_PID_bate)
    Power_Calculate                          0x080057ad   Thumb Code    68  my_chassis_control.o(i.Power_Calculate)
    Ramp_Function                            0x08005801   Thumb Code   130  user_math.o(i.Ramp_Function)
    Random_CHASSIS                           0x08005889   Thumb Code   548  my_chassis_control.o(i.Random_CHASSIS)
    Robot_Control                            0x08005aed   Thumb Code   264  freertos.o(i.Robot_Control)
    StartDefaultTask                         0x08005c45   Thumb Code    10  freertos.o(i.StartDefaultTask)
    SysTick_Handler                          0x08005c51   Thumb Code    46  port.o(i.SysTick_Handler)
    SystemClock_Config                       0x08005c85   Thumb Code   170  main.o(i.SystemClock_Config)
    SystemInit                               0x08005d39   Thumb Code    24  system_stm32f4xx.o(i.SystemInit)
    TIM3_IRQHandler                          0x08005d55   Thumb Code    38  stm32f4xx_it.o(i.TIM3_IRQHandler)
    TIM6_DAC_IRQHandler                      0x08005d89   Thumb Code    10  stm32f4xx_it.o(i.TIM6_DAC_IRQHandler)
    TIM7_IRQHandler                          0x08005d99   Thumb Code   342  stm32f4xx_it.o(i.TIM7_IRQHandler)
    TIM_Base_SetConfig                       0x08005f49   Thumb Code   170  stm32f4xx_hal_tim.o(i.TIM_Base_SetConfig)
    TIM_CCxChannelCmd                        0x08006021   Thumb Code    34  stm32f4xx_hal_tim.o(i.TIM_CCxChannelCmd)
    TIM_ETR_SetConfig                        0x08006043   Thumb Code    22  stm32f4xx_hal_tim.o(i.TIM_ETR_SetConfig)
    UART8_IRQHandler                         0x080060b9   Thumb Code    26  stm32f4xx_it.o(i.UART8_IRQHandler)
    USART1_IRQHandler                        0x080066d1   Thumb Code    16  stm32f4xx_it.o(i.USART1_IRQHandler)
    USART3_IRQHandler                        0x080066e5   Thumb Code    26  stm32f4xx_it.o(i.USART3_IRQHandler)
    USART6_IRQHandler                        0x08006709   Thumb Code    10  stm32f4xx_it.o(i.USART6_IRQHandler)
    USART_RX_DMA_ENABLE                      0x08006719   Thumb Code    68  user_uart.o(i.USART_RX_DMA_ENABLE)
    Updata_Hand_Euler_Gyro_Data              0x080067a1   Thumb Code   320  dji_c_imu.o(i.Updata_Hand_Euler_Gyro_Data)
    UsageFault_Handler                       0x08006901   Thumb Code     4  stm32f4xx_it.o(i.UsageFault_Handler)
    Verify_CRC16_Check_Sum                   0x08006905   Thumb Code    60  rm_judgesystem.o(i.Verify_CRC16_Check_Sum)
    Vision_DataReceive                       0x08006945   Thumb Code   286  vision.o(i.Vision_DataReceive)
    Vision_Handler                           0x08006a7d   Thumb Code   106  vision.o(i.Vision_Handler)
    YAW_PID                                  0x08006aed   Thumb Code    76  my_cloud_control.o(i.YAW_PID)
    __hardfp_fabs                            0x08006b89   Thumb Code    20  fabs.o(i.__hardfp_fabs)
    __scatterload_copy                       0x08006b9d   Thumb Code    14  handlers.o(i.__scatterload_copy)
    __scatterload_null                       0x08006bab   Thumb Code     2  handlers.o(i.__scatterload_null)
    __scatterload_zeroinit                   0x08006bad   Thumb Code    14  handlers.o(i.__scatterload_zeroinit)
    cloud_control                            0x08006bbb   Thumb Code    12  my_cloud_control.o(i.cloud_control)
    driver_plate_control                     0x08006bc9   Thumb Code    82  my_shoot_control.o(i.driver_plate_control)
    imu_angle                                0x08006c31   Thumb Code   212  dji_c_imu.o(i.imu_angle)
    init_task                                0x08006d2d   Thumb Code   868  freertos.o(i.init_task)
    main                                     0x08007199   Thumb Code    96  main.o(i.main)
    osDelay                                  0x0800720f   Thumb Code    24  cmsis_os.o(i.osDelay)
    osKernelStart                            0x08007227   Thumb Code    10  cmsis_os.o(i.osKernelStart)
    osThreadCreate                           0x08007231   Thumb Code    94  cmsis_os.o(i.osThreadCreate)
    pvPortMalloc                             0x0800787d   Thumb Code   296  heap_4.o(i.pvPortMalloc)
    pxPortInitialiseStack                    0x080079b9   Thumb Code    38  port.o(i.pxPortInitialiseStack)
    shoot_control                            0x080079e5   Thumb Code   206  my_shoot_control.o(i.shoot_control)
    switch_change                            0x08007ad5   Thumb Code   466  chassis_control_basic.o(i.switch_change)
    usart1_dr16_init                         0x08007cdd   Thumb Code    72  dr16_recive.o(i.usart1_dr16_init)
    uxListRemove                             0x08007d2d   Thumb Code    40  list.o(i.uxListRemove)
    vApplicationGetIdleTaskMemory            0x08007d55   Thumb Code    14  freertos.o(i.vApplicationGetIdleTaskMemory)
    vListInitialise                          0x08007d6d   Thumb Code    26  list.o(i.vListInitialise)
    vListInitialiseItem                      0x08007d87   Thumb Code     6  list.o(i.vListInitialiseItem)
    vListInsert                              0x08007d8d   Thumb Code    52  list.o(i.vListInsert)
    vListInsertEnd                           0x08007dc1   Thumb Code    24  list.o(i.vListInsertEnd)
    vPortEnterCritical                       0x08007dd9   Thumb Code    76  port.o(i.vPortEnterCritical)
    vPortExitCritical                        0x08007e2d   Thumb Code    56  port.o(i.vPortExitCritical)
    vPortFree                                0x08007e69   Thumb Code   140  heap_4.o(i.vPortFree)
    vPortSetupTimerInterrupt                 0x08007efd   Thumb Code    36  port.o(i.vPortSetupTimerInterrupt)
    vPortValidateInterruptPriority           0x08007f25   Thumb Code   106  port.o(i.vPortValidateInterruptPriority)
    vTaskDelay                               0x08007f9d   Thumb Code    82  tasks.o(i.vTaskDelay)
    vTaskDelayUntil                          0x08007ff9   Thumb Code   200  tasks.o(i.vTaskDelayUntil)
    vTaskDelete                              0x080080cd   Thumb Code   202  tasks.o(i.vTaskDelete)
    vTaskInternalSetTimeOutState             0x080081c1   Thumb Code    14  tasks.o(i.vTaskInternalSetTimeOutState)
    vTaskMissedYield                         0x080081d9   Thumb Code     8  tasks.o(i.vTaskMissedYield)
    vTaskPlaceOnEventList                    0x080081e5   Thumb Code    52  tasks.o(i.vTaskPlaceOnEventList)
    vTaskStartScheduler                      0x0800821d   Thumb Code   146  tasks.o(i.vTaskStartScheduler)
    vTaskSuspendAll                          0x080082cd   Thumb Code    12  tasks.o(i.vTaskSuspendAll)
    vTaskSwitchContext                       0x080082dd   Thumb Code   118  tasks.o(i.vTaskSwitchContext)
    xPortStartScheduler                      0x08008369   Thumb Code   330  port.o(i.xPortStartScheduler)
    xQueueGenericCreate                      0x080084d1   Thumb Code    96  queue.o(i.xQueueGenericCreate)
    xQueueGenericReset                       0x08008531   Thumb Code   146  queue.o(i.xQueueGenericReset)
    xQueueGenericSendFromISR                 0x080085c9   Thumb Code   248  queue.o(i.xQueueGenericSendFromISR)
    xQueueReceive                            0x080086c1   Thumb Code   356  queue.o(i.xQueueReceive)
    xTaskCheckForTimeOut                     0x08008829   Thumb Code   132  tasks.o(i.xTaskCheckForTimeOut)
    xTaskCreate                              0x080088b5   Thumb Code   100  tasks.o(i.xTaskCreate)
    xTaskCreateStatic                        0x08008919   Thumb Code   186  tasks.o(i.xTaskCreateStatic)
    xTaskGetSchedulerState                   0x080089d5   Thumb Code    24  tasks.o(i.xTaskGetSchedulerState)
    xTaskGetTickCount                        0x080089f5   Thumb Code     6  tasks.o(i.xTaskGetTickCount)
    xTaskIncrementTick                       0x08008a01   Thumb Code   282  tasks.o(i.xTaskIncrementTick)
    xTaskPriorityDisinherit                  0x08008b49   Thumb Code   188  tasks.o(i.xTaskPriorityDisinherit)
    xTaskRemoveFromEventList                 0x08008c11   Thumb Code   128  tasks.o(i.xTaskRemoveFromEventList)
    xTaskResumeAll                           0x08008ca9   Thumb Code   224  tasks.o(i.xTaskResumeAll)
    AHBPrescTable                            0x08008e5c   Data          16  system_stm32f4xx.o(.constdata)
    APBPrescTable                            0x08008e6c   Data           8  system_stm32f4xx.o(.constdata)
    CRC8_INIT                                0x08008e74   Data           1  rm_judgesystem.o(.constdata)
    CRC8_TAB                                 0x08008e75   Data         256  rm_judgesystem.o(.constdata)
    wCRC_Table                               0x08008f76   Data         512  rm_judgesystem.o(.constdata)
    MyCRC8Tab                                0x08009176   Data         256  crc.o(.constdata)
    Region$$Table$$Base                      0x080092c4   Number         0  anon$$obj.o(Region$$Table)
    Region$$Table$$Limit                     0x080092e4   Number         0  anon$$obj.o(Region$$Table)
    EM_Ramp                                  0x20000000   Data           4  my_cloud_control.o(.data)
    Random_CHASSIS_CHOOSE                    0x20000004   Data           1  my_chassis_control.o(.data)
    Cruise_CHASSIS_CHOOSE                    0x20000005   Data           1  my_chassis_control.o(.data)
    arrive_speed_times                       0x20000008   Data           4  my_chassis_control.o(.data)
    disable_times                            0x2000000c   Data           4  my_chassis_control.o(.data)
    disable_targe_times                      0x20000010   Data           4  my_chassis_control.o(.data)
    next_disable_start_times                 0x20000014   Data           4  my_chassis_control.o(.data)
    whether_change_direction                 0x20000018   Data           4  my_chassis_control.o(.data)
    RANDOM_CHASSIS                           0x2000001c   Data           8  my_chassis_control.o(.data)
    speed_has_change                         0x20000028   Data           4  chassis_control_2.o(.data)
    last_Speed                               0x2000002c   Data           4  chassis_control_2.o(.data)
    xunen_times                              0x20000030   Data           4  chassis_control_2.o(.data)
    xunen_percent                            0x20000034   Data           4  chassis_control_2.o(.data)
    arrive_targe_angle                       0x20000038   Data           1  chassis_control_2.o(.data)
    CHASSIS_L_MAX_new                        0x20000039   Data           1  chassis_control_basic.o(.data)
    CHASSIS_R_MIN_new                        0x2000003a   Data           1  chassis_control_basic.o(.data)
    time_every1s                             0x2000003c   Data           4  main.o(.data)
    time_every100ms                          0x20000040   Data           4  main.o(.data)
    zdcsjc                                   0x20000044   Data           4  main.o(.data)
    time7_times                              0x20000048   Data           4  main.o(.data)
    task_init_times                          0x2000004c   Data           4  main.o(.data)
    task_can_times                           0x20000050   Data           4  main.o(.data)
    task_can2_times                          0x20000054   Data           4  main.o(.data)
    task_debug_times                         0x20000058   Data           4  main.o(.data)
    task_controul_times                      0x2000005c   Data           4  main.o(.data)
    every_1s_times                           0x20000060   Data           4  main.o(.data)
    yaw_trage_angle                          0x20000064   Data           4  main.o(.data)
    yaw_trage_angle2                         0x20000068   Data           4  main.o(.data)
    yaw_trage_speed                          0x2000006c   Data           4  main.o(.data)
    PITCH_trage_angle                        0x20000070   Data           4  main.o(.data)
    PITCH_trage_angle_2                      0x20000074   Data           4  main.o(.data)
    PITCH_trage_speed                        0x20000078   Data           4  main.o(.data)
    CHASSIS_trage_speed                      0x2000007c   Data           4  main.o(.data)
    CHASSIS_trage_angle                      0x20000080   Data           4  main.o(.data)
    PITCH_MAX_angle                          0x20000084   Data           4  main.o(.data)
    PITCH_MIN_angle                          0x20000088   Data           4  main.o(.data)
    CHASSIS_MAX_SPEED                        0x2000008c   Data           4  main.o(.data)
    send_to_yaw                              0x20000090   Data           4  main.o(.data)
    send_to_pitch                            0x20000094   Data           4  main.o(.data)
    send_to_chassis                          0x20000098   Data           4  main.o(.data)
    send_to_SHOOT_R                          0x2000009c   Data           4  main.o(.data)
    send_to_SHOOT_L                          0x200000a0   Data           4  main.o(.data)
    send_to_driver                           0x200000a4   Data           4  main.o(.data)
    PITCH_IMU_Kp                             0x200000a8   Data           4  main.o(.data)
    M_3508_error                             0x200000ac   Data           4  main.o(.data)
    SHOOT_L                                  0x200000b0   Data           4  main.o(.data)
    SHOOT_R                                  0x200000b4   Data           4  main.o(.data)
    HWswitch_R                               0x200000b8   Data           1  main.o(.data)
    HWswitch_L                               0x200000b9   Data           1  main.o(.data)
    HWswitch_R_last                          0x200000ba   Data           1  main.o(.data)
    HWswitch_L_last                          0x200000bb   Data           1  main.o(.data)
    CHASSIS_L_MAX                            0x200000bc   Data           4  main.o(.data)
    CHASSIS_R_MIN                            0x200000c0   Data           4  main.o(.data)
    ENCODER_L_MAX                            0x200000c4   Data           4  main.o(.data)
    ENCODER_R_MIN                            0x200000c8   Data           4  main.o(.data)
    ENCODER_M_MID                            0x200000cc   Data           4  main.o(.data)
    ENCODER_LONG                             0x200000d0   Data           4  main.o(.data)
    ENCODER_SPEED                            0x200000d4   Data           4  main.o(.data)
    M3508_3ms_ago                            0x200000d8   Data           4  main.o(.data)
    M3508_3ms_change                         0x200000dc   Data           4  main.o(.data)
    M3508_3ms_ago_total_angle                0x200000e0   Data           4  main.o(.data)
    M3508_3ms_ago_speed                      0x200000e4   Data           4  main.o(.data)
    M3508_speed_angle_kp                     0x200000e8   Data           4  main.o(.data)
    encoder_fbl_k                            0x200000ec   Data           4  main.o(.data)
    ENCODER_ADD                              0x200000f0   Data           4  main.o(.data)
    ENCODER_ARRIVE_MAX                       0x200000f4   Data           4  main.o(.data)
    ENCODER_ARRIVE_MIN                       0x200000f8   Data           4  main.o(.data)
    speed_change                             0x200000fc   Data           4  main.o(.data)
    CHASSIS_MID                              0x20000100   Data           4  main.o(.data)
    driver_targe_speed                       0x20000104   Data           4  main.o(.data)
    speed_change_times                       0x20000108   Data           2  main.o(.data)
    DEBUFF                                   0x2000010c   Data           4  main.o(.data)
    uart_8_times                             0x20000110   Data           4  main.o(.data)
    uart_3_times                             0x20000114   Data           4  main.o(.data)
    time_3_times                             0x20000118   Data           4  main.o(.data)
    Vision_RawData_Yaw_Angle                 0x2000011c   Data           4  main.o(.data)
    Vision_RawData_Pitch_Angle               0x20000120   Data           4  main.o(.data)
    send_to_C                                0x20000124   Data           1  main.o(.data)
    send_to_C_JS                             0x20000125   Data           1  main.o(.data)
    send_to_C_times                          0x20000128   Data           4  main.o(.data)
    CH_TOTAL                                 0x2000012c   Data           4  main.o(.data)
    Chassis_PowerLimit                       0x20000130   Data           4  main.o(.data)
    stop_chassic_output                      0x20000134   Data           1  main.o(.data)
    stop_CH_OP_BC_END                        0x20000135   Data           1  main.o(.data)
    stop_CH_OP_BC_END_times                  0x20000138   Data           4  main.o(.data)
    stop_CH_OP_BC_LESS                       0x2000013c   Data           1  main.o(.data)
    stop_CH_OP_BC_LESS_times                 0x20000140   Data           4  main.o(.data)
    CHASSIS_trage_speed_temp                 0x20000144   Data           4  main.o(.data)
    JS_SEND_times                            0x20000148   Data           4  main.o(.data)
    CAN1_Queue                               0x2000014c   Data           4  freertos.o(.data)
    CAN2_Queue                               0x20000150   Data           4  freertos.o(.data)
    RobotCtrl_Handle                         0x20000154   Data           4  freertos.o(.data)
    defaultTaskHandle                        0x20000158   Data           4  freertos.o(.data)
    MYTask03Handle                           0x2000015c   Data           4  freertos.o(.data)
    myTask04Handle                           0x20000160   Data           4  freertos.o(.data)
    myTaskforinitHandle                      0x20000164   Data           4  freertos.o(.data)
    Task_Can2_ReiveHandle                    0x20000168   Data           4  freertos.o(.data)
    last_turnCount                           0x2000016c   Data           4  freertos.o(.data)
    times_i                                  0x20000170   Data           2  freertos.o(.data)
    test_3_moto                              0x20000174   Data           4  freertos.o(.data)
    lun_1_quan_m                             0x2000017c   Data           4  stm32f4xx_it.o(.data)
    last_time_s                              0x20000180   Data           4  stm32f4xx_it.o(.data)
    last_time_100_ms                         0x20000184   Data           4  stm32f4xx_it.o(.data)
    last_time_totalangle                     0x20000188   Data           4  stm32f4xx_it.o(.data)
    last_time_totalangle_100_ms              0x2000018c   Data           4  stm32f4xx_it.o(.data)
    speed_every_1s                           0x20000190   Data           4  stm32f4xx_it.o(.data)
    speed_every_100_ms                       0x20000194   Data           4  stm32f4xx_it.o(.data)
    angle_1_s                                0x20000198   Data           4  stm32f4xx_it.o(.data)
    angle_100_ms                             0x2000019c   Data           4  stm32f4xx_it.o(.data)
    uwTick                                   0x200001a0   Data           4  stm32f4xx_hal.o(.data)
    uwTickPrio                               0x200001a4   Data           4  stm32f4xx_hal.o(.data)
    uwTickFreq                               0x200001a8   Data           1  stm32f4xx_hal.o(.data)
    SystemCoreClock                          0x200001ac   Data           4  system_stm32f4xx.o(.data)
    pxCurrentTCB                             0x200001b0   Data           4  tasks.o(.data)
    DR16                                     0x20000210   Data          32  dr16_recive.o(.data)
    data1                                    0x20000230   Data           2  dr16_recive.o(.data)
    data2                                    0x20000232   Data           2  dr16_recive.o(.data)
    data3                                    0x20000234   Data           4  dr16_recive.o(.data)
    sumcheck                                 0x20000238   Data           1  dr16_recive.o(.data)
    addcheck                                 0x20000239   Data           1  dr16_recive.o(.data)
    data4                                    0x2000023c   Data           4  dr16_recive.o(.data)
    i                                        0x20000240   Data           1  dr16_recive.o(.data)
    p                                        0x20000241   Data           1  dr16_recive.o(.data)
    send_d_16                                0x20000242   Data           6  dr16_recive.o(.data)
    send_data1                               0x20000248   Data           4  dr16_recive.o(.data)
    send_data2                               0x2000024c   Data           4  dr16_recive.o(.data)
    send_data3                               0x20000250   Data           4  dr16_recive.o(.data)
    send_data4                               0x20000254   Data           4  dr16_recive.o(.data)
    send_data5                               0x20000258   Data           4  dr16_recive.o(.data)
    send_data6                               0x2000025c   Data           2  dr16_recive.o(.data)
    send_data7                               0x2000025e   Data           2  dr16_recive.o(.data)
    send_data8                               0x20000260   Data           4  dr16_recive.o(.data)
    send_data9                               0x20000264   Data           4  dr16_recive.o(.data)
    send_data10                              0x20000268   Data           4  dr16_recive.o(.data)
    send_data11                              0x2000026c   Data           2  dr16_recive.o(.data)
    EM_R                                     0x2000026e   Data           5  vision.o(.data)
    Vision_SendBuff                          0x20000273   Data          90  vision.o(.data)
    FreeRTOSRunTimeTicks                     0x200002d0   Data           8  timer.o(.data)
    ext_game_result                          0x200002d8   Data           2  rm_judgesystem.o(.data)
    ext_dart_status                          0x200002da   Data           4  rm_judgesystem.o(.data)
    ext_even_data                            0x200002de   Data           5  rm_judgesystem.o(.data)
    ext_supply_projectile_action             0x200002e3   Data           5  rm_judgesystem.o(.data)
    ext_referee_warning                      0x200002e8   Data           3  rm_judgesystem.o(.data)
    ext_dart_remaining_time                  0x200002eb   Data           2  rm_judgesystem.o(.data)
    Buff                                     0x200002ed   Data           2  rm_judgesystem.o(.data)
    aerial_robot_energy                      0x200002ef   Data           3  rm_judgesystem.o(.data)
    ext_robot_hurt                           0x200002f2   Data           2  rm_judgesystem.o(.data)
    ext_shoot_data                           0x200002f4   Data           8  rm_judgesystem.o(.data)
    ext_bullet_remaining                     0x200002fc   Data           7  rm_judgesystem.o(.data)
    ext_rfid_status                          0x20000303   Data           5  rm_judgesystem.o(.data)
    Judge_Self_ID                            0x20000308   Data           1  rm_judgesystem.o(.data)
    Judge_SelfClient_ID                      0x2000030a   Data           2  rm_judgesystem.o(.data)
    SenrtyMode_Flag                          0x2000030c   Data           1  rm_judgesystem.o(.data)
    DartMode_Flag                            0x2000030d   Data           1  rm_judgesystem.o(.data)
    wExpected                                0x2000030e   Data           2  rm_judgesystem.o(.data)
    CRC_INIT                                 0x20000310   Data           2  rm_judgesystem.o(.data)
    Send_Color                               0x20000312   Data           1  rm_judgesystem.o(.data)
    send_time                                0x20000314   Data           2  rm_judgesystem.o(.data)
    Color                                    0x20000316   Data           1  rm_judgesystem.o(.data)
    Status_Datalength                        0x20000317   Data           1  rm_judgesystem.o(.data)
    ShootLV_Datalength                       0x20000318   Data           1  rm_judgesystem.o(.data)
    DMA_Counter                              0x2000031a   Data           2  rm_judgesystem.o(.data)
    js_SEND_all                              0x20000332   Data           8  dr16_can2_send.o(.data)
    PID_YES                                  0x2000033c   Data           4  my_positionpid_bate.o(.data)
    R16_from_C                               0x20000340   Data           8  dji_c_imu.o(.data)
    DJI_C_Euler_Receive                      0x20000348   Data           8  dji_c_imu.o(.data)
    DJI_C_Gyro_Receive                       0x20000350   Data           8  dji_c_imu.o(.data)
    CHASSIS                                  0x20000358   Data          16  my_chassis_control.o(.bss)
    DO_NOT_STOP                              0x20000368   Data          32  my_chassis_control.o(.bss)
    Chassis_Encoder                          0x20000388   Data         116  my_chassis_control.o(.bss)
    RunTimeInfo                              0x20000650   Data         400  freertos.o(.bss)
    hcan1                                    0x200007e0   Data          40  can.o(.bss)
    hcan2                                    0x20000808   Data          40  can.o(.bss)
    hrng                                     0x20000830   Data          16  rng.o(.bss)
    htim3                                    0x20000840   Data          64  tim.o(.bss)
    htim5                                    0x20000880   Data          64  tim.o(.bss)
    htim7                                    0x200008c0   Data          64  tim.o(.bss)
    huart8                                   0x20000900   Data          64  usart.o(.bss)
    huart1                                   0x20000940   Data          64  usart.o(.bss)
    huart3                                   0x20000980   Data          64  usart.o(.bss)
    huart6                                   0x200009c0   Data          64  usart.o(.bss)
    hdma_uart8_rx                            0x20000a00   Data          96  usart.o(.bss)
    hdma_usart1_rx                           0x20000a60   Data          96  usart.o(.bss)
    hdma_usart3_rx                           0x20000ac0   Data          96  usart.o(.bss)
    hdma_usart6_rx                           0x20000b20   Data          96  usart.o(.bss)
    hdma_usart6_tx                           0x20000b80   Data          96  usart.o(.bss)
    CAN1_Rx_Structure                        0x20000be0   Data          36  stm32f4xx_it.o(.bss)
    CAN2_Rx_Structure                        0x20000c04   Data          36  stm32f4xx_it.o(.bss)
    htim6                                    0x20000c28   Data          64  stm32f4xx_hal_timebase_tim_1.o(.bss)
    DR16Buffer                               0x20004958   Data          22  dr16_recive.o(.bss)
    testdatatosend                           0x2000496e   Data          50  dr16_recive.o(.bss)
    send_d_32                                0x200049a0   Data          32  dr16_recive.o(.bss)
    CAN_Tx_Structure                         0x200049c0   Data          32  bsp_can.o(.bss)
    GM6020s                                  0x200049e0   Data         144  gm6020.o(.bss)
    M3508s                                   0x20004a70   Data         528  m3508.o(.bss)
    Vision_DataBuff                          0x20004c80   Data          15  vision.o(.bss)
    VisionData                               0x20004c90   Data          40  vision.o(.bss)
    Vision_Cloud                             0x20004cb8   Data          16  vision.o(.bss)
    Judge_Monitor                            0x20004cc8   Data          28  rm_judgesystem.o(.bss)
    Judge_SendRobot                          0x20004ce4   Data          20  rm_judgesystem.o(.bss)
    ext_game_status                          0x20004cf8   Data          12  rm_judgesystem.o(.bss)
    ext_game_robot_HP                        0x20004d04   Data          33  rm_judgesystem.o(.bss)
    ext_ICRA_buff_debuff_zone_status         0x20004d25   Data          12  rm_judgesystem.o(.bss)
    ext_game_robot_state                     0x20004d31   Data          28  rm_judgesystem.o(.bss)
    ext_power_heat_data                      0x20004d4d   Data          17  rm_judgesystem.o(.bss)
    ext_game_robot_pos                       0x20004d5e   Data          17  rm_judgesystem.o(.bss)
    ext_dart_client_cmd                      0x20004d6f   Data          13  rm_judgesystem.o(.bss)
    CommuData                                0x20004d7c   Data          35  rm_judgesystem.o(.bss)
    ShowData                                 0x20004d9f   Data         120  rm_judgesystem.o(.bss)
    Ex_ShowData                              0x20004e17   Data          90  rm_judgesystem.o(.bss)
    DeleteClient                             0x20004e71   Data          17  rm_judgesystem.o(.bss)
    ShowshootLv                              0x20004e82   Data          60  rm_judgesystem.o(.bss)
    ShootLvInit                              0x20004ebe   Data          60  rm_judgesystem.o(.bss)
    Cap_Energyvalue                          0x20004efa   Data          60  rm_judgesystem.o(.bss)
    Cap_Energyshow                           0x20004f36   Data          60  rm_judgesystem.o(.bss)
    Uplift_Height                            0x20004f72   Data          60  rm_judgesystem.o(.bss)
    Uplift_HeightValue                       0x20004fae   Data          60  rm_judgesystem.o(.bss)
    Clip_Angle                               0x20004fea   Data          60  rm_judgesystem.o(.bss)
    Clip_AngleValue                          0x20005026   Data          60  rm_judgesystem.o(.bss)
    SentryStatus_Data                        0x20005062   Data          60  rm_judgesystem.o(.bss)
    Sentry_Status                            0x2000509e   Data          60  rm_judgesystem.o(.bss)
    Sentry_CommuData                         0x200050da   Data          35  rm_judgesystem.o(.bss)
    DartStatus_Data                          0x200050fd   Data          60  rm_judgesystem.o(.bss)
    Dart_Status                              0x20005139   Data          60  rm_judgesystem.o(.bss)
    Dart_CommuData                           0x20005175   Data          35  rm_judgesystem.o(.bss)
    Car_Distance                             0x20005198   Data          90  rm_judgesystem.o(.bss)
    Led_Meaning                              0x200051f2   Data          60  rm_judgesystem.o(.bss)
    MapCommunate                             0x2000522e   Data          23  rm_judgesystem.o(.bss)
    Robot_Command                            0x20005245   Data          16  rm_judgesystem.o(.bss)
    JudgeSystem_rxBuff                       0x20005255   Data         389  rm_judgesystem.o(.bss)
    Robot_Commute                            0x200053da   Data          26  rm_judgesystem.o(.bss)
    Map_Commute                              0x200053f4   Data          15  rm_judgesystem.o(.bss)
    TeammateTxBuffer                         0x20005403   Data          40  rm_judgesystem.o(.bss)
    DeleteBuffer                             0x2000542b   Data          20  rm_judgesystem.o(.bss)
    CliendTxBuffer                           0x2000543f   Data         120  rm_judgesystem.o(.bss)
    CrossHairBuffer                          0x200054b7   Data          90  rm_judgesystem.o(.bss)
    ColorMeanBuffer                          0x20005511   Data         100  rm_judgesystem.o(.bss)
    CliendShowBuffer                         0x20005575   Data         100  rm_judgesystem.o(.bss)
    Cap_EnergyBuff                           0x200055d9   Data         100  rm_judgesystem.o(.bss)
    Uplift_HeightBuff                        0x2000563d   Data         100  rm_judgesystem.o(.bss)
    Clip_AngleBuff                           0x200056a1   Data         100  rm_judgesystem.o(.bss)
    Car_DistanBuff                           0x20005705   Data         150  rm_judgesystem.o(.bss)
    SentryBuff                               0x2000579b   Data         100  rm_judgesystem.o(.bss)
    DartBuff                                 0x200057ff   Data         100  rm_judgesystem.o(.bss)
    Radar_ReceiveBuffer                      0x20005863   Data          40  rm_judgesystem.o(.bss)
    SenrtyCommuBuff                          0x2000588b   Data          40  rm_judgesystem.o(.bss)
    DartCommuBuff                            0x200058b3   Data          40  rm_judgesystem.o(.bss)
    DR16_SEND_all                            0x200058db   Data          24  dr16_can2_send.o(.bss)
    Yaw_IMU_Angle_pid                        0x200058f4   Data          96  my_positionpid_bate.o(.bss)
    Yaw_IMU_Speed_pid                        0x20005954   Data          96  my_positionpid_bate.o(.bss)
    Yaw_EM_Angle_pid                         0x200059b4   Data          96  my_positionpid_bate.o(.bss)
    Yaw_EM_Speed_pid                         0x20005a14   Data          96  my_positionpid_bate.o(.bss)
    PITCH_IMU_Angle_pid                      0x20005a74   Data          96  my_positionpid_bate.o(.bss)
    PITCH_IMU_Speed_pid                      0x20005ad4   Data          96  my_positionpid_bate.o(.bss)
    CHASSIS_MOTOR_ANGLE_pid                  0x20005b34   Data          96  my_positionpid_bate.o(.bss)
    CHASSIS_MOTOR_SPEED_pid                  0x20005b94   Data          96  my_positionpid_bate.o(.bss)
    PITCH_EM_Angle_pid                       0x20005bf4   Data          96  my_positionpid_bate.o(.bss)
    PITCH_EM_Speed_pid                       0x20005c54   Data          96  my_positionpid_bate.o(.bss)
    CHASSIS_I_PID                            0x20005cb4   Data          92  my_incrementpid_bate.o(.bss)
    SHOOT_L_I_PID                            0x20005d10   Data          92  my_incrementpid_bate.o(.bss)
    SHOOT_R_I_PID                            0x20005d6c   Data          92  my_incrementpid_bate.o(.bss)
    Driver_I_PID                             0x20005dc8   Data          92  my_incrementpid_bate.o(.bss)
    FPS_ALL                                  0x20005e24   Data          60  fps_calculate.o(.bss)
    Euler_Framerate                          0x20005e60   Data          12  dji_c_imu.o(.bss)
    Gyro_Framerate                           0x20005e6c   Data          12  dji_c_imu.o(.bss)
    DJIC_IMU                                 0x20005e78   Data          40  dji_c_imu.o(.bss)
    __initial_sp                             0x20007ea0   Data           0  startup_stm32f427xx.o(STACK)



==============================================================================

Memory Map of the image

  Image Entry point : 0x080001ad

  Load Region LR_IROM1 (Base: 0x08000000, Size: 0x0000963c, Max: 0x00200000, ABSOLUTE, COMPRESSED[0x0000935c])

    Execution Region ER_IROM1 (Exec base: 0x08000000, Load base: 0x08000000, Size: 0x000092e4, Max: 0x00200000, ABSOLUTE)

    Exec Addr    Load Addr    Size         Type   Attr      Idx    E Section Name        Object

    0x08000000   0x08000000   0x000001ac   Data   RO          459    RESET               startup_stm32f427xx.o
    0x080001ac   0x080001ac   0x00000000   Code   RO         6630  * .ARM.Collect$$$$00000000  mc_w.l(entry.o)
    0x080001ac   0x080001ac   0x00000004   Code   RO         6928    .ARM.Collect$$$$00000001  mc_w.l(entry2.o)
    0x080001b0   0x080001b0   0x00000004   Code   RO         6931    .ARM.Collect$$$$00000004  mc_w.l(entry5.o)
    0x080001b4   0x080001b4   0x00000000   Code   RO         6933    .ARM.Collect$$$$00000008  mc_w.l(entry7b.o)
    0x080001b4   0x080001b4   0x00000000   Code   RO         6935    .ARM.Collect$$$$0000000A  mc_w.l(entry8b.o)
    0x080001b4   0x080001b4   0x00000008   Code   RO         6936    .ARM.Collect$$$$0000000B  mc_w.l(entry9a.o)
    0x080001bc   0x080001bc   0x00000000   Code   RO         6938    .ARM.Collect$$$$0000000D  mc_w.l(entry10a.o)
    0x080001bc   0x080001bc   0x00000000   Code   RO         6940    .ARM.Collect$$$$0000000F  mc_w.l(entry11a.o)
    0x080001bc   0x080001bc   0x00000004   Code   RO         6929    .ARM.Collect$$$$00002712  mc_w.l(entry2.o)
    0x080001c0   0x080001c0   0x000000be   Code   RO         5269    .emb_text           port.o
    0x0800027e   0x0800027e   0x00000002   PAD
    0x08000280   0x08000280   0x00000024   Code   RO          460    .text               startup_stm32f427xx.o
    0x080002a4   0x080002a4   0x00000062   Code   RO         6633    .text               mc_w.l(uldiv.o)
    0x08000306   0x08000306   0x00000024   Code   RO         6635    .text               mc_w.l(memcpya.o)
    0x0800032a   0x0800032a   0x00000024   Code   RO         6639    .text               mc_w.l(memseta.o)
    0x0800034e   0x0800034e   0x0000014e   Code   RO         6908    .text               mf_w.l(dadd.o)
    0x0800049c   0x0800049c   0x000000e4   Code   RO         6910    .text               mf_w.l(dmul.o)
    0x08000580   0x08000580   0x000000de   Code   RO         6912    .text               mf_w.l(ddiv.o)
    0x0800065e   0x0800065e   0x00000022   Code   RO         6914    .text               mf_w.l(dflti.o)
    0x08000680   0x08000680   0x0000001a   Code   RO         6916    .text               mf_w.l(dfltui.o)
    0x0800069a   0x0800069a   0x0000003e   Code   RO         6918    .text               mf_w.l(dfixi.o)
    0x080006d8   0x080006d8   0x00000032   Code   RO         6920    .text               mf_w.l(dfixui.o)
    0x0800070a   0x0800070a   0x00000026   Code   RO         6922    .text               mf_w.l(f2d.o)
    0x08000730   0x08000730   0x00000030   Code   RO         6924    .text               mf_w.l(cdcmple.o)
    0x08000760   0x08000760   0x00000038   Code   RO         6926    .text               mf_w.l(d2f.o)
    0x08000798   0x08000798   0x0000001e   Code   RO         6947    .text               mc_w.l(llshl.o)
    0x080007b6   0x080007b6   0x00000020   Code   RO         6949    .text               mc_w.l(llushr.o)
    0x080007d6   0x080007d6   0x00000024   Code   RO         6951    .text               mc_w.l(llsshr.o)
    0x080007fa   0x080007fa   0x00000000   Code   RO         6953    .text               mc_w.l(iusefp.o)
    0x080007fa   0x080007fa   0x0000006e   Code   RO         6954    .text               mf_w.l(fepilogue.o)
    0x08000868   0x08000868   0x000000ba   Code   RO         6956    .text               mf_w.l(depilogue.o)
    0x08000922   0x08000922   0x00000002   PAD
    0x08000924   0x08000924   0x00000024   Code   RO         6962    .text               mc_w.l(init.o)
    0x08000948   0x08000948   0x00000056   Code   RO         6974    .text               mc_w.l(__dczerorl2.o)
    0x0800099e   0x0800099e   0x00000030   Code   RO         6532    i.Absolute_Value_Limit  user_math.o
    0x080009ce   0x080009ce   0x00000004   Code   RO          908    i.BusFault_Handler  stm32f4xx_it.o
    0x080009d2   0x080009d2   0x00000002   PAD
    0x080009d4   0x080009d4   0x00000024   Code   RO         5413    i.CAN1_Config       bsp_can.o
    0x080009f8   0x080009f8   0x00000030   Code   RO         5414    i.CAN1_Filter0_Init  bsp_can.o
    0x08000a28   0x08000a28   0x0000001c   Code   RO          909    i.CAN1_RX0_IRQHandler  stm32f4xx_it.o
    0x08000a44   0x08000a44   0x000000dc   Code   RO          562    i.CAN1_recive       freertos.o
    0x08000b20   0x08000b20   0x00000028   Code   RO         5415    i.CAN2_Config       bsp_can.o
    0x08000b48   0x08000b48   0x00000038   Code   RO         5416    i.CAN2_Filter0_Init  bsp_can.o
    0x08000b80   0x08000b80   0x0000001c   Code   RO          910    i.CAN2_RX0_IRQHandler  stm32f4xx_it.o
    0x08000b9c   0x08000b9c   0x00000068   Code   RO         5417    i.CAN_SendData      bsp_can.o
    0x08000c04   0x08000c04   0x0000018c   Code   RO          231    i.CHASSIS_CONTROUL  my_chassis_control.o
    0x08000d90   0x08000d90   0x000001f4   Code   RO          380    i.CHASSIS_CONTROUL_2  chassis_control_2.o
    0x08000f84   0x08000f84   0x00000078   Code   RO          563    i.Can2_Reive        freertos.o
    0x08000ffc   0x08000ffc   0x00000024   Code   RO         6464    i.Checksum_CRC8     crc.o
    0x08001020   0x08001020   0x0000001c   Code   RO         6568    i.DJI_C_DR16_getInfo  dji_c_imu.o
    0x0800103c   0x0800103c   0x00000050   Code   RO         6569    i.DJI_C_Euler_getInfo  dji_c_imu.o
    0x0800108c   0x0800108c   0x00000050   Code   RO         6570    i.DJI_C_Gyro_getInfo  dji_c_imu.o
    0x080010dc   0x080010dc   0x00000010   Code   RO          911    i.DMA1_Stream1_IRQHandler  stm32f4xx_it.o
    0x080010ec   0x080010ec   0x00000010   Code   RO          912    i.DMA1_Stream6_IRQHandler  stm32f4xx_it.o
    0x080010fc   0x080010fc   0x00000010   Code   RO          913    i.DMA2_Stream1_IRQHandler  stm32f4xx_it.o
    0x0800110c   0x0800110c   0x00000010   Code   RO          914    i.DMA2_Stream2_IRQHandler  stm32f4xx_it.o
    0x0800111c   0x0800111c   0x00000010   Code   RO          915    i.DMA2_Stream6_IRQHandler  stm32f4xx_it.o
    0x0800112c   0x0800112c   0x00000034   Code   RO         1926    i.DMA_CalcBaseAndBitshift  stm32f4xx_hal_dma.o
    0x08001160   0x08001160   0x000000aa   Code   RO         1927    i.DMA_CheckFifoParam  stm32f4xx_hal_dma.o
    0x0800120a   0x0800120a   0x0000002c   Code   RO         1928    i.DMA_SetConfig     stm32f4xx_hal_dma.o
    0x08001236   0x08001236   0x00000002   PAD
    0x08001238   0x08001238   0x000001a4   Code   RO         5349    i.DR16_Process      dr16_recive.o
    0x080013dc   0x080013dc   0x00000038   Code   RO         6321    i.DR16_send_master_control  dr16_can2_send.o
    0x08001414   0x08001414   0x0000001c   Code   RO         6322    i.DR16_send_part_one  dr16_can2_send.o
    0x08001430   0x08001430   0x0000001c   Code   RO         6323    i.DR16_send_part_three  dr16_can2_send.o
    0x0800144c   0x0800144c   0x0000001c   Code   RO         6324    i.DR16_send_part_two  dr16_can2_send.o
    0x08001468   0x08001468   0x00000074   Code   RO         5350    i.DR_16hander       dr16_recive.o
    0x080014dc   0x080014dc   0x0000008c   Code   RO          564    i.DeBug             freertos.o
    0x08001568   0x08001568   0x00000002   Code   RO          916    i.DebugMon_Handler  stm32f4xx_it.o
    0x0800156a   0x0800156a   0x00000002   Code   RO          467    i.Error_Handler     main.o
    0x0800156c   0x0800156c   0x00000050   Code   RO         6497    i.FPS_Calculate     fps_calculate.o
    0x080015bc   0x080015bc   0x0000015c   Code   RO         5464    i.GM6020_Pitch_getInfo  gm6020.o
    0x08001718   0x08001718   0x00000054   Code   RO         5465    i.GM6020_SetVoltage  gm6020.o
    0x0800176c   0x0800176c   0x00000160   Code   RO         5466    i.GM6020_Yaw_getInfo  gm6020.o
    0x080018cc   0x080018cc   0x00000034   Code   RO         5722    i.Get_CRC16_Check_Sum  rm_judgesystem.o
    0x08001900   0x08001900   0x00000158   Code   RO          233    i.Get_Encoder_Value  my_chassis_control.o
    0x08001a58   0x08001a58   0x0000001e   Code   RO         6498    i.Get_FPS           fps_calculate.o
    0x08001a76   0x08001a76   0x00000002   PAD
    0x08001a78   0x08001a78   0x00000024   Code   RO          234    i.Get_RandomNumbers_Range  my_chassis_control.o
    0x08001a9c   0x08001a9c   0x00000156   Code   RO         1133    i.HAL_CAN_AddTxMessage  stm32f4xx_hal_can.o
    0x08001bf2   0x08001bf2   0x00000002   PAD
    0x08001bf4   0x08001bf4   0x00000124   Code   RO         1134    i.HAL_CAN_ConfigFilter  stm32f4xx_hal_can.o
    0x08001d18   0x08001d18   0x00000002   Code   RO         1137    i.HAL_CAN_ErrorCallback  stm32f4xx_hal_can.o
    0x08001d1a   0x08001d1a   0x0000017a   Code   RO         1140    i.HAL_CAN_GetRxMessage  stm32f4xx_hal_can.o
    0x08001e94   0x08001e94   0x0000024e   Code   RO         1144    i.HAL_CAN_IRQHandler  stm32f4xx_hal_can.o
    0x080020e2   0x080020e2   0x00000174   Code   RO         1145    i.HAL_CAN_Init      stm32f4xx_hal_can.o
    0x08002256   0x08002256   0x00000002   PAD
    0x08002258   0x08002258   0x00000164   Code   RO          667    i.HAL_CAN_MspInit   can.o
    0x080023bc   0x080023bc   0x00000002   Code   RO         1152    i.HAL_CAN_RxFifo0FullCallback  stm32f4xx_hal_can.o
    0x080023be   0x080023be   0x00000002   PAD
    0x080023c0   0x080023c0   0x0000009c   Code   RO          917    i.HAL_CAN_RxFifo0MsgPendingCallback  stm32f4xx_it.o
    0x0800245c   0x0800245c   0x00000002   Code   RO         1154    i.HAL_CAN_RxFifo1FullCallback  stm32f4xx_hal_can.o
    0x0800245e   0x0800245e   0x00000002   Code   RO         1155    i.HAL_CAN_RxFifo1MsgPendingCallback  stm32f4xx_hal_can.o
    0x08002460   0x08002460   0x00000002   Code   RO         1156    i.HAL_CAN_SleepCallback  stm32f4xx_hal_can.o
    0x08002462   0x08002462   0x0000005e   Code   RO         1157    i.HAL_CAN_Start     stm32f4xx_hal_can.o
    0x080024c0   0x080024c0   0x00000002   Code   RO         1159    i.HAL_CAN_TxMailbox0AbortCallback  stm32f4xx_hal_can.o
    0x080024c2   0x080024c2   0x00000002   Code   RO         1160    i.HAL_CAN_TxMailbox0CompleteCallback  stm32f4xx_hal_can.o
    0x080024c4   0x080024c4   0x00000002   Code   RO         1161    i.HAL_CAN_TxMailbox1AbortCallback  stm32f4xx_hal_can.o
    0x080024c6   0x080024c6   0x00000002   Code   RO         1162    i.HAL_CAN_TxMailbox1CompleteCallback  stm32f4xx_hal_can.o
    0x080024c8   0x080024c8   0x00000002   Code   RO         1163    i.HAL_CAN_TxMailbox2AbortCallback  stm32f4xx_hal_can.o
    0x080024ca   0x080024ca   0x00000002   Code   RO         1164    i.HAL_CAN_TxMailbox2CompleteCallback  stm32f4xx_hal_can.o
    0x080024cc   0x080024cc   0x00000002   Code   RO         1166    i.HAL_CAN_WakeUpFromRxMsgCallback  stm32f4xx_hal_can.o
    0x080024ce   0x080024ce   0x00000028   Code   RO         1930    i.HAL_DMA_Abort_IT  stm32f4xx_hal_dma.o
    0x080024f6   0x080024f6   0x00000002   PAD
    0x080024f8   0x080024f8   0x00000240   Code   RO         1934    i.HAL_DMA_IRQHandler  stm32f4xx_hal_dma.o
    0x08002738   0x08002738   0x000000ec   Code   RO         1935    i.HAL_DMA_Init      stm32f4xx_hal_dma.o
    0x08002824   0x08002824   0x00000066   Code   RO         1938    i.HAL_DMA_Start     stm32f4xx_hal_dma.o
    0x0800288a   0x0800288a   0x00000092   Code   RO         1939    i.HAL_DMA_Start_IT  stm32f4xx_hal_dma.o
    0x0800291c   0x0800291c   0x00000028   Code   RO         2371    i.HAL_Delay         stm32f4xx_hal.o
    0x08002944   0x08002944   0x0000021c   Code   RO         1822    i.HAL_GPIO_Init     stm32f4xx_hal_gpio.o
    0x08002b60   0x08002b60   0x00000010   Code   RO         1824    i.HAL_GPIO_ReadPin  stm32f4xx_hal_gpio.o
    0x08002b70   0x08002b70   0x0000000c   Code   RO         2379    i.HAL_GetTick       stm32f4xx_hal.o
    0x08002b7c   0x08002b7c   0x00000018   Code   RO         2385    i.HAL_IncTick       stm32f4xx_hal.o
    0x08002b94   0x08002b94   0x0000003c   Code   RO         2386    i.HAL_Init          stm32f4xx_hal.o
    0x08002bd0   0x08002bd0   0x0000008c   Code   RO         1092    i.HAL_InitTick      stm32f4xx_hal_timebase_tim_1.o
    0x08002c5c   0x08002c5c   0x00000048   Code   RO         1068    i.HAL_MspInit       stm32f4xx_hal_msp.o
    0x08002ca4   0x08002ca4   0x00000020   Code   RO         2229    i.HAL_NVIC_EnableIRQ  stm32f4xx_hal_cortex.o
    0x08002cc4   0x08002cc4   0x0000007c   Code   RO         2235    i.HAL_NVIC_SetPriority  stm32f4xx_hal_cortex.o
    0x08002d40   0x08002d40   0x00000028   Code   RO         2236    i.HAL_NVIC_SetPriorityGrouping  stm32f4xx_hal_cortex.o
    0x08002d68   0x08002d68   0x00000184   Code   RO         1366    i.HAL_RCC_ClockConfig  stm32f4xx_hal_rcc.o
    0x08002eec   0x08002eec   0x00000044   Code   RO         1370    i.HAL_RCC_GetClockConfig  stm32f4xx_hal_rcc.o
    0x08002f30   0x08002f30   0x0000000c   Code   RO         1371    i.HAL_RCC_GetHCLKFreq  stm32f4xx_hal_rcc.o
    0x08002f3c   0x08002f3c   0x00000020   Code   RO         1373    i.HAL_RCC_GetPCLK1Freq  stm32f4xx_hal_rcc.o
    0x08002f5c   0x08002f5c   0x00000020   Code   RO         1374    i.HAL_RCC_GetPCLK2Freq  stm32f4xx_hal_rcc.o
    0x08002f7c   0x08002f7c   0x000000b0   Code   RO         1375    i.HAL_RCC_GetSysClockFreq  stm32f4xx_hal_rcc.o
    0x0800302c   0x0800302c   0x00000488   Code   RO         1378    i.HAL_RCC_OscConfig  stm32f4xx_hal_rcc.o
    0x080034b4   0x080034b4   0x0000007c   Code   RO         2636    i.HAL_RNG_GenerateRandomNumber  stm32f4xx_hal_rng.o
    0x08003530   0x08003530   0x00000018   Code   RO         2639    i.HAL_RNG_GetRandomNumber  stm32f4xx_hal_rng.o
    0x08003548   0x08003548   0x00000034   Code   RO         2643    i.HAL_RNG_Init      stm32f4xx_hal_rng.o
    0x0800357c   0x0800357c   0x00000034   Code   RO          741    i.HAL_RNG_MspInit   rng.o
    0x080035b0   0x080035b0   0x00000002   Code   RO         3424    i.HAL_TIMEx_BreakCallback  stm32f4xx_hal_tim_ex.o
    0x080035b2   0x080035b2   0x00000002   Code   RO         3425    i.HAL_TIMEx_CommutCallback  stm32f4xx_hal_tim_ex.o
    0x080035b4   0x080035b4   0x000000b4   Code   RO         3442    i.HAL_TIMEx_MasterConfigSynchronization  stm32f4xx_hal_tim_ex.o
    0x08003668   0x08003668   0x00000034   Code   RO         2738    i.HAL_TIM_Base_Init  stm32f4xx_hal_tim.o
    0x0800369c   0x0800369c   0x00000084   Code   RO          783    i.HAL_TIM_Base_MspInit  tim.o
    0x08003720   0x08003720   0x0000002a   Code   RO         2743    i.HAL_TIM_Base_Start_IT  stm32f4xx_hal_tim.o
    0x0800374a   0x0800374a   0x00000108   Code   RO         2747    i.HAL_TIM_ConfigClockSource  stm32f4xx_hal_tim.o
    0x08003852   0x08003852   0x000000ae   Code   RO         2756    i.HAL_TIM_Encoder_Init  stm32f4xx_hal_tim.o
    0x08003900   0x08003900   0x00000084   Code   RO          785    i.HAL_TIM_Encoder_MspInit  tim.o
    0x08003984   0x08003984   0x0000004e   Code   RO         2759    i.HAL_TIM_Encoder_Start  stm32f4xx_hal_tim.o
    0x080039d2   0x080039d2   0x00000002   Code   RO         2767    i.HAL_TIM_IC_CaptureCallback  stm32f4xx_hal_tim.o
    0x080039d4   0x080039d4   0x00000196   Code   RO         2781    i.HAL_TIM_IRQHandler  stm32f4xx_hal_tim.o
    0x08003b6a   0x08003b6a   0x00000002   Code   RO         2784    i.HAL_TIM_OC_DelayElapsedCallback  stm32f4xx_hal_tim.o
    0x08003b6c   0x08003b6c   0x00000002   Code   RO         2811    i.HAL_TIM_PWM_PulseFinishedCallback  stm32f4xx_hal_tim.o
    0x08003b6e   0x08003b6e   0x00000002   PAD
    0x08003b70   0x08003b70   0x00000018   Code   RO          468    i.HAL_TIM_PeriodElapsedCallback  main.o
    0x08003b88   0x08003b88   0x00000002   Code   RO         2824    i.HAL_TIM_TriggerCallback  stm32f4xx_hal_tim.o
    0x08003b8a   0x08003b8a   0x00000002   Code   RO         3696    i.HAL_UART_ErrorCallback  stm32f4xx_hal_uart.o
    0x08003b8c   0x08003b8c   0x00000154   Code   RO         3699    i.HAL_UART_IRQHandler  stm32f4xx_hal_uart.o
    0x08003ce0   0x08003ce0   0x00000072   Code   RO         3700    i.HAL_UART_Init     stm32f4xx_hal_uart.o
    0x08003d52   0x08003d52   0x00000002   PAD
    0x08003d54   0x08003d54   0x00000384   Code   RO          849    i.HAL_UART_MspInit  usart.o
    0x080040d8   0x080040d8   0x00000002   Code   RO         3706    i.HAL_UART_RxCpltCallback  stm32f4xx_hal_uart.o
    0x080040da   0x080040da   0x00000002   PAD
    0x080040dc   0x080040dc   0x0000009c   Code   RO         3709    i.HAL_UART_Transmit_DMA  stm32f4xx_hal_uart.o
    0x08004178   0x08004178   0x00000002   Code   RO         3711    i.HAL_UART_TxCpltCallback  stm32f4xx_hal_uart.o
    0x0800417a   0x0800417a   0x00000002   Code   RO         3712    i.HAL_UART_TxHalfCpltCallback  stm32f4xx_hal_uart.o
    0x0800417c   0x0800417c   0x00000004   Code   RO          918    i.HardFault_Handler  stm32f4xx_it.o
    0x08004180   0x08004180   0x00000054   Code   RO         6415    i.I_PID_BetaGeneration  my_incrementpid_bate.o
    0x080041d4   0x080041d4   0x0000009c   Code   RO         6417    i.I_PID_Parameter_Init  my_incrementpid_bate.o
    0x08004270   0x08004270   0x000001d2   Code   RO         6418    i.I_PID_Regulation  my_incrementpid_bate.o
    0x08004442   0x08004442   0x00000002   PAD
    0x08004444   0x08004444   0x00000030   Code   RO         6325    i.JS_send_control   dr16_can2_send.o
    0x08004474   0x08004474   0x00000078   Code   RO         5726    i.JudgeSystem_Handler  rm_judgesystem.o
    0x080044ec   0x080044ec   0x00000458   Code   RO         5727    i.Judge_GetMessage  rm_judgesystem.o
    0x08004944   0x08004944   0x00000144   Code   RO         5554    i.M2006_getInfo     m2006.o
    0x08004a88   0x08004a88   0x0000012c   Code   RO         5506    i.M3508_getInfo     m3508.o
    0x08004bb4   0x08004bb4   0x00000078   Code   RO         5508    i.M3508s1_getInfo   m3508.o
    0x08004c2c   0x08004c2c   0x00000054   Code   RO         5509    i.M3508s1_setCurrent  m3508.o
    0x08004c80   0x08004c80   0x00000044   Code   RO          668    i.MX_CAN1_Init      can.o
    0x08004cc4   0x08004cc4   0x00000044   Code   RO          669    i.MX_CAN2_Init      can.o
    0x08004d08   0x08004d08   0x00000098   Code   RO          716    i.MX_DMA_Init       dma.o
    0x08004da0   0x08004da0   0x000000bc   Code   RO          565    i.MX_FREERTOS_Init  freertos.o
    0x08004e5c   0x08004e5c   0x000000e4   Code   RO          538    i.MX_GPIO_Init      gpio.o
    0x08004f40   0x08004f40   0x00000020   Code   RO          742    i.MX_RNG_Init       rng.o
    0x08004f60   0x08004f60   0x0000006c   Code   RO          786    i.MX_TIM3_Init      tim.o
    0x08004fcc   0x08004fcc   0x0000007c   Code   RO          787    i.MX_TIM5_Init      tim.o
    0x08005048   0x08005048   0x0000004c   Code   RO          788    i.MX_TIM7_Init      tim.o
    0x08005094   0x08005094   0x00000038   Code   RO          850    i.MX_UART8_Init     usart.o
    0x080050cc   0x080050cc   0x00000038   Code   RO          851    i.MX_USART1_UART_Init  usart.o
    0x08005104   0x08005104   0x00000038   Code   RO          852    i.MX_USART3_UART_Init  usart.o
    0x0800513c   0x0800513c   0x00000038   Code   RO          853    i.MX_USART6_UART_Init  usart.o
    0x08005174   0x08005174   0x00000004   Code   RO          919    i.MemManage_Handler  stm32f4xx_it.o
    0x08005178   0x08005178   0x00000002   Code   RO          920    i.NMI_Handler       stm32f4xx_it.o
    0x0800517a   0x0800517a   0x00000002   PAD
    0x0800517c   0x0800517c   0x00000298   Code   RO         5351    i.NM_swj            dr16_recive.o
    0x08005414   0x08005414   0x0000016c   Code   RO            4    i.PITCH_PID         my_cloud_control.o
    0x08005580   0x08005580   0x00000024   Code   RO         6373    i.P_PID_BetaGeneration  my_positionpid_bate.o
    0x080055a4   0x080055a4   0x00000088   Code   RO         6374    i.P_PID_Parameter_Init  my_positionpid_bate.o
    0x0800562c   0x0800562c   0x00000180   Code   RO         6375    i.P_PID_bate        my_positionpid_bate.o
    0x080057ac   0x080057ac   0x00000054   Code   RO          235    i.Power_Calculate   my_chassis_control.o
    0x08005800   0x08005800   0x00000088   Code   RO         6533    i.Ramp_Function     user_math.o
    0x08005888   0x08005888   0x00000264   Code   RO          236    i.Random_CHASSIS    my_chassis_control.o
    0x08005aec   0x08005aec   0x00000158   Code   RO          566    i.Robot_Control     freertos.o
    0x08005c44   0x08005c44   0x0000000a   Code   RO          567    i.StartDefaultTask  freertos.o
    0x08005c4e   0x08005c4e   0x00000002   PAD
    0x08005c50   0x08005c50   0x00000034   Code   RO         5270    i.SysTick_Handler   port.o
    0x08005c84   0x08005c84   0x000000b4   Code   RO          470    i.SystemClock_Config  main.o
    0x08005d38   0x08005d38   0x0000001c   Code   RO         4007    i.SystemInit        system_stm32f4xx.o
    0x08005d54   0x08005d54   0x00000034   Code   RO          921    i.TIM3_IRQHandler   stm32f4xx_it.o
    0x08005d88   0x08005d88   0x00000010   Code   RO          922    i.TIM6_DAC_IRQHandler  stm32f4xx_it.o
    0x08005d98   0x08005d98   0x000001b0   Code   RO          923    i.TIM7_IRQHandler   stm32f4xx_it.o
    0x08005f48   0x08005f48   0x000000d8   Code   RO         2826    i.TIM_Base_SetConfig  stm32f4xx_hal_tim.o
    0x08006020   0x08006020   0x00000022   Code   RO         2827    i.TIM_CCxChannelCmd  stm32f4xx_hal_tim.o
    0x08006042   0x08006042   0x00000016   Code   RO         2837    i.TIM_ETR_SetConfig  stm32f4xx_hal_tim.o
    0x08006058   0x08006058   0x00000012   Code   RO         2838    i.TIM_ITRx_SetConfig  stm32f4xx_hal_tim.o
    0x0800606a   0x0800606a   0x00000026   Code   RO         2844    i.TIM_TI1_ConfigInputStage  stm32f4xx_hal_tim.o
    0x08006090   0x08006090   0x00000028   Code   RO         2846    i.TIM_TI2_ConfigInputStage  stm32f4xx_hal_tim.o
    0x080060b8   0x080060b8   0x00000024   Code   RO          924    i.UART8_IRQHandler  stm32f4xx_it.o
    0x080060dc   0x080060dc   0x00000014   Code   RO         3713    i.UART_DMAAbortOnError  stm32f4xx_hal_uart.o
    0x080060f0   0x080060f0   0x00000050   Code   RO         3714    i.UART_DMAError     stm32f4xx_hal_uart.o
    0x08006140   0x08006140   0x00000036   Code   RO         3719    i.UART_DMATransmitCplt  stm32f4xx_hal_uart.o
    0x08006176   0x08006176   0x0000000e   Code   RO         3721    i.UART_DMATxHalfCplt  stm32f4xx_hal_uart.o
    0x08006184   0x08006184   0x00000020   Code   RO         3723    i.UART_EndRxTransfer  stm32f4xx_hal_uart.o
    0x080061a4   0x080061a4   0x00000020   Code   RO         3724    i.UART_EndTransmit_IT  stm32f4xx_hal_uart.o
    0x080061c4   0x080061c4   0x00000014   Code   RO         3725    i.UART_EndTxTransfer  stm32f4xx_hal_uart.o
    0x080061d8   0x080061d8   0x000000a6   Code   RO         3726    i.UART_Receive_IT   stm32f4xx_hal_uart.o
    0x0800627e   0x0800627e   0x00000002   PAD
    0x08006280   0x08006280   0x000003e8   Code   RO         3727    i.UART_SetConfig    stm32f4xx_hal_uart.o
    0x08006668   0x08006668   0x00000068   Code   RO         3728    i.UART_Transmit_IT  stm32f4xx_hal_uart.o
    0x080066d0   0x080066d0   0x00000014   Code   RO          925    i.USART1_IRQHandler  stm32f4xx_it.o
    0x080066e4   0x080066e4   0x00000024   Code   RO          926    i.USART3_IRQHandler  stm32f4xx_it.o
    0x08006708   0x08006708   0x00000010   Code   RO          927    i.USART6_IRQHandler  stm32f4xx_it.o
    0x08006718   0x08006718   0x00000044   Code   RO         5641    i.USART_RX_DMA_ENABLE  user_uart.o
    0x0800675c   0x0800675c   0x00000044   Code   RO         5353    i.USART_Receive_DMA_NO_IT  dr16_recive.o
    0x080067a0   0x080067a0   0x00000160   Code   RO         6571    i.Updata_Hand_Euler_Gyro_Data  dji_c_imu.o
    0x08006900   0x08006900   0x00000004   Code   RO          928    i.UsageFault_Handler  stm32f4xx_it.o
    0x08006904   0x08006904   0x00000040   Code   RO         5790    i.Verify_CRC16_Check_Sum  rm_judgesystem.o
    0x08006944   0x08006944   0x00000138   Code   RO         5579    i.Vision_DataReceive  vision.o
    0x08006a7c   0x08006a7c   0x00000070   Code   RO         5581    i.Vision_Handler    vision.o
    0x08006aec   0x08006aec   0x00000064   Code   RO            5    i.YAW_PID           my_cloud_control.o
    0x08006b50   0x08006b50   0x00000010   Code   RO         2242    i.__NVIC_GetPriorityGrouping  stm32f4xx_hal_cortex.o
    0x08006b60   0x08006b60   0x00000028   Code   RO         2243    i.__NVIC_SetPriority  stm32f4xx_hal_cortex.o
    0x08006b88   0x08006b88   0x00000014   Code   RO         6624    i.__hardfp_fabs     m_wm.l(fabs.o)
    0x08006b9c   0x08006b9c   0x0000000e   Code   RO         6968    i.__scatterload_copy  mc_w.l(handlers.o)
    0x08006baa   0x08006baa   0x00000002   Code   RO         6969    i.__scatterload_null  mc_w.l(handlers.o)
    0x08006bac   0x08006bac   0x0000000e   Code   RO         6970    i.__scatterload_zeroinit  mc_w.l(handlers.o)
    0x08006bba   0x08006bba   0x0000000c   Code   RO            6    i.cloud_control     my_cloud_control.o
    0x08006bc6   0x08006bc6   0x00000002   PAD
    0x08006bc8   0x08006bc8   0x00000068   Code   RO          339    i.driver_plate_control  my_shoot_control.o
    0x08006c30   0x08006c30   0x000000fc   Code   RO         6572    i.imu_angle         dji_c_imu.o
    0x08006d2c   0x08006d2c   0x0000046c   Code   RO          568    i.init_task         freertos.o
    0x08007198   0x08007198   0x00000068   Code   RO          471    i.main              main.o
    0x08007200   0x08007200   0x0000000e   Code   RO         4841    i.makeFreeRtosPriority  cmsis_os.o
    0x0800720e   0x0800720e   0x00000018   Code   RO         4843    i.osDelay           cmsis_os.o
    0x08007226   0x08007226   0x0000000a   Code   RO         4846    i.osKernelStart     cmsis_os.o
    0x08007230   0x08007230   0x0000005e   Code   RO         4880    i.osThreadCreate    cmsis_os.o
    0x0800728e   0x0800728e   0x00000002   PAD
    0x08007290   0x08007290   0x00000098   Code   RO         4518    i.prvAddCurrentTaskToDelayedList  tasks.o
    0x08007328   0x08007328   0x000000b4   Code   RO         4519    i.prvAddNewTaskToReadyList  tasks.o
    0x080073dc   0x080073dc   0x00000048   Code   RO         4520    i.prvCheckTasksWaitingTermination  tasks.o
    0x08007424   0x08007424   0x0000002a   Code   RO         4184    i.prvCopyDataFromQueue  queue.o
    0x0800744e   0x0800744e   0x0000007e   Code   RO         4185    i.prvCopyDataToQueue  queue.o
    0x080074cc   0x080074cc   0x00000050   Code   RO         4521    i.prvDeleteTCB      tasks.o
    0x0800751c   0x0800751c   0x0000007c   Code   RO         5208    i.prvHeapInit       heap_4.o
    0x08007598   0x08007598   0x00000028   Code   RO         4522    i.prvIdleTask       tasks.o
    0x080075c0   0x080075c0   0x00000026   Code   RO         4188    i.prvInitialiseNewQueue  queue.o
    0x080075e6   0x080075e6   0x000000b4   Code   RO         4523    i.prvInitialiseNewTask  tasks.o
    0x0800769a   0x0800769a   0x00000002   PAD
    0x0800769c   0x0800769c   0x00000068   Code   RO         4524    i.prvInitialiseTaskLists  tasks.o
    0x08007704   0x08007704   0x00000068   Code   RO         5209    i.prvInsertBlockIntoFreeList  heap_4.o
    0x0800776c   0x0800776c   0x0000001a   Code   RO         4189    i.prvIsQueueEmpty   queue.o
    0x08007786   0x08007786   0x00000002   PAD
    0x08007788   0x08007788   0x00000034   Code   RO         4525    i.prvResetNextTaskUnblockTime  tasks.o
    0x080077bc   0x080077bc   0x00000040   Code   RO         5271    i.prvTaskExitError  port.o
    0x080077fc   0x080077fc   0x0000007e   Code   RO         4191    i.prvUnlockQueue    queue.o
    0x0800787a   0x0800787a   0x00000002   PAD
    0x0800787c   0x0800787c   0x0000013c   Code   RO         5210    i.pvPortMalloc      heap_4.o
    0x080079b8   0x080079b8   0x0000002c   Code   RO         5272    i.pxPortInitialiseStack  port.o
    0x080079e4   0x080079e4   0x000000f0   Code   RO          340    i.shoot_control     my_shoot_control.o
    0x08007ad4   0x08007ad4   0x00000208   Code   RO          421    i.switch_change     chassis_control_basic.o
    0x08007cdc   0x08007cdc   0x00000050   Code   RO         5354    i.usart1_dr16_init  dr16_recive.o
    0x08007d2c   0x08007d2c   0x00000028   Code   RO         4144    i.uxListRemove      list.o
    0x08007d54   0x08007d54   0x00000018   Code   RO          569    i.vApplicationGetIdleTaskMemory  freertos.o
    0x08007d6c   0x08007d6c   0x0000001a   Code   RO         4145    i.vListInitialise   list.o
    0x08007d86   0x08007d86   0x00000006   Code   RO         4146    i.vListInitialiseItem  list.o
    0x08007d8c   0x08007d8c   0x00000034   Code   RO         4147    i.vListInsert       list.o
    0x08007dc0   0x08007dc0   0x00000018   Code   RO         4148    i.vListInsertEnd    list.o
    0x08007dd8   0x08007dd8   0x00000054   Code   RO         5274    i.vPortEnterCritical  port.o
    0x08007e2c   0x08007e2c   0x0000003c   Code   RO         5275    i.vPortExitCritical  port.o
    0x08007e68   0x08007e68   0x00000094   Code   RO         5211    i.vPortFree         heap_4.o
    0x08007efc   0x08007efc   0x00000028   Code   RO         5276    i.vPortSetupTimerInterrupt  port.o
    0x08007f24   0x08007f24   0x00000078   Code   RO         5277    i.vPortValidateInterruptPriority  port.o
    0x08007f9c   0x08007f9c   0x0000005c   Code   RO         4533    i.vTaskDelay        tasks.o
    0x08007ff8   0x08007ff8   0x000000d4   Code   RO         4534    i.vTaskDelayUntil   tasks.o
    0x080080cc   0x080080cc   0x000000f4   Code   RO         4535    i.vTaskDelete       tasks.o
    0x080081c0   0x080081c0   0x00000018   Code   RO         4537    i.vTaskInternalSetTimeOutState  tasks.o
    0x080081d8   0x080081d8   0x0000000c   Code   RO         4538    i.vTaskMissedYield  tasks.o
    0x080081e4   0x080081e4   0x00000038   Code   RO         4540    i.vTaskPlaceOnEventList  tasks.o
    0x0800821c   0x0800821c   0x000000b0   Code   RO         4547    i.vTaskStartScheduler  tasks.o
    0x080082cc   0x080082cc   0x00000010   Code   RO         4549    i.vTaskSuspendAll   tasks.o
    0x080082dc   0x080082dc   0x0000008c   Code   RO         4550    i.vTaskSwitchContext  tasks.o
    0x08008368   0x08008368   0x00000168   Code   RO         5278    i.xPortStartScheduler  port.o
    0x080084d0   0x080084d0   0x00000060   Code   RO         4200    i.xQueueGenericCreate  queue.o
    0x08008530   0x08008530   0x00000098   Code   RO         4202    i.xQueueGenericReset  queue.o
    0x080085c8   0x080085c8   0x000000f8   Code   RO         4204    i.xQueueGenericSendFromISR  queue.o
    0x080086c0   0x080086c0   0x00000168   Code   RO         4210    i.xQueueReceive     queue.o
    0x08008828   0x08008828   0x0000008c   Code   RO         4551    i.xTaskCheckForTimeOut  tasks.o
    0x080088b4   0x080088b4   0x00000064   Code   RO         4552    i.xTaskCreate       tasks.o
    0x08008918   0x08008918   0x000000ba   Code   RO         4553    i.xTaskCreateStatic  tasks.o
    0x080089d2   0x080089d2   0x00000002   PAD
    0x080089d4   0x080089d4   0x00000020   Code   RO         4557    i.xTaskGetSchedulerState  tasks.o
    0x080089f4   0x080089f4   0x0000000c   Code   RO         4558    i.xTaskGetTickCount  tasks.o
    0x08008a00   0x08008a00   0x00000148   Code   RO         4560    i.xTaskIncrementTick  tasks.o
    0x08008b48   0x08008b48   0x000000c8   Code   RO         4563    i.xTaskPriorityDisinherit  tasks.o
    0x08008c10   0x08008c10   0x00000098   Code   RO         4565    i.xTaskRemoveFromEventList  tasks.o
    0x08008ca8   0x08008ca8   0x00000104   Code   RO         4566    i.xTaskResumeAll    tasks.o
    0x08008dac   0x08008dac   0x000000a8   Data   RO          571    .constdata          freertos.o
    0x08008e54   0x08008e54   0x00000008   Data   RO         1941    .constdata          stm32f4xx_hal_dma.o
    0x08008e5c   0x08008e5c   0x00000018   Data   RO         4008    .constdata          system_stm32f4xx.o
    0x08008e74   0x08008e74   0x00000302   Data   RO         5800    .constdata          rm_judgesystem.o
    0x08009176   0x08009176   0x00000100   Data   RO         6466    .constdata          crc.o
    0x08009276   0x08009276   0x00000002   PAD
    0x08009278   0x08009278   0x0000004a   Data   RO          572    .conststring        freertos.o
    0x080092c2   0x080092c2   0x00000002   PAD
    0x080092c4   0x080092c4   0x00000020   Data   RO         6966    Region$$Table       anon$$obj.o


    Execution Region RW_IRAM2 (Exec base: 0x10000000, Load base: 0x0800935c, Size: 0x00000000, Max: 0x00010000, ABSOLUTE)

    **** No section assigned to this execution region ****


    Execution Region RW_IRAM1 (Exec base: 0x20000000, Load base: 0x080092e4, Size: 0x00007ea0, Max: 0x00030000, ABSOLUTE, COMPRESSED[0x00000078])

    Exec Addr    Load Addr    Size         Type   Attr      Idx    E Section Name        Object

    0x20000000   COMPRESSED   0x00000004   Data   RW            7    .data               my_cloud_control.o
    0x20000004   COMPRESSED   0x00000021   Data   RW          239    .data               my_chassis_control.o
    0x20000025   COMPRESSED   0x00000003   PAD
    0x20000028   COMPRESSED   0x00000011   Data   RW          382    .data               chassis_control_2.o
    0x20000039   COMPRESSED   0x00000002   Data   RW          422    .data               chassis_control_basic.o
    0x2000003b   COMPRESSED   0x00000001   PAD
    0x2000003c   COMPRESSED   0x00000110   Data   RW          474    .data               main.o
    0x2000014c   COMPRESSED   0x0000002c   Data   RW          573    .data               freertos.o
    0x20000178   COMPRESSED   0x00000004   Data   RW          671    .data               can.o
    0x2000017c   COMPRESSED   0x00000024   Data   RW          930    .data               stm32f4xx_it.o
    0x200001a0   COMPRESSED   0x00000009   Data   RW         2393    .data               stm32f4xx_hal.o
    0x200001a9   COMPRESSED   0x00000003   PAD
    0x200001ac   COMPRESSED   0x00000004   Data   RW         4009    .data               system_stm32f4xx.o
    0x200001b0   COMPRESSED   0x0000003c   Data   RW         4569    .data               tasks.o
    0x200001ec   COMPRESSED   0x00000018   Data   RW         5216    .data               heap_4.o
    0x20000204   COMPRESSED   0x0000000c   Data   RW         5279    .data               port.o
    0x20000210   COMPRESSED   0x0000005e   Data   RW         5356    .data               dr16_recive.o
    0x2000026e   COMPRESSED   0x0000005f   Data   RW         5585    .data               vision.o
    0x200002cd   COMPRESSED   0x00000003   PAD
    0x200002d0   COMPRESSED   0x00000008   Data   RW         5667    .data               timer.o
    0x200002d8   COMPRESSED   0x0000005a   Data   RW         5801    .data               rm_judgesystem.o
    0x20000332   COMPRESSED   0x00000008   Data   RW         6327    .data               dr16_can2_send.o
    0x2000033a   COMPRESSED   0x00000002   PAD
    0x2000033c   COMPRESSED   0x00000004   Data   RW         6377    .data               my_positionpid_bate.o
    0x20000340   COMPRESSED   0x00000018   Data   RW         6574    .data               dji_c_imu.o
    0x20000358        -       0x000000a4   Zero   RW          237    .bss                my_chassis_control.o
    0x200003fc        -       0x000003e4   Zero   RW          570    .bss                freertos.o
    0x200007e0        -       0x00000050   Zero   RW          670    .bss                can.o
    0x20000830        -       0x00000010   Zero   RW          743    .bss                rng.o
    0x20000840        -       0x000000c0   Zero   RW          789    .bss                tim.o
    0x20000900        -       0x000002e0   Zero   RW          854    .bss                usart.o
    0x20000be0        -       0x00000048   Zero   RW          929    .bss                stm32f4xx_it.o
    0x20000c28        -       0x00000040   Zero   RW         1095    .bss                stm32f4xx_hal_timebase_tim_1.o
    0x20000c68        -       0x000000f0   Zero   RW         4568    .bss                tasks.o
    0x20000d58        -       0x00003c00   Zero   RW         5215    .bss                heap_4.o
    0x20004958        -       0x00000068   Zero   RW         5355    .bss                dr16_recive.o
    0x200049c0        -       0x00000020   Zero   RW         5418    .bss                bsp_can.o
    0x200049e0        -       0x00000090   Zero   RW         5467    .bss                gm6020.o
    0x20004a70        -       0x00000210   Zero   RW         5510    .bss                m3508.o
    0x20004c80        -       0x00000048   Zero   RW         5584    .bss                vision.o
    0x20004cc8        -       0x00000c13   Zero   RW         5799    .bss                rm_judgesystem.o
    0x200058db        -       0x00000018   Zero   RW         6326    .bss                dr16_can2_send.o
    0x200058f3   COMPRESSED   0x00000001   PAD
    0x200058f4        -       0x000003c0   Zero   RW         6376    .bss                my_positionpid_bate.o
    0x20005cb4        -       0x00000170   Zero   RW         6419    .bss                my_incrementpid_bate.o
    0x20005e24        -       0x0000003c   Zero   RW         6499    .bss                fps_calculate.o
    0x20005e60        -       0x00000040   Zero   RW         6573    .bss                dji_c_imu.o
    0x20005ea0        -       0x00002000   Zero   RW          457    STACK               startup_stm32f427xx.o


==============================================================================

Image component sizes


      Code (inc. data)   RO Data    RW Data    ZI Data      Debug   Object Name

       284         26          0          0         32       3274   bsp_can.o
       492         42          0          4         80       2434   can.o
       500         72          0         17          0       1084   chassis_control_2.o
       520         54          0          2          0        890   chassis_control_basic.o
       142          0          0          0          0      22739   cmsis_os.o
        36          6        256          0          0       1224   crc.o
       792        104          0         24         64       4318   dji_c_imu.o
       152          6          0          0          0        910   dma.o
       188         52          0          8         24       3294   dr16_can2_send.o
      1348         96          0         94        104       6063   dr16_recive.o
         0          0          0          0          0      18708   event_groups.o
       110         16          0          0         60       2208   fps_calculate.o
      2178        430        242         44        996      12055   freertos.o
       784         26          0          0        144       3246   gm6020.o
       228          8          0          0          0       1119   gpio.o
       692         62          0         24      15360       7259   heap_4.o
       148          0          0          0          0       3538   list.o
       324          8          0          0          0        592   m2006.o
       504         14          0          0        528       3196   m3508.o
       310         24          0        272          0       6413   main.o
      1472        196          0         33        164      10784   my_chassis_control.o
       476         82          0          4          0     778384   my_cloud_control.o
       706          6          0          0        368       4048   my_incrementpid_bate.o
       556         10          0          4        960       4362   my_positionpid_bate.o
       344         56          0          0          0       1027   my_shoot_control.o
      1014         92          0         12          0      11853   port.o
      1214         10          0          0          0      12786   queue.o
      1348        112        770         90       3091      29572   rm_judgesystem.o
        84         18          0          0         16       1511   rng.o
        36          8        428          0       8192        780   startup_stm32f427xx.o
       136         24          0          9          0       8810   stm32f4xx_hal.o
      2092          6          0          0          0      13176   stm32f4xx_hal_can.o
       252         22          0          0          0      33522   stm32f4xx_hal_cortex.o
      1366         16          8          0          0       6982   stm32f4xx_hal_dma.o
       556         54          0          0          0       2391   stm32f4xx_hal_gpio.o
        72          4          0          0          0        926   stm32f4xx_hal_msp.o
      1868         94          0          0          0       6181   stm32f4xx_hal_rcc.o
       200          0          0          0          0       2664   stm32f4xx_hal_rng.o
      1392         46          0          0          0      11542   stm32f4xx_hal_tim.o
       184         30          0          0          0       2513   stm32f4xx_hal_tim_ex.o
       140         18          0          0         64       1515   stm32f4xx_hal_timebase_tim_1.o
      2140         26          0          0          0      11397   stm32f4xx_hal_uart.o
       920        216          0         36         72      11840   stm32f4xx_it.o
         0          0          0          0          0        392   stream_buffer.o
        28          4         24          4          0       1203   system_stm32f4xx.o
      3242        400          0         60        240      27976   tasks.o
       572         52          0          0        192       3630   tim.o
         0          0          0          8          0        223   timer.o
      1124        106          0          0        736       4117   usart.o
       184          6          0          0          0       1543   user_math.o
        68          0          0          0          0       1062   user_uart.o
       424         32          0         95         72       3257   vision.o

    ----------------------------------------------------------------------
     33984       2792       1764        856      31560    1116533   Object Totals
         0          0         32          0          0          0   (incl. Generated)
        42          0          4         12          1          0   (incl. Padding)

    ----------------------------------------------------------------------

      Code (inc. data)   RO Data    RW Data    ZI Data      Debug   Library Member Name

        20          0          0          0          0        124   fabs.o
        86          0          0          0          0          0   __dczerorl2.o
         0          0          0          0          0          0   entry.o
         0          0          0          0          0          0   entry10a.o
         0          0          0          0          0          0   entry11a.o
         8          4          0          0          0          0   entry2.o
         4          0          0          0          0          0   entry5.o
         0          0          0          0          0          0   entry7b.o
         0          0          0          0          0          0   entry8b.o
         8          4          0          0          0          0   entry9a.o
        30          0          0          0          0          0   handlers.o
        36          8          0          0          0         68   init.o
         0          0          0          0          0          0   iusefp.o
        30          0          0          0          0         68   llshl.o
        36          0          0          0          0         68   llsshr.o
        32          0          0          0          0         68   llushr.o
        36          0          0          0          0         68   memcpya.o
        36          0          0          0          0        108   memseta.o
        98          0          0          0          0         92   uldiv.o
        48          0          0          0          0         68   cdcmple.o
        56          0          0          0          0         88   d2f.o
       334          0          0          0          0        148   dadd.o
       222          0          0          0          0        100   ddiv.o
       186          0          0          0          0        176   depilogue.o
        62          0          0          0          0         80   dfixi.o
        50          0          0          0          0         76   dfixui.o
        34          0          0          0          0         76   dflti.o
        26          0          0          0          0         76   dfltui.o
       228          0          0          0          0         96   dmul.o
        38          0          0          0          0         68   f2d.o
       110          0          0          0          0        168   fepilogue.o

    ----------------------------------------------------------------------
      1856         16          0          0          0       1884   Library Totals
         2          0          0          0          0          0   (incl. Padding)

    ----------------------------------------------------------------------

      Code (inc. data)   RO Data    RW Data    ZI Data      Debug   Library Name

        20          0          0          0          0        124   m_wm.l
       440         16          0          0          0        540   mc_w.l
      1394          0          0          0          0       1220   mf_w.l

    ----------------------------------------------------------------------
      1856         16          0          0          0       1884   Library Totals

    ----------------------------------------------------------------------

==============================================================================


      Code (inc. data)   RO Data    RW Data    ZI Data      Debug   

     35840       2808       1764        856      31560    1094169   Grand Totals
     35840       2808       1764        120      31560    1094169   ELF Image Totals (compressed)
     35840       2808       1764        120          0          0   ROM Totals

==============================================================================

    Total RO  Size (Code + RO Data)                37604 (  36.72kB)
    Total RW  Size (RW Data + ZI Data)             32416 (  31.66kB)
    Total ROM Size (Code + RO Data + RW Data)      37724 (  36.84kB)

==============================================================================

